<!doctype html public "-//w3c//dtd html 4.0 transitional//en">
<html><head>
<title>Static Call Graph - [.\Test-standard-lib.axf]</title></head>
<body><HR>
<H1>Static Call Graph for image .\Test-standard-lib.axf</H1><HR>
<BR><P>#&#060CALLGRAPH&#062# ARM Linker, 5060020: Last Updated: Tue Aug 18 17:57:27 2026
<BR><P>
<H3>Maximum Stack Usage =        416 bytes + Unknown(Functions without stacksize, Cycles, Untraceable Function Pointers)</H3><H3>
Call chain for Maximum Stack Depth:</H3>
__rt_entry_main &rArr; main &rArr; task_uart_frames &rArr; RobotArmProtocol_HandleFrame &rArr; RobotArmProtocol_MoveAxisRelative &rArr; RobotArm_MoveZRelative &rArr; RobotArm_StartSingleRelative &rArr; RobotArm_StartAxisMoveInternal &rArr; RobotArmDriver_Start &rArr; stepdma_pb11_request_trap &rArr; stepdma_pb11_move_trap &rArr; trap_get_f &rArr; isqrt_u64
<P>
<H3>
Functions with no stack information
</H3><UL>
 <LI><a href="#[5f]">__user_initial_stackheap</a>
</UL>
</UL>
<P>
<H3>
Mutually Recursive functions
</H3> <LI><a href="#[20]">ADC1_2_IRQHandler</a>&nbsp;&nbsp;&nbsp;&rArr;&nbsp;&nbsp;&nbsp;<a href="#[20]">ADC1_2_IRQHandler</a><BR>
</UL>
<P>
<H3>
Function Pointers
</H3><UL>
 <LI><a href="#[20]">ADC1_2_IRQHandler</a> from startup_stm32f10x_hd.o(.text) referenced from startup_stm32f10x_hd.o(RESET)
 <LI><a href="#[3d]">ADC3_IRQHandler</a> from startup_stm32f10x_hd.o(.text) referenced from startup_stm32f10x_hd.o(RESET)
 <LI><a href="#[8]">BusFault_Handler</a> from stm32f10x_it.o(i.BusFault_Handler) referenced from startup_stm32f10x_hd.o(RESET)
 <LI><a href="#[23]">CAN1_RX1_IRQHandler</a> from startup_stm32f10x_hd.o(.text) referenced from startup_stm32f10x_hd.o(RESET)
 <LI><a href="#[24]">CAN1_SCE_IRQHandler</a> from startup_stm32f10x_hd.o(.text) referenced from startup_stm32f10x_hd.o(RESET)
 <LI><a href="#[19]">DMA1_Channel1_IRQHandler</a> from startup_stm32f10x_hd.o(.text) referenced from startup_stm32f10x_hd.o(RESET)
 <LI><a href="#[1a]">DMA1_Channel2_IRQHandler</a> from startup_stm32f10x_hd.o(.text) referenced from startup_stm32f10x_hd.o(RESET)
 <LI><a href="#[1b]">DMA1_Channel3_IRQHandler</a> from startup_stm32f10x_hd.o(.text) referenced from startup_stm32f10x_hd.o(RESET)
 <LI><a href="#[1c]">DMA1_Channel4_IRQHandler</a> from startup_stm32f10x_hd.o(.text) referenced from startup_stm32f10x_hd.o(RESET)
 <LI><a href="#[1d]">DMA1_Channel5_IRQHandler</a> from startup_stm32f10x_hd.o(.text) referenced from startup_stm32f10x_hd.o(RESET)
 <LI><a href="#[1e]">DMA1_Channel6_IRQHandler</a> from startup_stm32f10x_hd.o(.text) referenced from startup_stm32f10x_hd.o(RESET)
 <LI><a href="#[1f]">DMA1_Channel7_IRQHandler</a> from startup_stm32f10x_hd.o(.text) referenced from startup_stm32f10x_hd.o(RESET)
 <LI><a href="#[46]">DMA2_Channel1_IRQHandler</a> from startup_stm32f10x_hd.o(.text) referenced from startup_stm32f10x_hd.o(RESET)
 <LI><a href="#[47]">DMA2_Channel2_IRQHandler</a> from step_dma.o(i.DMA2_Channel2_IRQHandler) referenced from startup_stm32f10x_hd.o(RESET)
 <LI><a href="#[48]">DMA2_Channel3_IRQHandler</a> from step_dma.o(i.DMA2_Channel3_IRQHandler) referenced from startup_stm32f10x_hd.o(RESET)
 <LI><a href="#[49]">DMA2_Channel4_5_IRQHandler</a> from step_dma.o(i.DMA2_Channel4_5_IRQHandler) referenced from startup_stm32f10x_hd.o(RESET)
 <LI><a href="#[b]">DebugMon_Handler</a> from stm32f10x_it.o(i.DebugMon_Handler) referenced from startup_stm32f10x_hd.o(RESET)
 <LI><a href="#[14]">EXTI0_IRQHandler</a> from startup_stm32f10x_hd.o(.text) referenced from startup_stm32f10x_hd.o(RESET)
 <LI><a href="#[36]">EXTI15_10_IRQHandler</a> from startup_stm32f10x_hd.o(.text) referenced from startup_stm32f10x_hd.o(RESET)
 <LI><a href="#[15]">EXTI1_IRQHandler</a> from startup_stm32f10x_hd.o(.text) referenced from startup_stm32f10x_hd.o(RESET)
 <LI><a href="#[16]">EXTI2_IRQHandler</a> from startup_stm32f10x_hd.o(.text) referenced from startup_stm32f10x_hd.o(RESET)
 <LI><a href="#[17]">EXTI3_IRQHandler</a> from startup_stm32f10x_hd.o(.text) referenced from startup_stm32f10x_hd.o(RESET)
 <LI><a href="#[18]">EXTI4_IRQHandler</a> from startup_stm32f10x_hd.o(.text) referenced from startup_stm32f10x_hd.o(RESET)
 <LI><a href="#[25]">EXTI9_5_IRQHandler</a> from startup_stm32f10x_hd.o(.text) referenced from startup_stm32f10x_hd.o(RESET)
 <LI><a href="#[12]">FLASH_IRQHandler</a> from startup_stm32f10x_hd.o(.text) referenced from startup_stm32f10x_hd.o(RESET)
 <LI><a href="#[3e]">FSMC_IRQHandler</a> from startup_stm32f10x_hd.o(.text) referenced from startup_stm32f10x_hd.o(RESET)
 <LI><a href="#[6]">HardFault_Handler</a> from stm32f10x_it.o(i.HardFault_Handler) referenced from startup_stm32f10x_hd.o(RESET)
 <LI><a href="#[2e]">I2C1_ER_IRQHandler</a> from startup_stm32f10x_hd.o(.text) referenced from startup_stm32f10x_hd.o(RESET)
 <LI><a href="#[2d]">I2C1_EV_IRQHandler</a> from startup_stm32f10x_hd.o(.text) referenced from startup_stm32f10x_hd.o(RESET)
 <LI><a href="#[30]">I2C2_ER_IRQHandler</a> from startup_stm32f10x_hd.o(.text) referenced from startup_stm32f10x_hd.o(RESET)
 <LI><a href="#[2f]">I2C2_EV_IRQHandler</a> from startup_stm32f10x_hd.o(.text) referenced from startup_stm32f10x_hd.o(RESET)
 <LI><a href="#[7]">MemManage_Handler</a> from stm32f10x_it.o(i.MemManage_Handler) referenced from startup_stm32f10x_hd.o(RESET)
 <LI><a href="#[5]">NMI_Handler</a> from stm32f10x_it.o(i.NMI_Handler) referenced from startup_stm32f10x_hd.o(RESET)
 <LI><a href="#[f]">PVD_IRQHandler</a> from startup_stm32f10x_hd.o(.text) referenced from startup_stm32f10x_hd.o(RESET)
 <LI><a href="#[c]">PendSV_Handler</a> from stm32f10x_it.o(i.PendSV_Handler) referenced from startup_stm32f10x_hd.o(RESET)
 <LI><a href="#[13]">RCC_IRQHandler</a> from startup_stm32f10x_hd.o(.text) referenced from startup_stm32f10x_hd.o(RESET)
 <LI><a href="#[37]">RTCAlarm_IRQHandler</a> from startup_stm32f10x_hd.o(.text) referenced from startup_stm32f10x_hd.o(RESET)
 <LI><a href="#[11]">RTC_IRQHandler</a> from startup_stm32f10x_hd.o(.text) referenced from startup_stm32f10x_hd.o(RESET)
 <LI><a href="#[4]">Reset_Handler</a> from startup_stm32f10x_hd.o(.text) referenced from startup_stm32f10x_hd.o(RESET)
 <LI><a href="#[3f]">SDIO_IRQHandler</a> from startup_stm32f10x_hd.o(.text) referenced from startup_stm32f10x_hd.o(RESET)
 <LI><a href="#[31]">SPI1_IRQHandler</a> from startup_stm32f10x_hd.o(.text) referenced from startup_stm32f10x_hd.o(RESET)
 <LI><a href="#[32]">SPI2_IRQHandler</a> from startup_stm32f10x_hd.o(.text) referenced from startup_stm32f10x_hd.o(RESET)
 <LI><a href="#[41]">SPI3_IRQHandler</a> from startup_stm32f10x_hd.o(.text) referenced from startup_stm32f10x_hd.o(RESET)
 <LI><a href="#[a]">SVC_Handler</a> from stm32f10x_it.o(i.SVC_Handler) referenced from startup_stm32f10x_hd.o(RESET)
 <LI><a href="#[d]">SysTick_Handler</a> from stm32f10x_it.o(i.SysTick_Handler) referenced from startup_stm32f10x_hd.o(RESET)
 <LI><a href="#[4a]">SystemInit</a> from system_stm32f10x.o(i.SystemInit) referenced from startup_stm32f10x_hd.o(.text)
 <LI><a href="#[10]">TAMPER_IRQHandler</a> from startup_stm32f10x_hd.o(.text) referenced from startup_stm32f10x_hd.o(RESET)
 <LI><a href="#[26]">TIM1_BRK_IRQHandler</a> from startup_stm32f10x_hd.o(.text) referenced from startup_stm32f10x_hd.o(RESET)
 <LI><a href="#[29]">TIM1_CC_IRQHandler</a> from startup_stm32f10x_hd.o(.text) referenced from startup_stm32f10x_hd.o(RESET)
 <LI><a href="#[28]">TIM1_TRG_COM_IRQHandler</a> from startup_stm32f10x_hd.o(.text) referenced from startup_stm32f10x_hd.o(RESET)
 <LI><a href="#[27]">TIM1_UP_IRQHandler</a> from startup_stm32f10x_hd.o(.text) referenced from startup_stm32f10x_hd.o(RESET)
 <LI><a href="#[2a]">TIM2_IRQHandler</a> from time.o(i.TIM2_IRQHandler) referenced from startup_stm32f10x_hd.o(RESET)
 <LI><a href="#[2b]">TIM3_IRQHandler</a> from time.o(i.TIM3_IRQHandler) referenced from startup_stm32f10x_hd.o(RESET)
 <LI><a href="#[2c]">TIM4_IRQHandler</a> from time.o(i.TIM4_IRQHandler) referenced from startup_stm32f10x_hd.o(RESET)
 <LI><a href="#[40]">TIM5_IRQHandler</a> from startup_stm32f10x_hd.o(.text) referenced from startup_stm32f10x_hd.o(RESET)
 <LI><a href="#[44]">TIM6_IRQHandler</a> from startup_stm32f10x_hd.o(.text) referenced from startup_stm32f10x_hd.o(RESET)
 <LI><a href="#[45]">TIM7_IRQHandler</a> from startup_stm32f10x_hd.o(.text) referenced from startup_stm32f10x_hd.o(RESET)
 <LI><a href="#[39]">TIM8_BRK_IRQHandler</a> from startup_stm32f10x_hd.o(.text) referenced from startup_stm32f10x_hd.o(RESET)
 <LI><a href="#[3c]">TIM8_CC_IRQHandler</a> from startup_stm32f10x_hd.o(.text) referenced from startup_stm32f10x_hd.o(RESET)
 <LI><a href="#[3b]">TIM8_TRG_COM_IRQHandler</a> from startup_stm32f10x_hd.o(.text) referenced from startup_stm32f10x_hd.o(RESET)
 <LI><a href="#[3a]">TIM8_UP_IRQHandler</a> from startup_stm32f10x_hd.o(.text) referenced from startup_stm32f10x_hd.o(RESET)
 <LI><a href="#[42]">UART4_IRQHandler</a> from startup_stm32f10x_hd.o(.text) referenced from startup_stm32f10x_hd.o(RESET)
 <LI><a href="#[43]">UART5_IRQHandler</a> from startup_stm32f10x_hd.o(.text) referenced from startup_stm32f10x_hd.o(RESET)
 <LI><a href="#[33]">USART1_IRQHandler</a> from usart.o(i.USART1_IRQHandler) referenced from startup_stm32f10x_hd.o(RESET)
 <LI><a href="#[34]">USART2_IRQHandler</a> from usart.o(i.USART2_IRQHandler) referenced from startup_stm32f10x_hd.o(RESET)
 <LI><a href="#[35]">USART3_IRQHandler</a> from usart.o(i.USART3_IRQHandler) referenced from startup_stm32f10x_hd.o(RESET)
 <LI><a href="#[38]">USBWakeUp_IRQHandler</a> from startup_stm32f10x_hd.o(.text) referenced from startup_stm32f10x_hd.o(RESET)
 <LI><a href="#[21]">USB_HP_CAN1_TX_IRQHandler</a> from startup_stm32f10x_hd.o(.text) referenced from startup_stm32f10x_hd.o(RESET)
 <LI><a href="#[22]">USB_LP_CAN1_RX0_IRQHandler</a> from startup_stm32f10x_hd.o(.text) referenced from startup_stm32f10x_hd.o(RESET)
 <LI><a href="#[9]">UsageFault_Handler</a> from stm32f10x_it.o(i.UsageFault_Handler) referenced from startup_stm32f10x_hd.o(RESET)
 <LI><a href="#[e]">WWDG_IRQHandler</a> from startup_stm32f10x_hd.o(.text) referenced from startup_stm32f10x_hd.o(RESET)
 <LI><a href="#[4d]">__main</a> from __main.o(!!!main) referenced from startup_stm32f10x_hd.o(.text)
 <LI><a href="#[4c]">task_protocol_v2_send</a> from main.o(i.task_protocol_v2_send) referenced from main.o(i.main)
</UL>
<P>
<H3>
Global Symbols
</H3>
<P><STRONG><a name="[4d]"></a>__main</STRONG> (Thumb, 8 bytes, Stack size 0 bytes, __main.o(!!!main))
<BR><BR>[Calls]<UL><LI><a href="#[4f]">&gt;&gt;</a>&nbsp;&nbsp;&nbsp;__rt_entry
<LI><a href="#[4e]">&gt;&gt;</a>&nbsp;&nbsp;&nbsp;__scatterload
</UL>

<P><STRONG><a name="[4e]"></a>__scatterload</STRONG> (Thumb, 0 bytes, Stack size unknown bytes, __scatter.o(!!!scatter))
<BR><BR>[Called By]<UL><LI><a href="#[4d]">&gt;&gt;</a>&nbsp;&nbsp;&nbsp;__main
</UL>

<P><STRONG><a name="[50]"></a>__scatterload_rt2</STRONG> (Thumb, 44 bytes, Stack size unknown bytes, __scatter.o(!!!scatter), UNUSED)
<BR><BR>[Calls]<UL><LI><a href="#[4f]">&gt;&gt;</a>&nbsp;&nbsp;&nbsp;__rt_entry
</UL>

<P><STRONG><a name="[191]"></a>__scatterload_rt2_thumb_only</STRONG> (Thumb, 0 bytes, Stack size unknown bytes, __scatter.o(!!!scatter), UNUSED)

<P><STRONG><a name="[192]"></a>__scatterload_null</STRONG> (Thumb, 0 bytes, Stack size unknown bytes, __scatter.o(!!!scatter), UNUSED)

<P><STRONG><a name="[193]"></a>__decompress</STRONG> (Thumb, 90 bytes, Stack size unknown bytes, __dczerorl2.o(!!dczerorl2), UNUSED)

<P><STRONG><a name="[194]"></a>__decompress1</STRONG> (Thumb, 0 bytes, Stack size unknown bytes, __dczerorl2.o(!!dczerorl2), UNUSED)

<P><STRONG><a name="[195]"></a>__scatterload_zeroinit</STRONG> (Thumb, 28 bytes, Stack size unknown bytes, __scatter_zi.o(!!handler_zi), UNUSED)

<P><STRONG><a name="[54]"></a>__rt_lib_init</STRONG> (Thumb, 0 bytes, Stack size unknown bytes, libinit.o(.ARM.Collect$$libinit$$00000000))
<BR><BR>[Called By]<UL><LI><a href="#[53]">&gt;&gt;</a>&nbsp;&nbsp;&nbsp;__rt_entry_li
</UL>

<P><STRONG><a name="[196]"></a>__rt_lib_init_alloca_1</STRONG> (Thumb, 0 bytes, Stack size unknown bytes, libinit2.o(.ARM.Collect$$libinit$$0000002E))

<P><STRONG><a name="[197]"></a>__rt_lib_init_argv_1</STRONG> (Thumb, 0 bytes, Stack size unknown bytes, libinit2.o(.ARM.Collect$$libinit$$0000002C))

<P><STRONG><a name="[198]"></a>__rt_lib_init_atexit_1</STRONG> (Thumb, 0 bytes, Stack size unknown bytes, libinit2.o(.ARM.Collect$$libinit$$0000001B))

<P><STRONG><a name="[199]"></a>__rt_lib_init_clock_1</STRONG> (Thumb, 0 bytes, Stack size unknown bytes, libinit2.o(.ARM.Collect$$libinit$$00000021))

<P><STRONG><a name="[19a]"></a>__rt_lib_init_cpp_1</STRONG> (Thumb, 0 bytes, Stack size unknown bytes, libinit2.o(.ARM.Collect$$libinit$$00000032))

<P><STRONG><a name="[19b]"></a>__rt_lib_init_exceptions_1</STRONG> (Thumb, 0 bytes, Stack size unknown bytes, libinit2.o(.ARM.Collect$$libinit$$00000030))

<P><STRONG><a name="[19c]"></a>__rt_lib_init_fp_1</STRONG> (Thumb, 0 bytes, Stack size unknown bytes, libinit2.o(.ARM.Collect$$libinit$$00000002))

<P><STRONG><a name="[19d]"></a>__rt_lib_init_fp_trap_1</STRONG> (Thumb, 0 bytes, Stack size unknown bytes, libinit2.o(.ARM.Collect$$libinit$$0000001F))

<P><STRONG><a name="[19e]"></a>__rt_lib_init_getenv_1</STRONG> (Thumb, 0 bytes, Stack size unknown bytes, libinit2.o(.ARM.Collect$$libinit$$00000023))

<P><STRONG><a name="[19f]"></a>__rt_lib_init_heap_1</STRONG> (Thumb, 0 bytes, Stack size unknown bytes, libinit2.o(.ARM.Collect$$libinit$$0000000A))

<P><STRONG><a name="[1a0]"></a>__rt_lib_init_lc_collate_1</STRONG> (Thumb, 0 bytes, Stack size unknown bytes, libinit2.o(.ARM.Collect$$libinit$$00000011))

<P><STRONG><a name="[1a1]"></a>__rt_lib_init_lc_ctype_1</STRONG> (Thumb, 0 bytes, Stack size unknown bytes, libinit2.o(.ARM.Collect$$libinit$$00000013))

<P><STRONG><a name="[1a2]"></a>__rt_lib_init_lc_monetary_1</STRONG> (Thumb, 0 bytes, Stack size unknown bytes, libinit2.o(.ARM.Collect$$libinit$$00000015))

<P><STRONG><a name="[1a3]"></a>__rt_lib_init_lc_numeric_1</STRONG> (Thumb, 0 bytes, Stack size unknown bytes, libinit2.o(.ARM.Collect$$libinit$$00000017))

<P><STRONG><a name="[1a4]"></a>__rt_lib_init_lc_time_1</STRONG> (Thumb, 0 bytes, Stack size unknown bytes, libinit2.o(.ARM.Collect$$libinit$$00000019))

<P><STRONG><a name="[1a5]"></a>__rt_lib_init_preinit_1</STRONG> (Thumb, 0 bytes, Stack size unknown bytes, libinit2.o(.ARM.Collect$$libinit$$00000004))

<P><STRONG><a name="[1a6]"></a>__rt_lib_init_rand_1</STRONG> (Thumb, 0 bytes, Stack size unknown bytes, libinit2.o(.ARM.Collect$$libinit$$0000000E))

<P><STRONG><a name="[1a7]"></a>__rt_lib_init_return</STRONG> (Thumb, 0 bytes, Stack size unknown bytes, libinit2.o(.ARM.Collect$$libinit$$00000033))

<P><STRONG><a name="[1a8]"></a>__rt_lib_init_signal_1</STRONG> (Thumb, 0 bytes, Stack size unknown bytes, libinit2.o(.ARM.Collect$$libinit$$0000001D))

<P><STRONG><a name="[1a9]"></a>__rt_lib_init_stdio_1</STRONG> (Thumb, 0 bytes, Stack size unknown bytes, libinit2.o(.ARM.Collect$$libinit$$00000025))

<P><STRONG><a name="[1aa]"></a>__rt_lib_init_user_alloc_1</STRONG> (Thumb, 0 bytes, Stack size unknown bytes, libinit2.o(.ARM.Collect$$libinit$$0000000C))

<P><STRONG><a name="[59]"></a>__rt_lib_shutdown</STRONG> (Thumb, 0 bytes, Stack size unknown bytes, libshutdown.o(.ARM.Collect$$libshutdown$$00000000))
<BR><BR>[Called By]<UL><LI><a href="#[58]">&gt;&gt;</a>&nbsp;&nbsp;&nbsp;__rt_exit_ls
</UL>

<P><STRONG><a name="[1ab]"></a>__rt_lib_shutdown_cpp_1</STRONG> (Thumb, 0 bytes, Stack size unknown bytes, libshutdown2.o(.ARM.Collect$$libshutdown$$00000002))

<P><STRONG><a name="[1ac]"></a>__rt_lib_shutdown_fp_trap_1</STRONG> (Thumb, 0 bytes, Stack size unknown bytes, libshutdown2.o(.ARM.Collect$$libshutdown$$00000007))

<P><STRONG><a name="[1ad]"></a>__rt_lib_shutdown_heap_1</STRONG> (Thumb, 0 bytes, Stack size unknown bytes, libshutdown2.o(.ARM.Collect$$libshutdown$$0000000F))

<P><STRONG><a name="[1ae]"></a>__rt_lib_shutdown_return</STRONG> (Thumb, 0 bytes, Stack size unknown bytes, libshutdown2.o(.ARM.Collect$$libshutdown$$00000010))

<P><STRONG><a name="[1af]"></a>__rt_lib_shutdown_signal_1</STRONG> (Thumb, 0 bytes, Stack size unknown bytes, libshutdown2.o(.ARM.Collect$$libshutdown$$0000000A))

<P><STRONG><a name="[1b0]"></a>__rt_lib_shutdown_stdio_1</STRONG> (Thumb, 0 bytes, Stack size unknown bytes, libshutdown2.o(.ARM.Collect$$libshutdown$$00000004))

<P><STRONG><a name="[1b1]"></a>__rt_lib_shutdown_user_alloc_1</STRONG> (Thumb, 0 bytes, Stack size unknown bytes, libshutdown2.o(.ARM.Collect$$libshutdown$$0000000C))

<P><STRONG><a name="[4f]"></a>__rt_entry</STRONG> (Thumb, 0 bytes, Stack size unknown bytes, __rtentry.o(.ARM.Collect$$rtentry$$00000000))
<BR><BR>[Called By]<UL><LI><a href="#[4d]">&gt;&gt;</a>&nbsp;&nbsp;&nbsp;__main
<LI><a href="#[50]">&gt;&gt;</a>&nbsp;&nbsp;&nbsp;__scatterload_rt2
</UL>

<P><STRONG><a name="[1b2]"></a>__rt_entry_presh_1</STRONG> (Thumb, 0 bytes, Stack size unknown bytes, __rtentry2.o(.ARM.Collect$$rtentry$$00000002))

<P><STRONG><a name="[51]"></a>__rt_entry_sh</STRONG> (Thumb, 0 bytes, Stack size unknown bytes, __rtentry4.o(.ARM.Collect$$rtentry$$00000004))
<BR><BR>[Stack]<UL><LI>Max Depth = 8 + Unknown Stack Size
<LI>Call Chain = __rt_entry_sh &rArr; __user_setup_stackheap
</UL>
<BR>[Calls]<UL><LI><a href="#[52]">&gt;&gt;</a>&nbsp;&nbsp;&nbsp;__user_setup_stackheap
</UL>

<P><STRONG><a name="[53]"></a>__rt_entry_li</STRONG> (Thumb, 0 bytes, Stack size unknown bytes, __rtentry2.o(.ARM.Collect$$rtentry$$0000000A))
<BR><BR>[Calls]<UL><LI><a href="#[54]">&gt;&gt;</a>&nbsp;&nbsp;&nbsp;__rt_lib_init
</UL>

<P><STRONG><a name="[1b3]"></a>__rt_entry_postsh_1</STRONG> (Thumb, 0 bytes, Stack size unknown bytes, __rtentry2.o(.ARM.Collect$$rtentry$$00000009))

<P><STRONG><a name="[55]"></a>__rt_entry_main</STRONG> (Thumb, 0 bytes, Stack size unknown bytes, __rtentry2.o(.ARM.Collect$$rtentry$$0000000D))
<BR><BR>[Stack]<UL><LI>Max Depth = 416 + Unknown Stack Size
<LI>Call Chain = __rt_entry_main &rArr; main &rArr; task_uart_frames &rArr; RobotArmProtocol_HandleFrame &rArr; RobotArmProtocol_MoveAxisRelative &rArr; RobotArm_MoveZRelative &rArr; RobotArm_StartSingleRelative &rArr; RobotArm_StartAxisMoveInternal &rArr; RobotArmDriver_Start &rArr; stepdma_pb11_request_trap &rArr; stepdma_pb11_move_trap &rArr; trap_get_f &rArr; isqrt_u64
</UL>
<BR>[Calls]<UL><LI><a href="#[56]">&gt;&gt;</a>&nbsp;&nbsp;&nbsp;main
<LI><a href="#[57]">&gt;&gt;</a>&nbsp;&nbsp;&nbsp;exit
</UL>

<P><STRONG><a name="[1b4]"></a>__rt_entry_postli_1</STRONG> (Thumb, 0 bytes, Stack size unknown bytes, __rtentry2.o(.ARM.Collect$$rtentry$$0000000C))

<P><STRONG><a name="[60]"></a>__rt_exit</STRONG> (Thumb, 0 bytes, Stack size unknown bytes, rtexit.o(.ARM.Collect$$rtexit$$00000000))
<BR><BR>[Called By]<UL><LI><a href="#[57]">&gt;&gt;</a>&nbsp;&nbsp;&nbsp;exit
</UL>

<P><STRONG><a name="[58]"></a>__rt_exit_ls</STRONG> (Thumb, 0 bytes, Stack size unknown bytes, rtexit2.o(.ARM.Collect$$rtexit$$00000003))
<BR><BR>[Calls]<UL><LI><a href="#[59]">&gt;&gt;</a>&nbsp;&nbsp;&nbsp;__rt_lib_shutdown
</UL>

<P><STRONG><a name="[1b5]"></a>__rt_exit_prels_1</STRONG> (Thumb, 0 bytes, Stack size unknown bytes, rtexit2.o(.ARM.Collect$$rtexit$$00000002))

<P><STRONG><a name="[5a]"></a>__rt_exit_exit</STRONG> (Thumb, 0 bytes, Stack size unknown bytes, rtexit2.o(.ARM.Collect$$rtexit$$00000004))
<BR><BR>[Calls]<UL><LI><a href="#[5b]">&gt;&gt;</a>&nbsp;&nbsp;&nbsp;_sys_exit
</UL>

<P><STRONG><a name="[4]"></a>Reset_Handler</STRONG> (Thumb, 8 bytes, Stack size 0 bytes, startup_stm32f10x_hd.o(.text))
<BR>[Address Reference Count : 1]<UL><LI> startup_stm32f10x_hd.o(RESET)
</UL>
<P><STRONG><a name="[20]"></a>ADC1_2_IRQHandler</STRONG> (Thumb, 0 bytes, Stack size 0 bytes, startup_stm32f10x_hd.o(.text))
<BR><BR>[Calls]<UL><LI><a href="#[20]">&gt;&gt;</a>&nbsp;&nbsp;&nbsp;ADC1_2_IRQHandler
</UL>
<BR>[Called By]<UL><LI><a href="#[20]">&gt;&gt;</a>&nbsp;&nbsp;&nbsp;ADC1_2_IRQHandler
</UL>
<BR>[Address Reference Count : 1]<UL><LI> startup_stm32f10x_hd.o(RESET)
</UL>
<P><STRONG><a name="[3d]"></a>ADC3_IRQHandler</STRONG> (Thumb, 0 bytes, Stack size 0 bytes, startup_stm32f10x_hd.o(.text))
<BR>[Address Reference Count : 1]<UL><LI> startup_stm32f10x_hd.o(RESET)
</UL>
<P><STRONG><a name="[23]"></a>CAN1_RX1_IRQHandler</STRONG> (Thumb, 0 bytes, Stack size 0 bytes, startup_stm32f10x_hd.o(.text))
<BR>[Address Reference Count : 1]<UL><LI> startup_stm32f10x_hd.o(RESET)
</UL>
<P><STRONG><a name="[24]"></a>CAN1_SCE_IRQHandler</STRONG> (Thumb, 0 bytes, Stack size 0 bytes, startup_stm32f10x_hd.o(.text))
<BR>[Address Reference Count : 1]<UL><LI> startup_stm32f10x_hd.o(RESET)
</UL>
<P><STRONG><a name="[19]"></a>DMA1_Channel1_IRQHandler</STRONG> (Thumb, 0 bytes, Stack size 0 bytes, startup_stm32f10x_hd.o(.text))
<BR>[Address Reference Count : 1]<UL><LI> startup_stm32f10x_hd.o(RESET)
</UL>
<P><STRONG><a name="[1a]"></a>DMA1_Channel2_IRQHandler</STRONG> (Thumb, 0 bytes, Stack size 0 bytes, startup_stm32f10x_hd.o(.text))
<BR>[Address Reference Count : 1]<UL><LI> startup_stm32f10x_hd.o(RESET)
</UL>
<P><STRONG><a name="[1b]"></a>DMA1_Channel3_IRQHandler</STRONG> (Thumb, 0 bytes, Stack size 0 bytes, startup_stm32f10x_hd.o(.text))
<BR>[Address Reference Count : 1]<UL><LI> startup_stm32f10x_hd.o(RESET)
</UL>
<P><STRONG><a name="[1c]"></a>DMA1_Channel4_IRQHandler</STRONG> (Thumb, 0 bytes, Stack size 0 bytes, startup_stm32f10x_hd.o(.text))
<BR>[Address Reference Count : 1]<UL><LI> startup_stm32f10x_hd.o(RESET)
</UL>
<P><STRONG><a name="[1d]"></a>DMA1_Channel5_IRQHandler</STRONG> (Thumb, 0 bytes, Stack size 0 bytes, startup_stm32f10x_hd.o(.text))
<BR>[Address Reference Count : 1]<UL><LI> startup_stm32f10x_hd.o(RESET)
</UL>
<P><STRONG><a name="[1e]"></a>DMA1_Channel6_IRQHandler</STRONG> (Thumb, 0 bytes, Stack size 0 bytes, startup_stm32f10x_hd.o(.text))
<BR>[Address Reference Count : 1]<UL><LI> startup_stm32f10x_hd.o(RESET)
</UL>
<P><STRONG><a name="[1f]"></a>DMA1_Channel7_IRQHandler</STRONG> (Thumb, 0 bytes, Stack size 0 bytes, startup_stm32f10x_hd.o(.text))
<BR>[Address Reference Count : 1]<UL><LI> startup_stm32f10x_hd.o(RESET)
</UL>
<P><STRONG><a name="[46]"></a>DMA2_Channel1_IRQHandler</STRONG> (Thumb, 0 bytes, Stack size 0 bytes, startup_stm32f10x_hd.o(.text))
<BR>[Address Reference Count : 1]<UL><LI> startup_stm32f10x_hd.o(RESET)
</UL>
<P><STRONG><a name="[14]"></a>EXTI0_IRQHandler</STRONG> (Thumb, 0 bytes, Stack size 0 bytes, startup_stm32f10x_hd.o(.text))
<BR>[Address Reference Count : 1]<UL><LI> startup_stm32f10x_hd.o(RESET)
</UL>
<P><STRONG><a name="[36]"></a>EXTI15_10_IRQHandler</STRONG> (Thumb, 0 bytes, Stack size 0 bytes, startup_stm32f10x_hd.o(.text))
<BR>[Address Reference Count : 1]<UL><LI> startup_stm32f10x_hd.o(RESET)
</UL>
<P><STRONG><a name="[15]"></a>EXTI1_IRQHandler</STRONG> (Thumb, 0 bytes, Stack size 0 bytes, startup_stm32f10x_hd.o(.text))
<BR>[Address Reference Count : 1]<UL><LI> startup_stm32f10x_hd.o(RESET)
</UL>
<P><STRONG><a name="[16]"></a>EXTI2_IRQHandler</STRONG> (Thumb, 0 bytes, Stack size 0 bytes, startup_stm32f10x_hd.o(.text))
<BR>[Address Reference Count : 1]<UL><LI> startup_stm32f10x_hd.o(RESET)
</UL>
<P><STRONG><a name="[17]"></a>EXTI3_IRQHandler</STRONG> (Thumb, 0 bytes, Stack size 0 bytes, startup_stm32f10x_hd.o(.text))
<BR>[Address Reference Count : 1]<UL><LI> startup_stm32f10x_hd.o(RESET)
</UL>
<P><STRONG><a name="[18]"></a>EXTI4_IRQHandler</STRONG> (Thumb, 0 bytes, Stack size 0 bytes, startup_stm32f10x_hd.o(.text))
<BR>[Address Reference Count : 1]<UL><LI> startup_stm32f10x_hd.o(RESET)
</UL>
<P><STRONG><a name="[25]"></a>EXTI9_5_IRQHandler</STRONG> (Thumb, 0 bytes, Stack size 0 bytes, startup_stm32f10x_hd.o(.text))
<BR>[Address Reference Count : 1]<UL><LI> startup_stm32f10x_hd.o(RESET)
</UL>
<P><STRONG><a name="[12]"></a>FLASH_IRQHandler</STRONG> (Thumb, 0 bytes, Stack size 0 bytes, startup_stm32f10x_hd.o(.text))
<BR>[Address Reference Count : 1]<UL><LI> startup_stm32f10x_hd.o(RESET)
</UL>
<P><STRONG><a name="[3e]"></a>FSMC_IRQHandler</STRONG> (Thumb, 0 bytes, Stack size 0 bytes, startup_stm32f10x_hd.o(.text))
<BR>[Address Reference Count : 1]<UL><LI> startup_stm32f10x_hd.o(RESET)
</UL>
<P><STRONG><a name="[2e]"></a>I2C1_ER_IRQHandler</STRONG> (Thumb, 0 bytes, Stack size 0 bytes, startup_stm32f10x_hd.o(.text))
<BR>[Address Reference Count : 1]<UL><LI> startup_stm32f10x_hd.o(RESET)
</UL>
<P><STRONG><a name="[2d]"></a>I2C1_EV_IRQHandler</STRONG> (Thumb, 0 bytes, Stack size 0 bytes, startup_stm32f10x_hd.o(.text))
<BR>[Address Reference Count : 1]<UL><LI> startup_stm32f10x_hd.o(RESET)
</UL>
<P><STRONG><a name="[30]"></a>I2C2_ER_IRQHandler</STRONG> (Thumb, 0 bytes, Stack size 0 bytes, startup_stm32f10x_hd.o(.text))
<BR>[Address Reference Count : 1]<UL><LI> startup_stm32f10x_hd.o(RESET)
</UL>
<P><STRONG><a name="[2f]"></a>I2C2_EV_IRQHandler</STRONG> (Thumb, 0 bytes, Stack size 0 bytes, startup_stm32f10x_hd.o(.text))
<BR>[Address Reference Count : 1]<UL><LI> startup_stm32f10x_hd.o(RESET)
</UL>
<P><STRONG><a name="[f]"></a>PVD_IRQHandler</STRONG> (Thumb, 0 bytes, Stack size 0 bytes, startup_stm32f10x_hd.o(.text))
<BR>[Address Reference Count : 1]<UL><LI> startup_stm32f10x_hd.o(RESET)
</UL>
<P><STRONG><a name="[13]"></a>RCC_IRQHandler</STRONG> (Thumb, 0 bytes, Stack size 0 bytes, startup_stm32f10x_hd.o(.text))
<BR>[Address Reference Count : 1]<UL><LI> startup_stm32f10x_hd.o(RESET)
</UL>
<P><STRONG><a name="[37]"></a>RTCAlarm_IRQHandler</STRONG> (Thumb, 0 bytes, Stack size 0 bytes, startup_stm32f10x_hd.o(.text))
<BR>[Address Reference Count : 1]<UL><LI> startup_stm32f10x_hd.o(RESET)
</UL>
<P><STRONG><a name="[11]"></a>RTC_IRQHandler</STRONG> (Thumb, 0 bytes, Stack size 0 bytes, startup_stm32f10x_hd.o(.text))
<BR>[Address Reference Count : 1]<UL><LI> startup_stm32f10x_hd.o(RESET)
</UL>
<P><STRONG><a name="[3f]"></a>SDIO_IRQHandler</STRONG> (Thumb, 0 bytes, Stack size 0 bytes, startup_stm32f10x_hd.o(.text))
<BR>[Address Reference Count : 1]<UL><LI> startup_stm32f10x_hd.o(RESET)
</UL>
<P><STRONG><a name="[31]"></a>SPI1_IRQHandler</STRONG> (Thumb, 0 bytes, Stack size 0 bytes, startup_stm32f10x_hd.o(.text))
<BR>[Address Reference Count : 1]<UL><LI> startup_stm32f10x_hd.o(RESET)
</UL>
<P><STRONG><a name="[32]"></a>SPI2_IRQHandler</STRONG> (Thumb, 0 bytes, Stack size 0 bytes, startup_stm32f10x_hd.o(.text))
<BR>[Address Reference Count : 1]<UL><LI> startup_stm32f10x_hd.o(RESET)
</UL>
<P><STRONG><a name="[41]"></a>SPI3_IRQHandler</STRONG> (Thumb, 0 bytes, Stack size 0 bytes, startup_stm32f10x_hd.o(.text))
<BR>[Address Reference Count : 1]<UL><LI> startup_stm32f10x_hd.o(RESET)
</UL>
<P><STRONG><a name="[10]"></a>TAMPER_IRQHandler</STRONG> (Thumb, 0 bytes, Stack size 0 bytes, startup_stm32f10x_hd.o(.text))
<BR>[Address Reference Count : 1]<UL><LI> startup_stm32f10x_hd.o(RESET)
</UL>
<P><STRONG><a name="[26]"></a>TIM1_BRK_IRQHandler</STRONG> (Thumb, 0 bytes, Stack size 0 bytes, startup_stm32f10x_hd.o(.text))
<BR>[Address Reference Count : 1]<UL><LI> startup_stm32f10x_hd.o(RESET)
</UL>
<P><STRONG><a name="[29]"></a>TIM1_CC_IRQHandler</STRONG> (Thumb, 0 bytes, Stack size 0 bytes, startup_stm32f10x_hd.o(.text))
<BR>[Address Reference Count : 1]<UL><LI> startup_stm32f10x_hd.o(RESET)
</UL>
<P><STRONG><a name="[28]"></a>TIM1_TRG_COM_IRQHandler</STRONG> (Thumb, 0 bytes, Stack size 0 bytes, startup_stm32f10x_hd.o(.text))
<BR>[Address Reference Count : 1]<UL><LI> startup_stm32f10x_hd.o(RESET)
</UL>
<P><STRONG><a name="[27]"></a>TIM1_UP_IRQHandler</STRONG> (Thumb, 0 bytes, Stack size 0 bytes, startup_stm32f10x_hd.o(.text))
<BR>[Address Reference Count : 1]<UL><LI> startup_stm32f10x_hd.o(RESET)
</UL>
<P><STRONG><a name="[40]"></a>TIM5_IRQHandler</STRONG> (Thumb, 0 bytes, Stack size 0 bytes, startup_stm32f10x_hd.o(.text))
<BR>[Address Reference Count : 1]<UL><LI> startup_stm32f10x_hd.o(RESET)
</UL>
<P><STRONG><a name="[44]"></a>TIM6_IRQHandler</STRONG> (Thumb, 0 bytes, Stack size 0 bytes, startup_stm32f10x_hd.o(.text))
<BR>[Address Reference Count : 1]<UL><LI> startup_stm32f10x_hd.o(RESET)
</UL>
<P><STRONG><a name="[45]"></a>TIM7_IRQHandler</STRONG> (Thumb, 0 bytes, Stack size 0 bytes, startup_stm32f10x_hd.o(.text))
<BR>[Address Reference Count : 1]<UL><LI> startup_stm32f10x_hd.o(RESET)
</UL>
<P><STRONG><a name="[39]"></a>TIM8_BRK_IRQHandler</STRONG> (Thumb, 0 bytes, Stack size 0 bytes, startup_stm32f10x_hd.o(.text))
<BR>[Address Reference Count : 1]<UL><LI> startup_stm32f10x_hd.o(RESET)
</UL>
<P><STRONG><a name="[3c]"></a>TIM8_CC_IRQHandler</STRONG> (Thumb, 0 bytes, Stack size 0 bytes, startup_stm32f10x_hd.o(.text))
<BR>[Address Reference Count : 1]<UL><LI> startup_stm32f10x_hd.o(RESET)
</UL>
<P><STRONG><a name="[3b]"></a>TIM8_TRG_COM_IRQHandler</STRONG> (Thumb, 0 bytes, Stack size 0 bytes, startup_stm32f10x_hd.o(.text))
<BR>[Address Reference Count : 1]<UL><LI> startup_stm32f10x_hd.o(RESET)
</UL>
<P><STRONG><a name="[3a]"></a>TIM8_UP_IRQHandler</STRONG> (Thumb, 0 bytes, Stack size 0 bytes, startup_stm32f10x_hd.o(.text))
<BR>[Address Reference Count : 1]<UL><LI> startup_stm32f10x_hd.o(RESET)
</UL>
<P><STRONG><a name="[42]"></a>UART4_IRQHandler</STRONG> (Thumb, 0 bytes, Stack size 0 bytes, startup_stm32f10x_hd.o(.text))
<BR>[Address Reference Count : 1]<UL><LI> startup_stm32f10x_hd.o(RESET)
</UL>
<P><STRONG><a name="[43]"></a>UART5_IRQHandler</STRONG> (Thumb, 0 bytes, Stack size 0 bytes, startup_stm32f10x_hd.o(.text))
<BR>[Address Reference Count : 1]<UL><LI> startup_stm32f10x_hd.o(RESET)
</UL>
<P><STRONG><a name="[38]"></a>USBWakeUp_IRQHandler</STRONG> (Thumb, 0 bytes, Stack size 0 bytes, startup_stm32f10x_hd.o(.text))
<BR>[Address Reference Count : 1]<UL><LI> startup_stm32f10x_hd.o(RESET)
</UL>
<P><STRONG><a name="[21]"></a>USB_HP_CAN1_TX_IRQHandler</STRONG> (Thumb, 0 bytes, Stack size 0 bytes, startup_stm32f10x_hd.o(.text))
<BR>[Address Reference Count : 1]<UL><LI> startup_stm32f10x_hd.o(RESET)
</UL>
<P><STRONG><a name="[22]"></a>USB_LP_CAN1_RX0_IRQHandler</STRONG> (Thumb, 0 bytes, Stack size 0 bytes, startup_stm32f10x_hd.o(.text))
<BR>[Address Reference Count : 1]<UL><LI> startup_stm32f10x_hd.o(RESET)
</UL>
<P><STRONG><a name="[e]"></a>WWDG_IRQHandler</STRONG> (Thumb, 0 bytes, Stack size 0 bytes, startup_stm32f10x_hd.o(.text))
<BR>[Address Reference Count : 1]<UL><LI> startup_stm32f10x_hd.o(RESET)
</UL>
<P><STRONG><a name="[5f]"></a>__user_initial_stackheap</STRONG> (Thumb, 0 bytes, Stack size unknown bytes, startup_stm32f10x_hd.o(.text))
<BR><BR>[Called By]<UL><LI><a href="#[52]">&gt;&gt;</a>&nbsp;&nbsp;&nbsp;__user_setup_stackheap
</UL>

<P><STRONG><a name="[64]"></a>__aeabi_uldivmod</STRONG> (Thumb, 0 bytes, Stack size 48 bytes, lludivv7m.o(.text))
<BR><BR>[Stack]<UL><LI>Max Depth = 48<LI>Call Chain = __aeabi_uldivmod
</UL>
<BR>[Called By]<UL><LI><a href="#[100]">&gt;&gt;</a>&nbsp;&nbsp;&nbsp;RobotArm_CalculateMoveTimeout
<LI><a href="#[18a]">&gt;&gt;</a>&nbsp;&nbsp;&nbsp;stepdma_pb11_move_trap
<LI><a href="#[6a]">&gt;&gt;</a>&nbsp;&nbsp;&nbsp;stepdma_pb10_move_trap
<LI><a href="#[47]">&gt;&gt;</a>&nbsp;&nbsp;&nbsp;DMA2_Channel2_IRQHandler
</UL>

<P><STRONG><a name="[1b6]"></a>_ll_udiv</STRONG> (Thumb, 238 bytes, Stack size 48 bytes, lludivv7m.o(.text), UNUSED)

<P><STRONG><a name="[9f]"></a>__aeabi_memcpy</STRONG> (Thumb, 0 bytes, Stack size 0 bytes, rt_memcpy_v6.o(.text))
<BR><BR>[Called By]<UL><LI><a href="#[a2]">&gt;&gt;</a>&nbsp;&nbsp;&nbsp;ProtocolV2_TakeFrame
<LI><a href="#[9b]">&gt;&gt;</a>&nbsp;&nbsp;&nbsp;ProtocolV2_QueueV2
</UL>

<P><STRONG><a name="[5c]"></a>__rt_memcpy</STRONG> (Thumb, 138 bytes, Stack size 0 bytes, rt_memcpy_v6.o(.text), UNUSED)
<BR><BR>[Calls]<UL><LI><a href="#[5d]">&gt;&gt;</a>&nbsp;&nbsp;&nbsp;__aeabi_memcpy4
</UL>

<P><STRONG><a name="[1b7]"></a>_memcpy_lastbytes</STRONG> (Thumb, 0 bytes, Stack size unknown bytes, rt_memcpy_v6.o(.text), UNUSED)

<P><STRONG><a name="[5d]"></a>__aeabi_memcpy4</STRONG> (Thumb, 0 bytes, Stack size 8 bytes, rt_memcpy_w.o(.text), UNUSED)
<BR><BR>[Called By]<UL><LI><a href="#[5c]">&gt;&gt;</a>&nbsp;&nbsp;&nbsp;__rt_memcpy
</UL>

<P><STRONG><a name="[1b8]"></a>__aeabi_memcpy8</STRONG> (Thumb, 0 bytes, Stack size 8 bytes, rt_memcpy_w.o(.text), UNUSED)

<P><STRONG><a name="[1b9]"></a>__rt_memcpy_w</STRONG> (Thumb, 100 bytes, Stack size 8 bytes, rt_memcpy_w.o(.text), UNUSED)

<P><STRONG><a name="[1ba]"></a>_memcpy_lastbytes_aligned</STRONG> (Thumb, 0 bytes, Stack size unknown bytes, rt_memcpy_w.o(.text), UNUSED)

<P><STRONG><a name="[1bb]"></a>__use_two_region_memory</STRONG> (Thumb, 2 bytes, Stack size 0 bytes, heapauxi.o(.text), UNUSED)

<P><STRONG><a name="[1bc]"></a>__rt_heap_escrow$2region</STRONG> (Thumb, 2 bytes, Stack size 0 bytes, heapauxi.o(.text), UNUSED)

<P><STRONG><a name="[1bd]"></a>__rt_heap_expand$2region</STRONG> (Thumb, 2 bytes, Stack size 0 bytes, heapauxi.o(.text), UNUSED)

<P><STRONG><a name="[52]"></a>__user_setup_stackheap</STRONG> (Thumb, 74 bytes, Stack size 8 bytes, sys_stackheap_outer.o(.text))
<BR><BR>[Stack]<UL><LI>Max Depth = 8 + Unknown Stack Size
<LI>Call Chain = __user_setup_stackheap
</UL>
<BR>[Calls]<UL><LI><a href="#[5e]">&gt;&gt;</a>&nbsp;&nbsp;&nbsp;__user_perproc_libspace
<LI><a href="#[5f]">&gt;&gt;</a>&nbsp;&nbsp;&nbsp;__user_initial_stackheap
</UL>
<BR>[Called By]<UL><LI><a href="#[51]">&gt;&gt;</a>&nbsp;&nbsp;&nbsp;__rt_entry_sh
</UL>

<P><STRONG><a name="[57]"></a>exit</STRONG> (Thumb, 18 bytes, Stack size 8 bytes, exit.o(.text))
<BR><BR>[Stack]<UL><LI>Max Depth = 8 + Unknown Stack Size
<LI>Call Chain = exit
</UL>
<BR>[Calls]<UL><LI><a href="#[60]">&gt;&gt;</a>&nbsp;&nbsp;&nbsp;__rt_exit
</UL>
<BR>[Called By]<UL><LI><a href="#[55]">&gt;&gt;</a>&nbsp;&nbsp;&nbsp;__rt_entry_main
</UL>

<P><STRONG><a name="[1be]"></a>__user_libspace</STRONG> (Thumb, 8 bytes, Stack size 0 bytes, libspace.o(.text), UNUSED)

<P><STRONG><a name="[5e]"></a>__user_perproc_libspace</STRONG> (Thumb, 0 bytes, Stack size 0 bytes, libspace.o(.text))
<BR><BR>[Called By]<UL><LI><a href="#[52]">&gt;&gt;</a>&nbsp;&nbsp;&nbsp;__user_setup_stackheap
</UL>

<P><STRONG><a name="[1bf]"></a>__user_perthread_libspace</STRONG> (Thumb, 0 bytes, Stack size 0 bytes, libspace.o(.text), UNUSED)

<P><STRONG><a name="[5b]"></a>_sys_exit</STRONG> (Thumb, 8 bytes, Stack size 0 bytes, sys_exit.o(.text))
<BR><BR>[Called By]<UL><LI><a href="#[5a]">&gt;&gt;</a>&nbsp;&nbsp;&nbsp;__rt_exit_exit
</UL>

<P><STRONG><a name="[1c0]"></a>__I$use$semihosting</STRONG> (Thumb, 0 bytes, Stack size 0 bytes, use_no_semi.o(.text), UNUSED)

<P><STRONG><a name="[1c1]"></a>__use_no_semihosting_swi</STRONG> (Thumb, 2 bytes, Stack size 0 bytes, use_no_semi.o(.text), UNUSED)

<P><STRONG><a name="[8]"></a>BusFault_Handler</STRONG> (Thumb, 4 bytes, Stack size 0 bytes, stm32f10x_it.o(i.BusFault_Handler))
<BR>[Address Reference Count : 1]<UL><LI> startup_stm32f10x_hd.o(RESET)
</UL>
<P><STRONG><a name="[1c2]"></a>__semihosting_library_function</STRONG> (Thumb, 0 bytes, Stack size 0 bytes, indicate_semi.o(.text), UNUSED)

<P><STRONG><a name="[47]"></a>DMA2_Channel2_IRQHandler</STRONG> (Thumb, 622 bytes, Stack size 80 bytes, step_dma.o(i.DMA2_Channel2_IRQHandler))
<BR><BR>[Stack]<UL><LI>Max Depth = 152<LI>Call Chain = DMA2_Channel2_IRQHandler &rArr; trap_get_f &rArr; isqrt_u64
</UL>
<BR>[Calls]<UL><LI><a href="#[61]">&gt;&gt;</a>&nbsp;&nbsp;&nbsp;DMA_GetITStatus
<LI><a href="#[62]">&gt;&gt;</a>&nbsp;&nbsp;&nbsp;DMA_ClearITPendingBit
<LI><a href="#[63]">&gt;&gt;</a>&nbsp;&nbsp;&nbsp;stepdma_pb11_stop
<LI><a href="#[66]">&gt;&gt;</a>&nbsp;&nbsp;&nbsp;trap_get_f
<LI><a href="#[67]">&gt;&gt;</a>&nbsp;&nbsp;&nbsp;tim5_set_edge_freq
<LI><a href="#[65]">&gt;&gt;</a>&nbsp;&nbsp;&nbsp;isqrt_u64
<LI><a href="#[68]">&gt;&gt;</a>&nbsp;&nbsp;&nbsp;dma_start_edges
<LI><a href="#[64]">&gt;&gt;</a>&nbsp;&nbsp;&nbsp;__aeabi_uldivmod
</UL>
<BR>[Address Reference Count : 1]<UL><LI> startup_stm32f10x_hd.o(RESET)
</UL>
<P><STRONG><a name="[48]"></a>DMA2_Channel3_IRQHandler</STRONG> (Thumb, 370 bytes, Stack size 48 bytes, step_dma.o(i.DMA2_Channel3_IRQHandler))
<BR><BR>[Stack]<UL><LI>Max Depth = 200<LI>Call Chain = DMA2_Channel3_IRQHandler &rArr; stepdma_pb10_move_trap &rArr; trap10_get_f &rArr; isqrt_u64
</UL>
<BR>[Calls]<UL><LI><a href="#[69]">&gt;&gt;</a>&nbsp;&nbsp;&nbsp;stepdma_pb10_stop
<LI><a href="#[61]">&gt;&gt;</a>&nbsp;&nbsp;&nbsp;DMA_GetITStatus
<LI><a href="#[62]">&gt;&gt;</a>&nbsp;&nbsp;&nbsp;DMA_ClearITPendingBit
<LI><a href="#[6a]">&gt;&gt;</a>&nbsp;&nbsp;&nbsp;stepdma_pb10_move_trap
<LI><a href="#[6c]">&gt;&gt;</a>&nbsp;&nbsp;&nbsp;trap10_get_f
<LI><a href="#[6d]">&gt;&gt;</a>&nbsp;&nbsp;&nbsp;tim6_set_edge_freq
<LI><a href="#[6b]">&gt;&gt;</a>&nbsp;&nbsp;&nbsp;dma10_start_edges
</UL>
<BR>[Address Reference Count : 1]<UL><LI> startup_stm32f10x_hd.o(RESET)
</UL>
<P><STRONG><a name="[49]"></a>DMA2_Channel4_5_IRQHandler</STRONG> (Thumb, 140 bytes, Stack size 8 bytes, step_dma.o(i.DMA2_Channel4_5_IRQHandler))
<BR><BR>[Stack]<UL><LI>Max Depth = 24<LI>Call Chain = DMA2_Channel4_5_IRQHandler &rArr; PU3_SetEdgeFrequency
</UL>
<BR>[Calls]<UL><LI><a href="#[61]">&gt;&gt;</a>&nbsp;&nbsp;&nbsp;DMA_GetITStatus
<LI><a href="#[62]">&gt;&gt;</a>&nbsp;&nbsp;&nbsp;DMA_ClearITPendingBit
<LI><a href="#[6e]">&gt;&gt;</a>&nbsp;&nbsp;&nbsp;PU3_Stepper_Stop
<LI><a href="#[6f]">&gt;&gt;</a>&nbsp;&nbsp;&nbsp;PU3_SetEdgeFrequency
<LI><a href="#[70]">&gt;&gt;</a>&nbsp;&nbsp;&nbsp;PU3_LoadChunk
</UL>
<BR>[Address Reference Count : 1]<UL><LI> startup_stm32f10x_hd.o(RESET)
</UL>
<P><STRONG><a name="[62]"></a>DMA_ClearITPendingBit</STRONG> (Thumb, 18 bytes, Stack size 0 bytes, stm32f10x_dma.o(i.DMA_ClearITPendingBit))
<BR><BR>[Called By]<UL><LI><a href="#[6e]">&gt;&gt;</a>&nbsp;&nbsp;&nbsp;PU3_Stepper_Stop
<LI><a href="#[49]">&gt;&gt;</a>&nbsp;&nbsp;&nbsp;DMA2_Channel4_5_IRQHandler
<LI><a href="#[48]">&gt;&gt;</a>&nbsp;&nbsp;&nbsp;DMA2_Channel3_IRQHandler
<LI><a href="#[47]">&gt;&gt;</a>&nbsp;&nbsp;&nbsp;DMA2_Channel2_IRQHandler
<LI><a href="#[68]">&gt;&gt;</a>&nbsp;&nbsp;&nbsp;dma_start_edges
<LI><a href="#[6b]">&gt;&gt;</a>&nbsp;&nbsp;&nbsp;dma10_start_edges
<LI><a href="#[70]">&gt;&gt;</a>&nbsp;&nbsp;&nbsp;PU3_LoadChunk
</UL>

<P><STRONG><a name="[7f]"></a>DMA_Cmd</STRONG> (Thumb, 24 bytes, Stack size 0 bytes, stm32f10x_dma.o(i.DMA_Cmd))
<BR><BR>[Called By]<UL><LI><a href="#[17b]">&gt;&gt;</a>&nbsp;&nbsp;&nbsp;stepdma_pb11_init
<LI><a href="#[69]">&gt;&gt;</a>&nbsp;&nbsp;&nbsp;stepdma_pb10_stop
<LI><a href="#[63]">&gt;&gt;</a>&nbsp;&nbsp;&nbsp;stepdma_pb11_stop
<LI><a href="#[143]">&gt;&gt;</a>&nbsp;&nbsp;&nbsp;stepdma_pb10_init
<LI><a href="#[6e]">&gt;&gt;</a>&nbsp;&nbsp;&nbsp;PU3_Stepper_Stop
<LI><a href="#[68]">&gt;&gt;</a>&nbsp;&nbsp;&nbsp;dma_start_edges
<LI><a href="#[6b]">&gt;&gt;</a>&nbsp;&nbsp;&nbsp;dma10_start_edges
<LI><a href="#[70]">&gt;&gt;</a>&nbsp;&nbsp;&nbsp;PU3_LoadChunk
</UL>

<P><STRONG><a name="[8c]"></a>DMA_DeInit</STRONG> (Thumb, 324 bytes, Stack size 0 bytes, stm32f10x_dma.o(i.DMA_DeInit))
<BR><BR>[Called By]<UL><LI><a href="#[17b]">&gt;&gt;</a>&nbsp;&nbsp;&nbsp;stepdma_pb11_init
<LI><a href="#[87]">&gt;&gt;</a>&nbsp;&nbsp;&nbsp;PU3_Stepper_Init
<LI><a href="#[143]">&gt;&gt;</a>&nbsp;&nbsp;&nbsp;stepdma_pb10_init
</UL>

<P><STRONG><a name="[61]"></a>DMA_GetITStatus</STRONG> (Thumb, 36 bytes, Stack size 0 bytes, stm32f10x_dma.o(i.DMA_GetITStatus))
<BR><BR>[Called By]<UL><LI><a href="#[49]">&gt;&gt;</a>&nbsp;&nbsp;&nbsp;DMA2_Channel4_5_IRQHandler
<LI><a href="#[48]">&gt;&gt;</a>&nbsp;&nbsp;&nbsp;DMA2_Channel3_IRQHandler
<LI><a href="#[47]">&gt;&gt;</a>&nbsp;&nbsp;&nbsp;DMA2_Channel2_IRQHandler
</UL>

<P><STRONG><a name="[8e]"></a>DMA_ITConfig</STRONG> (Thumb, 18 bytes, Stack size 0 bytes, stm32f10x_dma.o(i.DMA_ITConfig))
<BR><BR>[Called By]<UL><LI><a href="#[17b]">&gt;&gt;</a>&nbsp;&nbsp;&nbsp;stepdma_pb11_init
<LI><a href="#[87]">&gt;&gt;</a>&nbsp;&nbsp;&nbsp;PU3_Stepper_Init
<LI><a href="#[143]">&gt;&gt;</a>&nbsp;&nbsp;&nbsp;stepdma_pb10_init
</UL>

<P><STRONG><a name="[8d]"></a>DMA_Init</STRONG> (Thumb, 60 bytes, Stack size 8 bytes, stm32f10x_dma.o(i.DMA_Init))
<BR><BR>[Stack]<UL><LI>Max Depth = 8<LI>Call Chain = DMA_Init
</UL>
<BR>[Called By]<UL><LI><a href="#[17b]">&gt;&gt;</a>&nbsp;&nbsp;&nbsp;stepdma_pb11_init
<LI><a href="#[87]">&gt;&gt;</a>&nbsp;&nbsp;&nbsp;PU3_Stepper_Init
<LI><a href="#[143]">&gt;&gt;</a>&nbsp;&nbsp;&nbsp;stepdma_pb10_init
</UL>

<P><STRONG><a name="[b]"></a>DebugMon_Handler</STRONG> (Thumb, 2 bytes, Stack size 0 bytes, stm32f10x_it.o(i.DebugMon_Handler))
<BR>[Address Reference Count : 1]<UL><LI> startup_stm32f10x_hd.o(RESET)
</UL>
<P><STRONG><a name="[71]"></a>Delay_Init</STRONG> (Thumb, 50 bytes, Stack size 8 bytes, delay.o(i.Delay_Init))
<BR><BR>[Stack]<UL><LI>Max Depth = 8<LI>Call Chain = Delay_Init
</UL>
<BR>[Calls]<UL><LI><a href="#[72]">&gt;&gt;</a>&nbsp;&nbsp;&nbsp;SysTick_CLKSourceConfig
</UL>
<BR>[Called By]<UL><LI><a href="#[56]">&gt;&gt;</a>&nbsp;&nbsp;&nbsp;main
</UL>

<P><STRONG><a name="[79]"></a>Delay_us</STRONG> (Thumb, 56 bytes, Stack size 0 bytes, delay.o(i.Delay_us))
<BR><BR>[Called By]<UL><LI><a href="#[173]">&gt;&gt;</a>&nbsp;&nbsp;&nbsp;handle_command
<LI><a href="#[16e]">&gt;&gt;</a>&nbsp;&nbsp;&nbsp;USART_SendBuffer
<LI><a href="#[83]">&gt;&gt;</a>&nbsp;&nbsp;&nbsp;ShiftRegister_WriteAll
<LI><a href="#[77]">&gt;&gt;</a>&nbsp;&nbsp;&nbsp;MAX31855_GetTemperature
<LI><a href="#[d8]">&gt;&gt;</a>&nbsp;&nbsp;&nbsp;Stepper2_Start
<LI><a href="#[12d]">&gt;&gt;</a>&nbsp;&nbsp;&nbsp;SPI_ReadBit
</UL>

<P><STRONG><a name="[73]"></a>GPIO_Config</STRONG> (Thumb, 46 bytes, Stack size 8 bytes, pwm.o(i.GPIO_Config))
<BR><BR>[Stack]<UL><LI>Max Depth = 32<LI>Call Chain = GPIO_Config &rArr; GPIO_Init
</UL>
<BR>[Calls]<UL><LI><a href="#[75]">&gt;&gt;</a>&nbsp;&nbsp;&nbsp;GPIO_PinRemapConfig
<LI><a href="#[76]">&gt;&gt;</a>&nbsp;&nbsp;&nbsp;GPIO_Init
<LI><a href="#[74]">&gt;&gt;</a>&nbsp;&nbsp;&nbsp;RCC_APB2PeriphClockCmd
</UL>
<BR>[Called By]<UL><LI><a href="#[56]">&gt;&gt;</a>&nbsp;&nbsp;&nbsp;main
</UL>

<P><STRONG><a name="[76]"></a>GPIO_Init</STRONG> (Thumb, 278 bytes, Stack size 24 bytes, stm32f10x_gpio.o(i.GPIO_Init))
<BR><BR>[Stack]<UL><LI>Max Depth = 24<LI>Call Chain = GPIO_Init
</UL>
<BR>[Called By]<UL><LI><a href="#[17b]">&gt;&gt;</a>&nbsp;&nbsp;&nbsp;stepdma_pb11_init
<LI><a href="#[162]">&gt;&gt;</a>&nbsp;&nbsp;&nbsp;USART1_Init
<LI><a href="#[138]">&gt;&gt;</a>&nbsp;&nbsp;&nbsp;ShiftRegister_Init
<LI><a href="#[131]">&gt;&gt;</a>&nbsp;&nbsp;&nbsp;ShiftRegisterInput_Init
<LI><a href="#[12c]">&gt;&gt;</a>&nbsp;&nbsp;&nbsp;SPI_GPIO_Init
<LI><a href="#[128]">&gt;&gt;</a>&nbsp;&nbsp;&nbsp;SPI1_InitOnce
<LI><a href="#[87]">&gt;&gt;</a>&nbsp;&nbsp;&nbsp;PU3_Stepper_Init
<LI><a href="#[7e]">&gt;&gt;</a>&nbsp;&nbsp;&nbsp;MAX31855_Init
<LI><a href="#[73]">&gt;&gt;</a>&nbsp;&nbsp;&nbsp;GPIO_Config
<LI><a href="#[c4]">&gt;&gt;</a>&nbsp;&nbsp;&nbsp;ReversibleMotor_InitGpioHardware
<LI><a href="#[143]">&gt;&gt;</a>&nbsp;&nbsp;&nbsp;stepdma_pb10_init
</UL>

<P><STRONG><a name="[75]"></a>GPIO_PinRemapConfig</STRONG> (Thumb, 138 bytes, Stack size 20 bytes, stm32f10x_gpio.o(i.GPIO_PinRemapConfig))
<BR><BR>[Stack]<UL><LI>Max Depth = 20<LI>Call Chain = GPIO_PinRemapConfig
</UL>
<BR>[Called By]<UL><LI><a href="#[162]">&gt;&gt;</a>&nbsp;&nbsp;&nbsp;USART1_Init
<LI><a href="#[73]">&gt;&gt;</a>&nbsp;&nbsp;&nbsp;GPIO_Config
</UL>

<P><STRONG><a name="[12e]"></a>GPIO_ReadInputDataBit</STRONG> (Thumb, 18 bytes, Stack size 0 bytes, stm32f10x_gpio.o(i.GPIO_ReadInputDataBit))
<BR><BR>[Called By]<UL><LI><a href="#[12d]">&gt;&gt;</a>&nbsp;&nbsp;&nbsp;SPI_ReadBit
</UL>

<P><STRONG><a name="[78]"></a>GPIO_ResetBits</STRONG> (Thumb, 4 bytes, Stack size 0 bytes, stm32f10x_gpio.o(i.GPIO_ResetBits))
<BR><BR>[Called By]<UL><LI><a href="#[b6]">&gt;&gt;</a>&nbsp;&nbsp;&nbsp;RS485_SetReceive
<LI><a href="#[17b]">&gt;&gt;</a>&nbsp;&nbsp;&nbsp;stepdma_pb11_init
<LI><a href="#[83]">&gt;&gt;</a>&nbsp;&nbsp;&nbsp;ShiftRegister_WriteAll
<LI><a href="#[132]">&gt;&gt;</a>&nbsp;&nbsp;&nbsp;ShiftRegisterInput_ReadAll
<LI><a href="#[12c]">&gt;&gt;</a>&nbsp;&nbsp;&nbsp;SPI_GPIO_Init
<LI><a href="#[87]">&gt;&gt;</a>&nbsp;&nbsp;&nbsp;PU3_Stepper_Init
<LI><a href="#[7e]">&gt;&gt;</a>&nbsp;&nbsp;&nbsp;MAX31855_Init
<LI><a href="#[77]">&gt;&gt;</a>&nbsp;&nbsp;&nbsp;MAX31855_GetTemperature
<LI><a href="#[c4]">&gt;&gt;</a>&nbsp;&nbsp;&nbsp;ReversibleMotor_InitGpioHardware
<LI><a href="#[bd]">&gt;&gt;</a>&nbsp;&nbsp;&nbsp;ReversibleMotor_HardwareSetDirection
<LI><a href="#[be]">&gt;&gt;</a>&nbsp;&nbsp;&nbsp;ReversibleMotor_HardwareEnable
<LI><a href="#[69]">&gt;&gt;</a>&nbsp;&nbsp;&nbsp;stepdma_pb10_stop
<LI><a href="#[90]">&gt;&gt;</a>&nbsp;&nbsp;&nbsp;PU3_Stepper_Start
<LI><a href="#[63]">&gt;&gt;</a>&nbsp;&nbsp;&nbsp;stepdma_pb11_stop
<LI><a href="#[143]">&gt;&gt;</a>&nbsp;&nbsp;&nbsp;stepdma_pb10_init
<LI><a href="#[6e]">&gt;&gt;</a>&nbsp;&nbsp;&nbsp;PU3_Stepper_Stop
<LI><a href="#[12d]">&gt;&gt;</a>&nbsp;&nbsp;&nbsp;SPI_ReadBit
</UL>

<P><STRONG><a name="[7b]"></a>GPIO_SetBits</STRONG> (Thumb, 4 bytes, Stack size 0 bytes, stm32f10x_gpio.o(i.GPIO_SetBits))
<BR><BR>[Called By]<UL><LI><a href="#[b7]">&gt;&gt;</a>&nbsp;&nbsp;&nbsp;RS485_SetTransmit
<LI><a href="#[83]">&gt;&gt;</a>&nbsp;&nbsp;&nbsp;ShiftRegister_WriteAll
<LI><a href="#[132]">&gt;&gt;</a>&nbsp;&nbsp;&nbsp;ShiftRegisterInput_ReadAll
<LI><a href="#[12c]">&gt;&gt;</a>&nbsp;&nbsp;&nbsp;SPI_GPIO_Init
<LI><a href="#[7e]">&gt;&gt;</a>&nbsp;&nbsp;&nbsp;MAX31855_Init
<LI><a href="#[77]">&gt;&gt;</a>&nbsp;&nbsp;&nbsp;MAX31855_GetTemperature
<LI><a href="#[56]">&gt;&gt;</a>&nbsp;&nbsp;&nbsp;main
<LI><a href="#[bd]">&gt;&gt;</a>&nbsp;&nbsp;&nbsp;ReversibleMotor_HardwareSetDirection
<LI><a href="#[be]">&gt;&gt;</a>&nbsp;&nbsp;&nbsp;ReversibleMotor_HardwareEnable
<LI><a href="#[12d]">&gt;&gt;</a>&nbsp;&nbsp;&nbsp;SPI_ReadBit
</UL>

<P><STRONG><a name="[6]"></a>HardFault_Handler</STRONG> (Thumb, 4 bytes, Stack size 0 bytes, stm32f10x_it.o(i.HardFault_Handler))
<BR>[Address Reference Count : 1]<UL><LI> startup_stm32f10x_hd.o(RESET)
</UL>
<P><STRONG><a name="[77]"></a>MAX31855_GetTemperature</STRONG> (Thumb, 88 bytes, Stack size 16 bytes, max31855.o(i.MAX31855_GetTemperature))
<BR><BR>[Stack]<UL><LI>Max Depth = 40<LI>Call Chain = MAX31855_GetTemperature &rArr; SPI_Read32Bit &rArr; SPI_ReadBit
</UL>
<BR>[Calls]<UL><LI><a href="#[78]">&gt;&gt;</a>&nbsp;&nbsp;&nbsp;GPIO_ResetBits
<LI><a href="#[7b]">&gt;&gt;</a>&nbsp;&nbsp;&nbsp;GPIO_SetBits
<LI><a href="#[79]">&gt;&gt;</a>&nbsp;&nbsp;&nbsp;Delay_us
<LI><a href="#[7a]">&gt;&gt;</a>&nbsp;&nbsp;&nbsp;SPI_Read32Bit
<LI><a href="#[7d]">&gt;&gt;</a>&nbsp;&nbsp;&nbsp;__aeabi_fmul
<LI><a href="#[7c]">&gt;&gt;</a>&nbsp;&nbsp;&nbsp;__aeabi_i2f
</UL>
<BR>[Called By]<UL><LI><a href="#[17f]">&gt;&gt;</a>&nbsp;&nbsp;&nbsp;task_temperature_report
</UL>

<P><STRONG><a name="[7e]"></a>MAX31855_Init</STRONG> (Thumb, 136 bytes, Stack size 8 bytes, max31855.o(i.MAX31855_Init))
<BR><BR>[Stack]<UL><LI>Max Depth = 32<LI>Call Chain = MAX31855_Init &rArr; GPIO_Init
</UL>
<BR>[Calls]<UL><LI><a href="#[78]">&gt;&gt;</a>&nbsp;&nbsp;&nbsp;GPIO_ResetBits
<LI><a href="#[76]">&gt;&gt;</a>&nbsp;&nbsp;&nbsp;GPIO_Init
<LI><a href="#[7b]">&gt;&gt;</a>&nbsp;&nbsp;&nbsp;GPIO_SetBits
<LI><a href="#[74]">&gt;&gt;</a>&nbsp;&nbsp;&nbsp;RCC_APB2PeriphClockCmd
</UL>
<BR>[Called By]<UL><LI><a href="#[56]">&gt;&gt;</a>&nbsp;&nbsp;&nbsp;main
</UL>

<P><STRONG><a name="[7]"></a>MemManage_Handler</STRONG> (Thumb, 4 bytes, Stack size 0 bytes, stm32f10x_it.o(i.MemManage_Handler))
<BR>[Address Reference Count : 1]<UL><LI> startup_stm32f10x_hd.o(RESET)
</UL>
<P><STRONG><a name="[17a]"></a>Motor_InitAll</STRONG> (Thumb, 174 bytes, Stack size 0 bytes, motor_ctrl.o(i.Motor_InitAll))
<BR><BR>[Called By]<UL><LI><a href="#[56]">&gt;&gt;</a>&nbsp;&nbsp;&nbsp;main
</UL>

<P><STRONG><a name="[5]"></a>NMI_Handler</STRONG> (Thumb, 2 bytes, Stack size 0 bytes, stm32f10x_it.o(i.NMI_Handler))
<BR>[Address Reference Count : 1]<UL><LI> startup_stm32f10x_hd.o(RESET)
</UL>
<P><STRONG><a name="[8f]"></a>NVIC_Init</STRONG> (Thumb, 100 bytes, Stack size 16 bytes, misc.o(i.NVIC_Init))
<BR><BR>[Stack]<UL><LI>Max Depth = 16<LI>Call Chain = NVIC_Init
</UL>
<BR>[Called By]<UL><LI><a href="#[17b]">&gt;&gt;</a>&nbsp;&nbsp;&nbsp;stepdma_pb11_init
<LI><a href="#[162]">&gt;&gt;</a>&nbsp;&nbsp;&nbsp;USART1_Init
<LI><a href="#[15e]">&gt;&gt;</a>&nbsp;&nbsp;&nbsp;Timer2_Init
<LI><a href="#[15d]">&gt;&gt;</a>&nbsp;&nbsp;&nbsp;TIM4_10us_Init
<LI><a href="#[15b]">&gt;&gt;</a>&nbsp;&nbsp;&nbsp;TIM3_10us_Init
<LI><a href="#[87]">&gt;&gt;</a>&nbsp;&nbsp;&nbsp;PU3_Stepper_Init
<LI><a href="#[143]">&gt;&gt;</a>&nbsp;&nbsp;&nbsp;stepdma_pb10_init
</UL>

<P><STRONG><a name="[179]"></a>NVIC_PriorityGroupConfig</STRONG> (Thumb, 10 bytes, Stack size 0 bytes, misc.o(i.NVIC_PriorityGroupConfig))
<BR><BR>[Called By]<UL><LI><a href="#[56]">&gt;&gt;</a>&nbsp;&nbsp;&nbsp;main
</UL>

<P><STRONG><a name="[cd]"></a>PU3_Stepper_GetCompletedSteps</STRONG> (Thumb, 6 bytes, Stack size 0 bytes, step_dma.o(i.PU3_Stepper_GetCompletedSteps))
<BR><BR>[Called By]<UL><LI><a href="#[ca]">&gt;&gt;</a>&nbsp;&nbsp;&nbsp;RobotArmDriver_GetCompletedSteps
</UL>

<P><STRONG><a name="[d1]"></a>PU3_Stepper_GetRemainingSteps</STRONG> (Thumb, 6 bytes, Stack size 0 bytes, step_dma.o(i.PU3_Stepper_GetRemainingSteps))
<BR><BR>[Called By]<UL><LI><a href="#[ce]">&gt;&gt;</a>&nbsp;&nbsp;&nbsp;RobotArmDriver_GetRemainingSteps
</UL>

<P><STRONG><a name="[87]"></a>PU3_Stepper_Init</STRONG> (Thumb, 254 bytes, Stack size 72 bytes, step_dma.o(i.PU3_Stepper_Init))
<BR><BR>[Stack]<UL><LI>Max Depth = 96<LI>Call Chain = PU3_Stepper_Init &rArr; GPIO_Init
</UL>
<BR>[Calls]<UL><LI><a href="#[88]">&gt;&gt;</a>&nbsp;&nbsp;&nbsp;RCC_APB1PeriphClockCmd
<LI><a href="#[8f]">&gt;&gt;</a>&nbsp;&nbsp;&nbsp;NVIC_Init
<LI><a href="#[78]">&gt;&gt;</a>&nbsp;&nbsp;&nbsp;GPIO_ResetBits
<LI><a href="#[76]">&gt;&gt;</a>&nbsp;&nbsp;&nbsp;GPIO_Init
<LI><a href="#[74]">&gt;&gt;</a>&nbsp;&nbsp;&nbsp;RCC_APB2PeriphClockCmd
<LI><a href="#[8a]">&gt;&gt;</a>&nbsp;&nbsp;&nbsp;TIM_TimeBaseInit
<LI><a href="#[8b]">&gt;&gt;</a>&nbsp;&nbsp;&nbsp;TIM_DMACmd
<LI><a href="#[89]">&gt;&gt;</a>&nbsp;&nbsp;&nbsp;RCC_AHBPeriphClockCmd
<LI><a href="#[8d]">&gt;&gt;</a>&nbsp;&nbsp;&nbsp;DMA_Init
<LI><a href="#[8e]">&gt;&gt;</a>&nbsp;&nbsp;&nbsp;DMA_ITConfig
<LI><a href="#[8c]">&gt;&gt;</a>&nbsp;&nbsp;&nbsp;DMA_DeInit
<LI><a href="#[6e]">&gt;&gt;</a>&nbsp;&nbsp;&nbsp;PU3_Stepper_Stop
</UL>
<BR>[Called By]<UL><LI><a href="#[56]">&gt;&gt;</a>&nbsp;&nbsp;&nbsp;main
</UL>

<P><STRONG><a name="[d5]"></a>PU3_Stepper_IsRunning</STRONG> (Thumb, 6 bytes, Stack size 0 bytes, step_dma.o(i.PU3_Stepper_IsRunning))
<BR><BR>[Called By]<UL><LI><a href="#[d7]">&gt;&gt;</a>&nbsp;&nbsp;&nbsp;RobotArmDriver_Start
<LI><a href="#[d2]">&gt;&gt;</a>&nbsp;&nbsp;&nbsp;RobotArmDriver_IsBusy
</UL>

<P><STRONG><a name="[90]"></a>PU3_Stepper_Start</STRONG> (Thumb, 142 bytes, Stack size 32 bytes, step_dma.o(i.PU3_Stepper_Start))
<BR><BR>[Stack]<UL><LI>Max Depth = 56<LI>Call Chain = PU3_Stepper_Start &rArr; PU3_SetDirection &rArr; ShiftRegister_WriteAll
</UL>
<BR>[Calls]<UL><LI><a href="#[78]">&gt;&gt;</a>&nbsp;&nbsp;&nbsp;GPIO_ResetBits
<LI><a href="#[6e]">&gt;&gt;</a>&nbsp;&nbsp;&nbsp;PU3_Stepper_Stop
<LI><a href="#[6f]">&gt;&gt;</a>&nbsp;&nbsp;&nbsp;PU3_SetEdgeFrequency
<LI><a href="#[82]">&gt;&gt;</a>&nbsp;&nbsp;&nbsp;PU3_SetDirection
<LI><a href="#[70]">&gt;&gt;</a>&nbsp;&nbsp;&nbsp;PU3_LoadChunk
</UL>
<BR>[Called By]<UL><LI><a href="#[173]">&gt;&gt;</a>&nbsp;&nbsp;&nbsp;handle_command
<LI><a href="#[d7]">&gt;&gt;</a>&nbsp;&nbsp;&nbsp;RobotArmDriver_Start
</UL>

<P><STRONG><a name="[6e]"></a>PU3_Stepper_Stop</STRONG> (Thumb, 52 bytes, Stack size 8 bytes, step_dma.o(i.PU3_Stepper_Stop))
<BR><BR>[Stack]<UL><LI>Max Depth = 8<LI>Call Chain = PU3_Stepper_Stop
</UL>
<BR>[Calls]<UL><LI><a href="#[78]">&gt;&gt;</a>&nbsp;&nbsp;&nbsp;GPIO_ResetBits
<LI><a href="#[81]">&gt;&gt;</a>&nbsp;&nbsp;&nbsp;TIM_Cmd
<LI><a href="#[7f]">&gt;&gt;</a>&nbsp;&nbsp;&nbsp;DMA_Cmd
<LI><a href="#[62]">&gt;&gt;</a>&nbsp;&nbsp;&nbsp;DMA_ClearITPendingBit
<LI><a href="#[80]">&gt;&gt;</a>&nbsp;&nbsp;&nbsp;TIM_ClearFlag
</UL>
<BR>[Called By]<UL><LI><a href="#[87]">&gt;&gt;</a>&nbsp;&nbsp;&nbsp;PU3_Stepper_Init
<LI><a href="#[90]">&gt;&gt;</a>&nbsp;&nbsp;&nbsp;PU3_Stepper_Start
<LI><a href="#[da]">&gt;&gt;</a>&nbsp;&nbsp;&nbsp;RobotArmDriver_Stop
<LI><a href="#[49]">&gt;&gt;</a>&nbsp;&nbsp;&nbsp;DMA2_Channel4_5_IRQHandler
</UL>

<P><STRONG><a name="[c]"></a>PendSV_Handler</STRONG> (Thumb, 2 bytes, Stack size 0 bytes, stm32f10x_it.o(i.PendSV_Handler))
<BR>[Address Reference Count : 1]<UL><LI> startup_stm32f10x_hd.o(RESET)
</UL>
<P><STRONG><a name="[93]"></a>ProtocolV2_CalculateCrc</STRONG> (Thumb, 70 bytes, Stack size 12 bytes, protocol_v2.o(i.ProtocolV2_CalculateCrc))
<BR><BR>[Stack]<UL><LI>Max Depth = 12<LI>Call Chain = ProtocolV2_CalculateCrc
</UL>
<BR>[Called By]<UL><LI><a href="#[94]">&gt;&gt;</a>&nbsp;&nbsp;&nbsp;ProtocolV2_Encode
<LI><a href="#[91]">&gt;&gt;</a>&nbsp;&nbsp;&nbsp;ProtocolV2_Decode
</UL>

<P><STRONG><a name="[91]"></a>ProtocolV2_Decode</STRONG> (Thumb, 100 bytes, Stack size 24 bytes, protocol_v2.o(i.ProtocolV2_Decode))
<BR><BR>[Stack]<UL><LI>Max Depth = 36<LI>Call Chain = ProtocolV2_Decode &rArr; ProtocolV2_CalculateCrc
</UL>
<BR>[Calls]<UL><LI><a href="#[92]">&gt;&gt;</a>&nbsp;&nbsp;&nbsp;ProtocolV2_ReadU16LE
<LI><a href="#[93]">&gt;&gt;</a>&nbsp;&nbsp;&nbsp;ProtocolV2_CalculateCrc
</UL>
<BR>[Called By]<UL><LI><a href="#[99]">&gt;&gt;</a>&nbsp;&nbsp;&nbsp;ProtocolV2_ProcessCandidate
</UL>

<P><STRONG><a name="[94]"></a>ProtocolV2_Encode</STRONG> (Thumb, 72 bytes, Stack size 20 bytes, protocol_v2.o(i.ProtocolV2_Encode))
<BR><BR>[Stack]<UL><LI>Max Depth = 32<LI>Call Chain = ProtocolV2_Encode &rArr; ProtocolV2_CalculateCrc
</UL>
<BR>[Calls]<UL><LI><a href="#[95]">&gt;&gt;</a>&nbsp;&nbsp;&nbsp;ProtocolV2_WriteU16LE
<LI><a href="#[93]">&gt;&gt;</a>&nbsp;&nbsp;&nbsp;ProtocolV2_CalculateCrc
</UL>
<BR>[Called By]<UL><LI><a href="#[f4]">&gt;&gt;</a>&nbsp;&nbsp;&nbsp;RobotArmProtocol_Queue
</UL>

<P><STRONG><a name="[96]"></a>ProtocolV2_Init</STRONG> (Thumb, 46 bytes, Stack size 8 bytes, protocol_v2.o(i.ProtocolV2_Init))
<BR><BR>[Stack]<UL><LI>Max Depth = 8<LI>Call Chain = ProtocolV2_Init
</UL>
<BR>[Calls]<UL><LI><a href="#[97]">&gt;&gt;</a>&nbsp;&nbsp;&nbsp;ProtocolV2_ClearBytes
</UL>
<BR>[Called By]<UL><LI><a href="#[56]">&gt;&gt;</a>&nbsp;&nbsp;&nbsp;main
</UL>

<P><STRONG><a name="[98]"></a>ProtocolV2_InputByte</STRONG> (Thumb, 116 bytes, Stack size 8 bytes, protocol_v2.o(i.ProtocolV2_InputByte))
<BR><BR>[Stack]<UL><LI>Max Depth = 68<LI>Call Chain = ProtocolV2_InputByte &rArr; ProtocolV2_ProcessCandidate &rArr; ProtocolV2_Decode &rArr; ProtocolV2_CalculateCrc
</UL>
<BR>[Calls]<UL><LI><a href="#[99]">&gt;&gt;</a>&nbsp;&nbsp;&nbsp;ProtocolV2_ProcessCandidate
</UL>
<BR>[Called By]<UL><LI><a href="#[17d]">&gt;&gt;</a>&nbsp;&nbsp;&nbsp;task_uart_frames
</UL>

<P><STRONG><a name="[a0]"></a>ProtocolV2_ReadI32LE</STRONG> (Thumb, 12 bytes, Stack size 4 bytes, protocol_v2.o(i.ProtocolV2_ReadI32LE))
<BR><BR>[Stack]<UL><LI>Max Depth = 4<LI>Call Chain = ProtocolV2_ReadI32LE
</UL>
<BR>[Calls]<UL><LI><a href="#[a1]">&gt;&gt;</a>&nbsp;&nbsp;&nbsp;ProtocolV2_ReadU32LE
</UL>
<BR>[Called By]<UL><LI><a href="#[de]">&gt;&gt;</a>&nbsp;&nbsp;&nbsp;RobotArmProtocol_HandleFrame
</UL>

<P><STRONG><a name="[92]"></a>ProtocolV2_ReadU16LE</STRONG> (Thumb, 12 bytes, Stack size 0 bytes, protocol_v2.o(i.ProtocolV2_ReadU16LE))
<BR><BR>[Called By]<UL><LI><a href="#[91]">&gt;&gt;</a>&nbsp;&nbsp;&nbsp;ProtocolV2_Decode
</UL>

<P><STRONG><a name="[a1]"></a>ProtocolV2_ReadU32LE</STRONG> (Thumb, 24 bytes, Stack size 0 bytes, protocol_v2.o(i.ProtocolV2_ReadU32LE))
<BR><BR>[Called By]<UL><LI><a href="#[de]">&gt;&gt;</a>&nbsp;&nbsp;&nbsp;RobotArmProtocol_HandleFrame
<LI><a href="#[a0]">&gt;&gt;</a>&nbsp;&nbsp;&nbsp;ProtocolV2_ReadI32LE
</UL>

<P><STRONG><a name="[a2]"></a>ProtocolV2_TakeFrame</STRONG> (Thumb, 66 bytes, Stack size 8 bytes, protocol_v2.o(i.ProtocolV2_TakeFrame))
<BR><BR>[Stack]<UL><LI>Max Depth = 8<LI>Call Chain = ProtocolV2_TakeFrame
</UL>
<BR>[Calls]<UL><LI><a href="#[9f]">&gt;&gt;</a>&nbsp;&nbsp;&nbsp;__aeabi_memcpy
</UL>
<BR>[Called By]<UL><LI><a href="#[17d]">&gt;&gt;</a>&nbsp;&nbsp;&nbsp;task_uart_frames
</UL>

<P><STRONG><a name="[a3]"></a>ProtocolV2_TakeV1Frame</STRONG> (Thumb, 66 bytes, Stack size 8 bytes, protocol_v2.o(i.ProtocolV2_TakeV1Frame))
<BR><BR>[Stack]<UL><LI>Max Depth = 16<LI>Call Chain = ProtocolV2_TakeV1Frame &rArr; ProtocolV2_CopyBytes
</UL>
<BR>[Calls]<UL><LI><a href="#[9e]">&gt;&gt;</a>&nbsp;&nbsp;&nbsp;ProtocolV2_CopyBytes
</UL>
<BR>[Called By]<UL><LI><a href="#[17d]">&gt;&gt;</a>&nbsp;&nbsp;&nbsp;task_uart_frames
</UL>

<P><STRONG><a name="[a4]"></a>ProtocolV2_WriteI32LE</STRONG> (Thumb, 16 bytes, Stack size 8 bytes, protocol_v2.o(i.ProtocolV2_WriteI32LE))
<BR><BR>[Stack]<UL><LI>Max Depth = 8<LI>Call Chain = ProtocolV2_WriteI32LE
</UL>
<BR>[Calls]<UL><LI><a href="#[a5]">&gt;&gt;</a>&nbsp;&nbsp;&nbsp;ProtocolV2_WriteU32LE
</UL>
<BR>[Called By]<UL><LI><a href="#[df]">&gt;&gt;</a>&nbsp;&nbsp;&nbsp;RobotArmProtocol_SendStatus
</UL>

<P><STRONG><a name="[95]"></a>ProtocolV2_WriteU16LE</STRONG> (Thumb, 8 bytes, Stack size 0 bytes, protocol_v2.o(i.ProtocolV2_WriteU16LE))
<BR><BR>[Called By]<UL><LI><a href="#[94]">&gt;&gt;</a>&nbsp;&nbsp;&nbsp;ProtocolV2_Encode
</UL>

<P><STRONG><a name="[a5]"></a>ProtocolV2_WriteU32LE</STRONG> (Thumb, 16 bytes, Stack size 0 bytes, protocol_v2.o(i.ProtocolV2_WriteU32LE))
<BR><BR>[Called By]<UL><LI><a href="#[a4]">&gt;&gt;</a>&nbsp;&nbsp;&nbsp;ProtocolV2_WriteI32LE
</UL>

<P><STRONG><a name="[a6]"></a>Protocol_CheckPb10StopSensor</STRONG> (Thumb, 92 bytes, Stack size 24 bytes, protocol.o(i.Protocol_CheckPb10StopSensor))
<BR><BR>[Stack]<UL><LI>Max Depth = 32<LI>Call Chain = Protocol_CheckPb10StopSensor &rArr; stepdma_pb10_stop
</UL>
<BR>[Calls]<UL><LI><a href="#[69]">&gt;&gt;</a>&nbsp;&nbsp;&nbsp;stepdma_pb10_stop
<LI><a href="#[a7]">&gt;&gt;</a>&nbsp;&nbsp;&nbsp;stepdma_pb10_is_running
<LI><a href="#[a8]">&gt;&gt;</a>&nbsp;&nbsp;&nbsp;Protocol_DisablePb10StopSensor
</UL>
<BR>[Called By]<UL><LI><a href="#[132]">&gt;&gt;</a>&nbsp;&nbsp;&nbsp;ShiftRegisterInput_ReadAll
</UL>

<P><STRONG><a name="[aa]"></a>Protocol_InitTxDiagnostics</STRONG> (Thumb, 24 bytes, Stack size 4 bytes, protocol.o(i.Protocol_InitTxDiagnostics))
<BR><BR>[Stack]<UL><LI>Max Depth = 4<LI>Call Chain = Protocol_InitTxDiagnostics
</UL>
<BR>[Calls]<UL><LI><a href="#[ab]">&gt;&gt;</a>&nbsp;&nbsp;&nbsp;Protocol_ResetUsart2TxTimeoutEvidence
</UL>
<BR>[Called By]<UL><LI><a href="#[56]">&gt;&gt;</a>&nbsp;&nbsp;&nbsp;main
</UL>

<P><STRONG><a name="[ac]"></a>Protocol_RecordUsart2TxTimeout</STRONG> (Thumb, 76 bytes, Stack size 16 bytes, protocol.o(i.Protocol_RecordUsart2TxTimeout))
<BR><BR>[Stack]<UL><LI>Max Depth = 16<LI>Call Chain = Protocol_RecordUsart2TxTimeout
</UL>
<BR>[Calls]<UL><LI><a href="#[ad]">&gt;&gt;</a>&nbsp;&nbsp;&nbsp;millis
</UL>
<BR>[Called By]<UL><LI><a href="#[16e]">&gt;&gt;</a>&nbsp;&nbsp;&nbsp;USART_SendBuffer
</UL>

<P><STRONG><a name="[ab]"></a>Protocol_ResetUsart2TxTimeoutEvidence</STRONG> (Thumb, 42 bytes, Stack size 0 bytes, protocol.o(i.Protocol_ResetUsart2TxTimeoutEvidence))
<BR><BR>[Called By]<UL><LI><a href="#[aa]">&gt;&gt;</a>&nbsp;&nbsp;&nbsp;Protocol_InitTxDiagnostics
</UL>

<P><STRONG><a name="[18b]"></a>Protocol_TakeCommand</STRONG> (Thumb, 92 bytes, Stack size 8 bytes, protocol.o(i.Protocol_TakeCommand))
<BR><BR>[Stack]<UL><LI>Max Depth = 8<LI>Call Chain = Protocol_TakeCommand
</UL>
<BR>[Called By]<UL><LI><a href="#[17e]">&gt;&gt;</a>&nbsp;&nbsp;&nbsp;task_protocol_commands
</UL>

<P><STRONG><a name="[89]"></a>RCC_AHBPeriphClockCmd</STRONG> (Thumb, 26 bytes, Stack size 0 bytes, stm32f10x_rcc.o(i.RCC_AHBPeriphClockCmd))
<BR><BR>[Called By]<UL><LI><a href="#[17b]">&gt;&gt;</a>&nbsp;&nbsp;&nbsp;stepdma_pb11_init
<LI><a href="#[87]">&gt;&gt;</a>&nbsp;&nbsp;&nbsp;PU3_Stepper_Init
<LI><a href="#[143]">&gt;&gt;</a>&nbsp;&nbsp;&nbsp;stepdma_pb10_init
</UL>

<P><STRONG><a name="[88]"></a>RCC_APB1PeriphClockCmd</STRONG> (Thumb, 26 bytes, Stack size 0 bytes, stm32f10x_rcc.o(i.RCC_APB1PeriphClockCmd))
<BR><BR>[Called By]<UL><LI><a href="#[17b]">&gt;&gt;</a>&nbsp;&nbsp;&nbsp;stepdma_pb11_init
<LI><a href="#[162]">&gt;&gt;</a>&nbsp;&nbsp;&nbsp;USART1_Init
<LI><a href="#[15e]">&gt;&gt;</a>&nbsp;&nbsp;&nbsp;Timer2_Init
<LI><a href="#[15d]">&gt;&gt;</a>&nbsp;&nbsp;&nbsp;TIM4_10us_Init
<LI><a href="#[15b]">&gt;&gt;</a>&nbsp;&nbsp;&nbsp;TIM3_10us_Init
<LI><a href="#[87]">&gt;&gt;</a>&nbsp;&nbsp;&nbsp;PU3_Stepper_Init
<LI><a href="#[143]">&gt;&gt;</a>&nbsp;&nbsp;&nbsp;stepdma_pb10_init
</UL>

<P><STRONG><a name="[74]"></a>RCC_APB2PeriphClockCmd</STRONG> (Thumb, 26 bytes, Stack size 0 bytes, stm32f10x_rcc.o(i.RCC_APB2PeriphClockCmd))
<BR><BR>[Called By]<UL><LI><a href="#[17b]">&gt;&gt;</a>&nbsp;&nbsp;&nbsp;stepdma_pb11_init
<LI><a href="#[162]">&gt;&gt;</a>&nbsp;&nbsp;&nbsp;USART1_Init
<LI><a href="#[14f]">&gt;&gt;</a>&nbsp;&nbsp;&nbsp;TIM1_PWM_CH2N_Config
<LI><a href="#[138]">&gt;&gt;</a>&nbsp;&nbsp;&nbsp;ShiftRegister_Init
<LI><a href="#[131]">&gt;&gt;</a>&nbsp;&nbsp;&nbsp;ShiftRegisterInput_Init
<LI><a href="#[12c]">&gt;&gt;</a>&nbsp;&nbsp;&nbsp;SPI_GPIO_Init
<LI><a href="#[128]">&gt;&gt;</a>&nbsp;&nbsp;&nbsp;SPI1_InitOnce
<LI><a href="#[87]">&gt;&gt;</a>&nbsp;&nbsp;&nbsp;PU3_Stepper_Init
<LI><a href="#[7e]">&gt;&gt;</a>&nbsp;&nbsp;&nbsp;MAX31855_Init
<LI><a href="#[73]">&gt;&gt;</a>&nbsp;&nbsp;&nbsp;GPIO_Config
<LI><a href="#[145]">&gt;&gt;</a>&nbsp;&nbsp;&nbsp;SystemClock_Config
<LI><a href="#[c4]">&gt;&gt;</a>&nbsp;&nbsp;&nbsp;ReversibleMotor_InitGpioHardware
<LI><a href="#[143]">&gt;&gt;</a>&nbsp;&nbsp;&nbsp;stepdma_pb10_init
</UL>

<P><STRONG><a name="[146]"></a>RCC_DeInit</STRONG> (Thumb, 64 bytes, Stack size 0 bytes, stm32f10x_rcc.o(i.RCC_DeInit))
<BR><BR>[Called By]<UL><LI><a href="#[145]">&gt;&gt;</a>&nbsp;&nbsp;&nbsp;SystemClock_Config
</UL>

<P><STRONG><a name="[16b]"></a>RCC_GetClocksFreq</STRONG> (Thumb, 192 bytes, Stack size 12 bytes, stm32f10x_rcc.o(i.RCC_GetClocksFreq))
<BR><BR>[Stack]<UL><LI>Max Depth = 12<LI>Call Chain = RCC_GetClocksFreq
</UL>
<BR>[Called By]<UL><LI><a href="#[165]">&gt;&gt;</a>&nbsp;&nbsp;&nbsp;USART_Init
</UL>

<P><STRONG><a name="[b5]"></a>RCC_GetFlagStatus</STRONG> (Thumb, 56 bytes, Stack size 8 bytes, stm32f10x_rcc.o(i.RCC_GetFlagStatus))
<BR><BR>[Stack]<UL><LI>Max Depth = 8<LI>Call Chain = RCC_GetFlagStatus
</UL>
<BR>[Called By]<UL><LI><a href="#[b4]">&gt;&gt;</a>&nbsp;&nbsp;&nbsp;RCC_WaitForHSEStartUp
<LI><a href="#[145]">&gt;&gt;</a>&nbsp;&nbsp;&nbsp;SystemClock_Config
</UL>

<P><STRONG><a name="[14b]"></a>RCC_GetSYSCLKSource</STRONG> (Thumb, 10 bytes, Stack size 0 bytes, stm32f10x_rcc.o(i.RCC_GetSYSCLKSource))
<BR><BR>[Called By]<UL><LI><a href="#[145]">&gt;&gt;</a>&nbsp;&nbsp;&nbsp;SystemClock_Config
</UL>

<P><STRONG><a name="[14c]"></a>RCC_HCLKConfig</STRONG> (Thumb, 18 bytes, Stack size 0 bytes, stm32f10x_rcc.o(i.RCC_HCLKConfig))
<BR><BR>[Called By]<UL><LI><a href="#[145]">&gt;&gt;</a>&nbsp;&nbsp;&nbsp;SystemClock_Config
</UL>

<P><STRONG><a name="[147]"></a>RCC_HSEConfig</STRONG> (Thumb, 70 bytes, Stack size 0 bytes, stm32f10x_rcc.o(i.RCC_HSEConfig))
<BR><BR>[Called By]<UL><LI><a href="#[145]">&gt;&gt;</a>&nbsp;&nbsp;&nbsp;SystemClock_Config
</UL>

<P><STRONG><a name="[c5]"></a>RCC_LSEConfig</STRONG> (Thumb, 46 bytes, Stack size 0 bytes, stm32f10x_rcc.o(i.RCC_LSEConfig))
<BR><BR>[Called By]<UL><LI><a href="#[c4]">&gt;&gt;</a>&nbsp;&nbsp;&nbsp;ReversibleMotor_InitGpioHardware
</UL>

<P><STRONG><a name="[14d]"></a>RCC_PCLK1Config</STRONG> (Thumb, 18 bytes, Stack size 0 bytes, stm32f10x_rcc.o(i.RCC_PCLK1Config))
<BR><BR>[Called By]<UL><LI><a href="#[145]">&gt;&gt;</a>&nbsp;&nbsp;&nbsp;SystemClock_Config
</UL>

<P><STRONG><a name="[14e]"></a>RCC_PCLK2Config</STRONG> (Thumb, 20 bytes, Stack size 0 bytes, stm32f10x_rcc.o(i.RCC_PCLK2Config))
<BR><BR>[Called By]<UL><LI><a href="#[145]">&gt;&gt;</a>&nbsp;&nbsp;&nbsp;SystemClock_Config
</UL>

<P><STRONG><a name="[149]"></a>RCC_PLLCmd</STRONG> (Thumb, 6 bytes, Stack size 0 bytes, stm32f10x_rcc.o(i.RCC_PLLCmd))
<BR><BR>[Called By]<UL><LI><a href="#[145]">&gt;&gt;</a>&nbsp;&nbsp;&nbsp;SystemClock_Config
</UL>

<P><STRONG><a name="[148]"></a>RCC_PLLConfig</STRONG> (Thumb, 24 bytes, Stack size 0 bytes, stm32f10x_rcc.o(i.RCC_PLLConfig))
<BR><BR>[Called By]<UL><LI><a href="#[145]">&gt;&gt;</a>&nbsp;&nbsp;&nbsp;SystemClock_Config
</UL>

<P><STRONG><a name="[14a]"></a>RCC_SYSCLKConfig</STRONG> (Thumb, 18 bytes, Stack size 0 bytes, stm32f10x_rcc.o(i.RCC_SYSCLKConfig))
<BR><BR>[Called By]<UL><LI><a href="#[145]">&gt;&gt;</a>&nbsp;&nbsp;&nbsp;SystemClock_Config
</UL>

<P><STRONG><a name="[b4]"></a>RCC_WaitForHSEStartUp</STRONG> (Thumb, 56 bytes, Stack size 16 bytes, stm32f10x_rcc.o(i.RCC_WaitForHSEStartUp))
<BR><BR>[Stack]<UL><LI>Max Depth = 24<LI>Call Chain = RCC_WaitForHSEStartUp &rArr; RCC_GetFlagStatus
</UL>
<BR>[Calls]<UL><LI><a href="#[b5]">&gt;&gt;</a>&nbsp;&nbsp;&nbsp;RCC_GetFlagStatus
</UL>
<BR>[Called By]<UL><LI><a href="#[145]">&gt;&gt;</a>&nbsp;&nbsp;&nbsp;SystemClock_Config
</UL>

<P><STRONG><a name="[c1]"></a>ReversibleMotor_Immediate</STRONG> (Thumb, 66 bytes, Stack size 24 bytes, reversible_motor.o(i.ReversibleMotor_Immediate))
<BR><BR>[Stack]<UL><LI>Max Depth = 104<LI>Call Chain = ReversibleMotor_Immediate &rArr; ReversibleMotor_ConfigureStart &rArr; ReversibleMotor_HardwareStop &rArr; ReversibleMotor_HardwareSetDirection &rArr; ShiftRegister_WriteAll
</UL>
<BR>[Calls]<UL><LI><a href="#[c2]">&gt;&gt;</a>&nbsp;&nbsp;&nbsp;ReversibleMotor_Stop
<LI><a href="#[b9]">&gt;&gt;</a>&nbsp;&nbsp;&nbsp;ReversibleMotor_IsValidId
<LI><a href="#[b8]">&gt;&gt;</a>&nbsp;&nbsp;&nbsp;ReversibleMotor_ConfigureStart
</UL>
<BR>[Called By]<UL><LI><a href="#[173]">&gt;&gt;</a>&nbsp;&nbsp;&nbsp;handle_command
</UL>

<P><STRONG><a name="[c3]"></a>ReversibleMotor_Init</STRONG> (Thumb, 50 bytes, Stack size 8 bytes, reversible_motor.o(i.ReversibleMotor_Init))
<BR><BR>[Stack]<UL><LI>Max Depth = 56<LI>Call Chain = ReversibleMotor_Init &rArr; ReversibleMotor_HardwareStop &rArr; ReversibleMotor_HardwareSetDirection &rArr; ShiftRegister_WriteAll
</UL>
<BR>[Calls]<UL><LI><a href="#[c4]">&gt;&gt;</a>&nbsp;&nbsp;&nbsp;ReversibleMotor_InitGpioHardware
<LI><a href="#[bc]">&gt;&gt;</a>&nbsp;&nbsp;&nbsp;ReversibleMotor_HardwareStop
<LI><a href="#[bb]">&gt;&gt;</a>&nbsp;&nbsp;&nbsp;ReversibleMotor_ClearTask
</UL>
<BR>[Called By]<UL><LI><a href="#[56]">&gt;&gt;</a>&nbsp;&nbsp;&nbsp;main
</UL>

<P><STRONG><a name="[af]"></a>ReversibleMotor_RecordError</STRONG> (Thumb, 16 bytes, Stack size 0 bytes, reversible_motor.o(i.ReversibleMotor_RecordError))
<BR><BR>[Called By]<UL><LI><a href="#[173]">&gt;&gt;</a>&nbsp;&nbsp;&nbsp;handle_command
<LI><a href="#[ae]">&gt;&gt;</a>&nbsp;&nbsp;&nbsp;Protocol_SendReversibleMotorResult
</UL>

<P><STRONG><a name="[c6]"></a>ReversibleMotor_StartSensorTimed</STRONG> (Thumb, 50 bytes, Stack size 32 bytes, reversible_motor.o(i.ReversibleMotor_StartSensorTimed))
<BR><BR>[Stack]<UL><LI>Max Depth = 112<LI>Call Chain = ReversibleMotor_StartSensorTimed &rArr; ReversibleMotor_ConfigureStart &rArr; ReversibleMotor_HardwareStop &rArr; ReversibleMotor_HardwareSetDirection &rArr; ShiftRegister_WriteAll
</UL>
<BR>[Calls]<UL><LI><a href="#[b8]">&gt;&gt;</a>&nbsp;&nbsp;&nbsp;ReversibleMotor_ConfigureStart
</UL>
<BR>[Called By]<UL><LI><a href="#[173]">&gt;&gt;</a>&nbsp;&nbsp;&nbsp;handle_command
</UL>

<P><STRONG><a name="[c7]"></a>ReversibleMotor_StartTimed</STRONG> (Thumb, 34 bytes, Stack size 24 bytes, reversible_motor.o(i.ReversibleMotor_StartTimed))
<BR><BR>[Stack]<UL><LI>Max Depth = 104<LI>Call Chain = ReversibleMotor_StartTimed &rArr; ReversibleMotor_ConfigureStart &rArr; ReversibleMotor_HardwareStop &rArr; ReversibleMotor_HardwareSetDirection &rArr; ShiftRegister_WriteAll
</UL>
<BR>[Calls]<UL><LI><a href="#[b8]">&gt;&gt;</a>&nbsp;&nbsp;&nbsp;ReversibleMotor_ConfigureStart
</UL>
<BR>[Called By]<UL><LI><a href="#[173]">&gt;&gt;</a>&nbsp;&nbsp;&nbsp;handle_command
</UL>

<P><STRONG><a name="[c8]"></a>ReversibleMotor_Task</STRONG> (Thumb, 188 bytes, Stack size 16 bytes, reversible_motor.o(i.ReversibleMotor_Task))
<BR><BR>[Stack]<UL><LI>Max Depth = 80<LI>Call Chain = ReversibleMotor_Task &rArr; ReversibleMotor_Stop &rArr; ReversibleMotor_HardwareStop &rArr; ReversibleMotor_HardwareSetDirection &rArr; ShiftRegister_WriteAll
</UL>
<BR>[Calls]<UL><LI><a href="#[c2]">&gt;&gt;</a>&nbsp;&nbsp;&nbsp;ReversibleMotor_Stop
<LI><a href="#[c9]">&gt;&gt;</a>&nbsp;&nbsp;&nbsp;ReversibleMotor_IsSensorTriggered
<LI><a href="#[ba]">&gt;&gt;</a>&nbsp;&nbsp;&nbsp;ReversibleMotor_IsDirection
<LI><a href="#[bd]">&gt;&gt;</a>&nbsp;&nbsp;&nbsp;ReversibleMotor_HardwareSetDirection
<LI><a href="#[be]">&gt;&gt;</a>&nbsp;&nbsp;&nbsp;ReversibleMotor_HardwareEnable
<LI><a href="#[bf]">&gt;&gt;</a>&nbsp;&nbsp;&nbsp;ReversibleMotor_GetRunMode
</UL>
<BR>[Called By]<UL><LI><a href="#[182]">&gt;&gt;</a>&nbsp;&nbsp;&nbsp;task_single_motor
</UL>

<P><STRONG><a name="[163]"></a>RingBuffer_Init</STRONG> (Thumb, 12 bytes, Stack size 0 bytes, ringbuffer.o(i.RingBuffer_Init))
<BR><BR>[Called By]<UL><LI><a href="#[162]">&gt;&gt;</a>&nbsp;&nbsp;&nbsp;USART1_Init
</UL>

<P><STRONG><a name="[160]"></a>RingBuffer_ReadByte</STRONG> (Thumb, 50 bytes, Stack size 8 bytes, ringbuffer.o(i.RingBuffer_ReadByte))
<BR><BR>[Stack]<UL><LI>Max Depth = 8<LI>Call Chain = RingBuffer_ReadByte
</UL>
<BR>[Called By]<UL><LI><a href="#[169]">&gt;&gt;</a>&nbsp;&nbsp;&nbsp;USART3_Process
<LI><a href="#[15f]">&gt;&gt;</a>&nbsp;&nbsp;&nbsp;UART1GetByte
</UL>

<P><STRONG><a name="[161]"></a>RingBuffer_WriteByte</STRONG> (Thumb, 54 bytes, Stack size 8 bytes, ringbuffer.o(i.RingBuffer_WriteByte))
<BR><BR>[Stack]<UL><LI>Max Depth = 8<LI>Call Chain = RingBuffer_WriteByte
</UL>
<BR>[Called By]<UL><LI><a href="#[33]">&gt;&gt;</a>&nbsp;&nbsp;&nbsp;USART1_IRQHandler
<LI><a href="#[168]">&gt;&gt;</a>&nbsp;&nbsp;&nbsp;USART_RxIrqHandler
</UL>

<P><STRONG><a name="[ca]"></a>RobotArmDriver_GetCompletedSteps</STRONG> (Thumb, 38 bytes, Stack size 8 bytes, robot_arm_driver.o(i.RobotArmDriver_GetCompletedSteps))
<BR><BR>[Stack]<UL><LI>Max Depth = 8<LI>Call Chain = RobotArmDriver_GetCompletedSteps
</UL>
<BR>[Calls]<UL><LI><a href="#[cc]">&gt;&gt;</a>&nbsp;&nbsp;&nbsp;stepdma_pb11_get_completed_steps
<LI><a href="#[cb]">&gt;&gt;</a>&nbsp;&nbsp;&nbsp;Stepper2_GetCompletedSteps
<LI><a href="#[cd]">&gt;&gt;</a>&nbsp;&nbsp;&nbsp;PU3_Stepper_GetCompletedSteps
</UL>
<BR>[Called By]<UL><LI><a href="#[11b]">&gt;&gt;</a>&nbsp;&nbsp;&nbsp;RobotArm_ProcessAxisMove
</UL>

<P><STRONG><a name="[ce]"></a>RobotArmDriver_GetRemainingSteps</STRONG> (Thumb, 38 bytes, Stack size 8 bytes, robot_arm_driver.o(i.RobotArmDriver_GetRemainingSteps))
<BR><BR>[Stack]<UL><LI>Max Depth = 8<LI>Call Chain = RobotArmDriver_GetRemainingSteps
</UL>
<BR>[Calls]<UL><LI><a href="#[d0]">&gt;&gt;</a>&nbsp;&nbsp;&nbsp;stepdma_pb11_get_remaining_steps
<LI><a href="#[cf]">&gt;&gt;</a>&nbsp;&nbsp;&nbsp;Stepper2_GetRemainingSteps
<LI><a href="#[d1]">&gt;&gt;</a>&nbsp;&nbsp;&nbsp;PU3_Stepper_GetRemainingSteps
</UL>
<BR>[Called By]<UL><LI><a href="#[11f]">&gt;&gt;</a>&nbsp;&nbsp;&nbsp;RobotArm_TaskHome
<LI><a href="#[11b]">&gt;&gt;</a>&nbsp;&nbsp;&nbsp;RobotArm_ProcessAxisMove
</UL>

<P><STRONG><a name="[d2]"></a>RobotArmDriver_IsBusy</STRONG> (Thumb, 38 bytes, Stack size 8 bytes, robot_arm_driver.o(i.RobotArmDriver_IsBusy))
<BR><BR>[Stack]<UL><LI>Max Depth = 12<LI>Call Chain = RobotArmDriver_IsBusy &rArr; Stepper2_IsBusy
</UL>
<BR>[Calls]<UL><LI><a href="#[d4]">&gt;&gt;</a>&nbsp;&nbsp;&nbsp;stepdma_pb11_is_running
<LI><a href="#[d3]">&gt;&gt;</a>&nbsp;&nbsp;&nbsp;Stepper2_IsBusy
<LI><a href="#[d5]">&gt;&gt;</a>&nbsp;&nbsp;&nbsp;PU3_Stepper_IsRunning
</UL>
<BR>[Called By]<UL><LI><a href="#[e0]">&gt;&gt;</a>&nbsp;&nbsp;&nbsp;RobotArm_Stop
<LI><a href="#[ec]">&gt;&gt;</a>&nbsp;&nbsp;&nbsp;RobotArm_IsBusy
<LI><a href="#[d7]">&gt;&gt;</a>&nbsp;&nbsp;&nbsp;RobotArmDriver_Start
<LI><a href="#[125]">&gt;&gt;</a>&nbsp;&nbsp;&nbsp;RobotArm_TryCompleteMoveTo
<LI><a href="#[11f]">&gt;&gt;</a>&nbsp;&nbsp;&nbsp;RobotArm_TaskHome
<LI><a href="#[11c]">&gt;&gt;</a>&nbsp;&nbsp;&nbsp;RobotArm_StartAxisMoveInternal
<LI><a href="#[11b]">&gt;&gt;</a>&nbsp;&nbsp;&nbsp;RobotArm_ProcessAxisMove
<LI><a href="#[108]">&gt;&gt;</a>&nbsp;&nbsp;&nbsp;RobotArm_FailHome
<LI><a href="#[109]">&gt;&gt;</a>&nbsp;&nbsp;&nbsp;RobotArm_FailAxisMove
</UL>

<P><STRONG><a name="[d7]"></a>RobotArmDriver_Start</STRONG> (Thumb, 168 bytes, Stack size 32 bytes, robot_arm_driver.o(i.RobotArmDriver_Start))
<BR><BR>[Stack]<UL><LI>Max Depth = 208<LI>Call Chain = RobotArmDriver_Start &rArr; stepdma_pb11_request_trap &rArr; stepdma_pb11_move_trap &rArr; trap_get_f &rArr; isqrt_u64
</UL>
<BR>[Calls]<UL><LI><a href="#[d9]">&gt;&gt;</a>&nbsp;&nbsp;&nbsp;stepdma_pb11_request_trap
<LI><a href="#[90]">&gt;&gt;</a>&nbsp;&nbsp;&nbsp;PU3_Stepper_Start
<LI><a href="#[d6]">&gt;&gt;</a>&nbsp;&nbsp;&nbsp;RobotArmDriver_SetPb11Direction
<LI><a href="#[d2]">&gt;&gt;</a>&nbsp;&nbsp;&nbsp;RobotArmDriver_IsBusy
<LI><a href="#[d4]">&gt;&gt;</a>&nbsp;&nbsp;&nbsp;stepdma_pb11_is_running
<LI><a href="#[d8]">&gt;&gt;</a>&nbsp;&nbsp;&nbsp;Stepper2_Start
<LI><a href="#[d3]">&gt;&gt;</a>&nbsp;&nbsp;&nbsp;Stepper2_IsBusy
<LI><a href="#[d5]">&gt;&gt;</a>&nbsp;&nbsp;&nbsp;PU3_Stepper_IsRunning
</UL>
<BR>[Called By]<UL><LI><a href="#[11d]">&gt;&gt;</a>&nbsp;&nbsp;&nbsp;RobotArm_StartHomeDriver
<LI><a href="#[11c]">&gt;&gt;</a>&nbsp;&nbsp;&nbsp;RobotArm_StartAxisMoveInternal
</UL>

<P><STRONG><a name="[da]"></a>RobotArmDriver_Stop</STRONG> (Thumb, 40 bytes, Stack size 8 bytes, robot_arm_driver.o(i.RobotArmDriver_Stop))
<BR><BR>[Stack]<UL><LI>Max Depth = 24<LI>Call Chain = RobotArmDriver_Stop &rArr; Stepper2_Stop &rArr; stepdma_pb10_stop
</UL>
<BR>[Calls]<UL><LI><a href="#[db]">&gt;&gt;</a>&nbsp;&nbsp;&nbsp;Stepper2_Stop
<LI><a href="#[63]">&gt;&gt;</a>&nbsp;&nbsp;&nbsp;stepdma_pb11_stop
<LI><a href="#[6e]">&gt;&gt;</a>&nbsp;&nbsp;&nbsp;PU3_Stepper_Stop
</UL>
<BR>[Called By]<UL><LI><a href="#[e0]">&gt;&gt;</a>&nbsp;&nbsp;&nbsp;RobotArm_Stop
<LI><a href="#[11f]">&gt;&gt;</a>&nbsp;&nbsp;&nbsp;RobotArm_TaskHome
<LI><a href="#[108]">&gt;&gt;</a>&nbsp;&nbsp;&nbsp;RobotArm_FailHome
<LI><a href="#[109]">&gt;&gt;</a>&nbsp;&nbsp;&nbsp;RobotArm_FailAxisMove
</UL>

<P><STRONG><a name="[dc]"></a>RobotArmProtocol_CanAcceptRequest</STRONG> (Thumb, 38 bytes, Stack size 8 bytes, robot_arm_protocol.o(i.RobotArmProtocol_CanAcceptRequest))
<BR><BR>[Stack]<UL><LI>Max Depth = 16<LI>Call Chain = RobotArmProtocol_CanAcceptRequest &rArr; RobotArmProtocol_FlushTx
</UL>
<BR>[Calls]<UL><LI><a href="#[dd]">&gt;&gt;</a>&nbsp;&nbsp;&nbsp;RobotArmProtocol_FlushTx
</UL>
<BR>[Called By]<UL><LI><a href="#[17d]">&gt;&gt;</a>&nbsp;&nbsp;&nbsp;task_uart_frames
</UL>

<P><STRONG><a name="[de]"></a>RobotArmProtocol_HandleFrame</STRONG> (Thumb, 488 bytes, Stack size 40 bytes, robot_arm_protocol.o(i.RobotArmProtocol_HandleFrame))
<BR><BR>[Stack]<UL><LI>Max Depth = 368<LI>Call Chain = RobotArmProtocol_HandleFrame &rArr; RobotArmProtocol_MoveAxisRelative &rArr; RobotArm_MoveZRelative &rArr; RobotArm_StartSingleRelative &rArr; RobotArm_StartAxisMoveInternal &rArr; RobotArmDriver_Start &rArr; stepdma_pb11_request_trap &rArr; stepdma_pb11_move_trap &rArr; trap_get_f &rArr; isqrt_u64
</UL>
<BR>[Calls]<UL><LI><a href="#[e0]">&gt;&gt;</a>&nbsp;&nbsp;&nbsp;RobotArm_Stop
<LI><a href="#[ea]">&gt;&gt;</a>&nbsp;&nbsp;&nbsp;RobotArm_MoveToSafe
<LI><a href="#[e9]">&gt;&gt;</a>&nbsp;&nbsp;&nbsp;RobotArm_MoveTo
<LI><a href="#[ec]">&gt;&gt;</a>&nbsp;&nbsp;&nbsp;RobotArm_IsBusy
<LI><a href="#[e6]">&gt;&gt;</a>&nbsp;&nbsp;&nbsp;RobotArm_HomeAxis
<LI><a href="#[e5]">&gt;&gt;</a>&nbsp;&nbsp;&nbsp;RobotArm_Home
<LI><a href="#[e4]">&gt;&gt;</a>&nbsp;&nbsp;&nbsp;RobotArm_ClearError
<LI><a href="#[e3]">&gt;&gt;</a>&nbsp;&nbsp;&nbsp;RobotArmProtocol_TryQueueTerminal
<LI><a href="#[df]">&gt;&gt;</a>&nbsp;&nbsp;&nbsp;RobotArmProtocol_SendStatus
<LI><a href="#[e1]">&gt;&gt;</a>&nbsp;&nbsp;&nbsp;RobotArmProtocol_SendAck
<LI><a href="#[e2]">&gt;&gt;</a>&nbsp;&nbsp;&nbsp;RobotArmProtocol_ProduceTerminal
<LI><a href="#[e8]">&gt;&gt;</a>&nbsp;&nbsp;&nbsp;RobotArmProtocol_MoveAxisRelative
<LI><a href="#[e7]">&gt;&gt;</a>&nbsp;&nbsp;&nbsp;RobotArmProtocol_MoveAxisAbsolute
<LI><a href="#[ed]">&gt;&gt;</a>&nbsp;&nbsp;&nbsp;RobotArmProtocol_IsHomeCommand
<LI><a href="#[eb]">&gt;&gt;</a>&nbsp;&nbsp;&nbsp;RobotArmProtocol_BindActive
<LI><a href="#[a1]">&gt;&gt;</a>&nbsp;&nbsp;&nbsp;ProtocolV2_ReadU32LE
<LI><a href="#[a0]">&gt;&gt;</a>&nbsp;&nbsp;&nbsp;ProtocolV2_ReadI32LE
</UL>
<BR>[Called By]<UL><LI><a href="#[17d]">&gt;&gt;</a>&nbsp;&nbsp;&nbsp;task_uart_frames
</UL>

<P><STRONG><a name="[17c]"></a>RobotArmProtocol_Init</STRONG> (Thumb, 84 bytes, Stack size 0 bytes, robot_arm_protocol.o(i.RobotArmProtocol_Init))
<BR><BR>[Called By]<UL><LI><a href="#[56]">&gt;&gt;</a>&nbsp;&nbsp;&nbsp;main
</UL>

<P><STRONG><a name="[fa]"></a>RobotArmProtocol_Task</STRONG> (Thumb, 140 bytes, Stack size 64 bytes, robot_arm_protocol.o(i.RobotArmProtocol_Task))
<BR><BR>[Stack]<UL><LI>Max Depth = 208<LI>Call Chain = RobotArmProtocol_Task &rArr; RobotArmProtocol_TryQueueTerminal &rArr; RobotArmProtocol_QueueEvent &rArr; RobotArmProtocol_Queue &rArr; ProtocolV2_Encode &rArr; ProtocolV2_CalculateCrc
</UL>
<BR>[Calls]<UL><LI><a href="#[ec]">&gt;&gt;</a>&nbsp;&nbsp;&nbsp;RobotArm_IsBusy
<LI><a href="#[f9]">&gt;&gt;</a>&nbsp;&nbsp;&nbsp;RobotArm_GetStatus
<LI><a href="#[e3]">&gt;&gt;</a>&nbsp;&nbsp;&nbsp;RobotArmProtocol_TryQueueTerminal
<LI><a href="#[f8]">&gt;&gt;</a>&nbsp;&nbsp;&nbsp;RobotArmProtocol_RetryStopAck
<LI><a href="#[f7]">&gt;&gt;</a>&nbsp;&nbsp;&nbsp;RobotArmProtocol_RetryActiveAck
<LI><a href="#[e2]">&gt;&gt;</a>&nbsp;&nbsp;&nbsp;RobotArmProtocol_ProduceTerminal
<LI><a href="#[ed]">&gt;&gt;</a>&nbsp;&nbsp;&nbsp;RobotArmProtocol_IsHomeCommand
<LI><a href="#[dd]">&gt;&gt;</a>&nbsp;&nbsp;&nbsp;RobotArmProtocol_FlushTx
<LI><a href="#[fb]">&gt;&gt;</a>&nbsp;&nbsp;&nbsp;RobotArmProtocol_EventFromReason
</UL>
<BR>[Called By]<UL><LI><a href="#[56]">&gt;&gt;</a>&nbsp;&nbsp;&nbsp;main
</UL>

<P><STRONG><a name="[ff]"></a>RobotArmSensor_IsReady</STRONG> (Thumb, 6 bytes, Stack size 0 bytes, robot_arm_sensor.o(i.RobotArmSensor_IsReady))
<BR><BR>[Called By]<UL><LI><a href="#[ea]">&gt;&gt;</a>&nbsp;&nbsp;&nbsp;RobotArm_MoveToSafe
<LI><a href="#[e9]">&gt;&gt;</a>&nbsp;&nbsp;&nbsp;RobotArm_MoveTo
<LI><a href="#[e5]">&gt;&gt;</a>&nbsp;&nbsp;&nbsp;RobotArm_Home
<LI><a href="#[11c]">&gt;&gt;</a>&nbsp;&nbsp;&nbsp;RobotArm_StartAxisMoveInternal
<LI><a href="#[fc]">&gt;&gt;</a>&nbsp;&nbsp;&nbsp;RobotArm_BeginHomeAxis
</UL>

<P><STRONG><a name="[112]"></a>RobotArmSensor_IsTriggered</STRONG> (Thumb, 56 bytes, Stack size 0 bytes, robot_arm_sensor.o(i.RobotArmSensor_IsTriggered))
<BR><BR>[Called By]<UL><LI><a href="#[f9]">&gt;&gt;</a>&nbsp;&nbsp;&nbsp;RobotArm_GetStatus
<LI><a href="#[11f]">&gt;&gt;</a>&nbsp;&nbsp;&nbsp;RobotArm_TaskHome
<LI><a href="#[104]">&gt;&gt;</a>&nbsp;&nbsp;&nbsp;RobotArm_IsDirectionBlocked
</UL>

<P><STRONG><a name="[137]"></a>RobotArmSensor_UpdateSnapshot</STRONG> (Thumb, 34 bytes, Stack size 0 bytes, robot_arm_sensor.o(i.RobotArmSensor_UpdateSnapshot))
<BR><BR>[Called By]<UL><LI><a href="#[132]">&gt;&gt;</a>&nbsp;&nbsp;&nbsp;ShiftRegisterInput_ReadAll
</UL>

<P><STRONG><a name="[117]"></a>RobotArm_CheckPoseSafety</STRONG> (Thumb, 6 bytes, Stack size 0 bytes, robot_arm.o(i.RobotArm_CheckPoseSafety))
<BR><BR>[Called By]<UL><LI><a href="#[ea]">&gt;&gt;</a>&nbsp;&nbsp;&nbsp;RobotArm_MoveToSafe
<LI><a href="#[e9]">&gt;&gt;</a>&nbsp;&nbsp;&nbsp;RobotArm_MoveTo
<LI><a href="#[121]">&gt;&gt;</a>&nbsp;&nbsp;&nbsp;RobotArm_TaskSafeMove
</UL>

<P><STRONG><a name="[126]"></a>RobotArm_CheckTransitionSafety</STRONG> (Thumb, 24 bytes, Stack size 16 bytes, robot_arm.o(i.RobotArm_CheckTransitionSafety))
<BR><BR>[Stack]<UL><LI>Max Depth = 16<LI>Call Chain = RobotArm_CheckTransitionSafety
</UL>
<BR>[Called By]<UL><LI><a href="#[121]">&gt;&gt;</a>&nbsp;&nbsp;&nbsp;RobotArm_TaskSafeMove
</UL>

[...]
</UL>
<BR>[Called By]<UL><LI><a href="#[11c]">&gt;&gt;</a>&nbsp;&nbsp;&nbsp;RobotArm_StartAxisMoveInternal
</UL>

<P><STRONG><a name="[101]"></a>RobotArm_CheckAxisTarget</STRONG> (Thumb, 48 bytes, Stack size 16 bytes, robot_arm.o(i.RobotArm_CheckAxisTarget))
<BR><BR>[Stack]<UL><LI>Max Depth = 16<LI>Call Chain = RobotArm_CheckAxisTarget
</UL>
<BR>[Calls]<UL><LI><a href="#[102]">&gt;&gt;</a>&nbsp;&nbsp;&nbsp;RobotArm_IsAxisLimitEnabled
<LI><a href="#[fd]">&gt;&gt;</a>&nbsp;&nbsp;&nbsp;RobotArm_GetAxis
</UL>
<BR>[Called By]<UL><LI><a href="#[ea]">&gt;&gt;</a>&nbsp;&nbsp;&nbsp;RobotArm_MoveToSafe
<LI><a href="#[e9]">&gt;&gt;</a>&nbsp;&nbsp;&nbsp;RobotArm_MoveTo
<LI><a href="#[11c]">&gt;&gt;</a>&nbsp;&nbsp;&nbsp;RobotArm_StartAxisMoveInternal
</UL>

<P><STRONG><a name="[103]"></a>RobotArm_CheckTargetDirection</STRONG> (Thumb, 62 bytes, Stack size 24 bytes, robot_arm.o(i.RobotArm_CheckTargetDirection))
<BR><BR>[Stack]<UL><LI>Max Depth = 40<LI>Call Chain = RobotArm_CheckTargetDirection &rArr; RobotArm_IsDirectionBlocked
</UL>
<BR>[Calls]<UL><LI><a href="#[104]">&gt;&gt;</a>&nbsp;&nbsp;&nbsp;RobotArm_IsDirectionBlocked
<LI><a href="#[fd]">&gt;&gt;</a>&nbsp;&nbsp;&nbsp;RobotArm_GetAxis
</UL>
<BR>[Called By]<UL><LI><a href="#[e9]">&gt;&gt;</a>&nbsp;&nbsp;&nbsp;RobotArm_MoveTo
</UL>

<P><STRONG><a name="[106]"></a>RobotArm_CompleteHomeAxis</STRONG> (Thumb, 152 bytes, Stack size 16 bytes, robot_arm.o(i.RobotArm_CompleteHomeAxis))
<BR><BR>[Stack]<UL><LI>Max Depth = 56<LI>Call Chain = RobotArm_CompleteHomeAxis &rArr; RobotArm_FailHome &rArr; RobotArmDriver_Stop &rArr; Stepper2_Stop &rArr; stepdma_pb10_stop
</UL>
<BR>[Calls]<UL><LI><a href="#[107]">&gt;&gt;</a>&nbsp;&nbsp;&nbsp;RobotArm_GetHomeOffset
<LI><a href="#[fd]">&gt;&gt;</a>&nbsp;&nbsp;&nbsp;RobotArm_GetAxis
<LI><a href="#[108]">&gt;&gt;</a>&nbsp;&nbsp;&nbsp;RobotArm_FailHome
<LI><a href="#[fc]">&gt;&gt;</a>&nbsp;&nbsp;&nbsp;RobotArm_BeginHomeAxis
</UL>
<BR>[Called By]<UL><LI><a href="#[11f]">&gt;&gt;</a>&nbsp;&nbsp;&nbsp;RobotArm_TaskHome
</UL>

<P><STRONG><a name="[109]"></a>RobotArm_FailAxisMove</STRONG> (Thumb, 164 bytes, Stack size 24 bytes, robot_arm.o(i.RobotArm_FailAxisMove))
<BR><BR>[Stack]<UL><LI>Max Depth = 48<LI>Call Chain = RobotArm_FailAxisMove &rArr; RobotArmDriver_Stop &rArr; Stepper2_Stop &rArr; stepdma_pb10_stop
</UL>
<BR>[Calls]<UL><LI><a href="#[da]">&gt;&gt;</a>&nbsp;&nbsp;&nbsp;RobotArmDriver_Stop
<LI><a href="#[d2]">&gt;&gt;</a>&nbsp;&nbsp;&nbsp;RobotArmDriver_IsBusy
<LI><a href="#[10a]">&gt;&gt;</a>&nbsp;&nbsp;&nbsp;RobotArm_ResultFromEndReason
<LI><a href="#[fd]">&gt;&gt;</a>&nbsp;&nbsp;&nbsp;RobotArm_GetAxis
</UL>
<BR>[Called By]<UL><LI><a href="#[115]">&gt;&gt;</a>&nbsp;&nbsp;&nbsp;RobotArm_InvalidatePosition
<LI><a href="#[11b]">&gt;&gt;</a>&nbsp;&nbsp;&nbsp;RobotArm_ProcessAxisMove
</UL>

<P><STRONG><a name="[10b]"></a>RobotArm_FailCombinedMoveStart</STRONG> (Thumb, 104 bytes, Stack size 24 bytes, robot_arm.o(i.RobotArm_FailCombinedMoveStart))
<BR><BR>[Stack]<UL><LI>Max Depth = 24<LI>Call Chain = RobotArm_FailCombinedMoveStart
</UL>
<BR>[Calls]<UL><LI><a href="#[fd]">&gt;&gt;</a>&nbsp;&nbsp;&nbsp;RobotArm_GetAxis
</UL>
<BR>[Called By]<UL><LI><a href="#[121]">&gt;&gt;</a>&nbsp;&nbsp;&nbsp;RobotArm_TaskSafeMove
<LI><a href="#[120]">&gt;&gt;</a>&nbsp;&nbsp;&nbsp;RobotArm_TaskMoveTo
</UL>

<P><STRONG><a name="[108]"></a>RobotArm_FailHome</STRONG> (Thumb, 98 bytes, Stack size 16 bytes, robot_arm.o(i.RobotArm_FailHome))
<BR><BR>[Stack]<UL><LI>Max Depth = 40<LI>Call Chain = RobotArm_FailHome &rArr; RobotArmDriver_Stop &rArr; Stepper2_Stop &rArr; stepdma_pb10_stop
</UL>
<BR>[Calls]<UL><LI><a href="#[da]">&gt;&gt;</a>&nbsp;&nbsp;&nbsp;RobotArmDriver_Stop
<LI><a href="#[d2]">&gt;&gt;</a>&nbsp;&nbsp;&nbsp;RobotArmDriver_IsBusy
<LI><a href="#[fd]">&gt;&gt;</a>&nbsp;&nbsp;&nbsp;RobotArm_GetAxis
</UL>
<BR>[Called By]<UL><LI><a href="#[11f]">&gt;&gt;</a>&nbsp;&nbsp;&nbsp;RobotArm_TaskHome
<LI><a href="#[106]">&gt;&gt;</a>&nbsp;&nbsp;&nbsp;RobotArm_CompleteHomeAxis
</UL>

<P><STRONG><a name="[fd]"></a>RobotArm_GetAxis</STRONG> (Thumb, 26 bytes, Stack size 0 bytes, robot_arm.o(i.RobotArm_GetAxis))
<BR><BR>[Called By]<UL><LI><a href="#[115]">&gt;&gt;</a>&nbsp;&nbsp;&nbsp;RobotArm_InvalidatePosition
<LI><a href="#[111]">&gt;&gt;</a>&nbsp;&nbsp;&nbsp;RobotArm_IsPositionValid
<LI><a href="#[110]">&gt;&gt;</a>&nbsp;&nbsp;&nbsp;RobotArm_IsHomed
<LI><a href="#[10c]">&gt;&gt;</a>&nbsp;&nbsp;&nbsp;RobotArm_GetAxisState
<LI><a href="#[118]">&gt;&gt;</a>&nbsp;&nbsp;&nbsp;RobotArm_ValidateSafeMoveConfig
<LI><a href="#[121]">&gt;&gt;</a>&nbsp;&nbsp;&nbsp;RobotArm_TaskSafeMove
<LI><a href="#[11f]">&gt;&gt;</a>&nbsp;&nbsp;&nbsp;RobotArm_TaskHome
<LI><a href="#[11a]">&gt;&gt;</a>&nbsp;&nbsp;&nbsp;RobotArm_StartSingleRelative
<LI><a href="#[119]">&gt;&gt;</a>&nbsp;&nbsp;&nbsp;RobotArm_StartSingleAbsolute
<LI><a href="#[11d]">&gt;&gt;</a>&nbsp;&nbsp;&nbsp;RobotArm_StartHomeDriver
<LI><a href="#[11c]">&gt;&gt;</a>&nbsp;&nbsp;&nbsp;RobotArm_StartAxisMoveInternal
<LI><a href="#[11b]">&gt;&gt;</a>&nbsp;&nbsp;&nbsp;RobotArm_ProcessAxisMove
<LI><a href="#[108]">&gt;&gt;</a>&nbsp;&nbsp;&nbsp;RobotArm_FailHome
<LI><a href="#[10b]">&gt;&gt;</a>&nbsp;&nbsp;&nbsp;RobotArm_FailCombinedMoveStart
<LI><a href="#[109]">&gt;&gt;</a>&nbsp;&nbsp;&nbsp;RobotArm_FailAxisMove
<LI><a href="#[106]">&gt;&gt;</a>&nbsp;&nbsp;&nbsp;RobotArm_CompleteHomeAxis
<LI><a href="#[103]">&gt;&gt;</a>&nbsp;&nbsp;&nbsp;RobotArm_CheckTargetDirection
<LI><a href="#[101]">&gt;&gt;</a>&nbsp;&nbsp;&nbsp;RobotArm_CheckAxisTarget
<LI><a href="#[fc]">&gt;&gt;</a>&nbsp;&nbsp;&nbsp;RobotArm_BeginHomeAxis
</UL>

<P><STRONG><a name="[122]"></a>RobotArm_GetHomeDirection</STRONG> (Thumb, 8 bytes, Stack size 0 bytes, robot_arm.o(i.RobotArm_GetHomeDirection))
<BR><BR>[Called By]<UL><LI><a href="#[11f]">&gt;&gt;</a>&nbsp;&nbsp;&nbsp;RobotArm_TaskHome
</UL>

<P><STRONG><a name="[124]"></a>RobotArm_GetHomeMaxSteps</STRONG> (Thumb, 10 bytes, Stack size 0 bytes, robot_arm.o(i.RobotArm_GetHomeMaxSteps))
<BR><BR>[Called By]<UL><LI><a href="#[fe]">&gt;&gt;</a>&nbsp;&nbsp;&nbsp;RobotArm_ValidateHomeConfig
<LI><a href="#[11f]">&gt;&gt;</a>&nbsp;&nbsp;&nbsp;RobotArm_TaskHome
</UL>

<P><STRONG><a name="[107]"></a>RobotArm_GetHomeOffset</STRONG> (Thumb, 10 bytes, Stack size 0 bytes, robot_arm.o(i.RobotArm_GetHomeOffset))
<BR><BR>[Called By]<UL><LI><a href="#[106]">&gt;&gt;</a>&nbsp;&nbsp;&nbsp;RobotArm_CompleteHomeAxis
</UL>

<P><STRONG><a name="[116]"></a>RobotArm_GetHomeSensor</STRONG> (Thumb, 6 bytes, Stack size 0 bytes, robot_arm.o(i.RobotArm_GetHomeSensor))
<BR><BR>[Called By]<UL><LI><a href="#[11f]">&gt;&gt;</a>&nbsp;&nbsp;&nbsp;RobotArm_TaskHome
<LI><a href="#[104]">&gt;&gt;</a>&nbsp;&nbsp;&nbsp;RobotArm_IsDirectionBlocked
</UL>

<P><STRONG><a name="[123]"></a>RobotArm_GetHomeTimeout</STRONG> (Thumb, 10 bytes, Stack size 0 bytes, robot_arm.o(i.RobotArm_GetHomeTimeout))
<BR><BR>[Called By]<UL><LI><a href="#[fe]">&gt;&gt;</a>&nbsp;&nbsp;&nbsp;RobotArm_ValidateHomeConfig
<LI><a href="#[11f]">&gt;&gt;</a>&nbsp;&nbsp;&nbsp;RobotArm_TaskHome
</UL>

<P><STRONG><a name="[102]"></a>RobotArm_IsAxisLimitEnabled</STRONG> (Thumb, 8 bytes, Stack size 0 bytes, robot_arm.o(i.RobotArm_IsAxisLimitEnabled))
<BR><BR>[Called By]<UL><LI><a href="#[101]">&gt;&gt;</a>&nbsp;&nbsp;&nbsp;RobotArm_CheckAxisTarget
</UL>

<P><STRONG><a name="[104]"></a>RobotArm_IsDirectionBlocked</STRONG> (Thumb, 52 bytes, Stack size 16 bytes, robot_arm.o(i.RobotArm_IsDirectionBlocked))
<BR><BR>[Stack]<UL><LI>Max Depth = 16<LI>Call Chain = RobotArm_IsDirectionBlocked
</UL>
<BR>[Calls]<UL><LI><a href="#[112]">&gt;&gt;</a>&nbsp;&nbsp;&nbsp;RobotArmSensor_IsTriggered
<LI><a href="#[116]">&gt;&gt;</a>&nbsp;&nbsp;&nbsp;RobotArm_GetHomeSensor
</UL>
<BR>[Called By]<UL><LI><a href="#[11c]">&gt;&gt;</a>&nbsp;&nbsp;&nbsp;RobotArm_StartAxisMoveInternal
<LI><a href="#[11b]">&gt;&gt;</a>&nbsp;&nbsp;&nbsp;RobotArm_ProcessAxisMove
<LI><a href="#[103]">&gt;&gt;</a>&nbsp;&nbsp;&nbsp;RobotArm_CheckTargetDirection
</UL>

<P><STRONG><a name="[127]"></a>RobotArm_IsHomeEnabled</STRONG> (Thumb, 8 bytes, Stack size 0 bytes, robot_arm.o(i.RobotArm_IsHomeEnabled))
<BR><BR>[Called By]<UL><LI><a href="#[fe]">&gt;&gt;</a>&nbsp;&nbsp;&nbsp;RobotArm_ValidateHomeConfig
</UL>

<P><STRONG><a name="[11b]"></a>RobotArm_ProcessAxisMove</STRONG> (Thumb, 152 bytes, Stack size 16 bytes, robot_arm.o(i.RobotArm_ProcessAxisMove))
<BR><BR>[Stack]<UL><LI>Max Depth = 64<LI>Call Chain = RobotArm_ProcessAxisMove &rArr; RobotArm_FailAxisMove &rArr; RobotArmDriver_Stop &rArr; Stepper2_Stop &rArr; stepdma_pb10_stop
</UL>
<BR>[Calls]<UL><LI><a href="#[ad]">&gt;&gt;</a>&nbsp;&nbsp;&nbsp;millis
<LI><a href="#[d2]">&gt;&gt;</a>&nbsp;&nbsp;&nbsp;RobotArmDriver_IsBusy
<LI><a href="#[ce]">&gt;&gt;</a>&nbsp;&nbsp;&nbsp;RobotArmDriver_GetRemainingSteps
<LI><a href="#[ca]">&gt;&gt;</a>&nbsp;&nbsp;&nbsp;RobotArmDriver_GetCompletedSteps
<LI><a href="#[104]">&gt;&gt;</a>&nbsp;&nbsp;&nbsp;RobotArm_IsDirectionBlocked
<LI><a href="#[fd]">&gt;&gt;</a>&nbsp;&nbsp;&nbsp;RobotArm_GetAxis
<LI><a href="#[109]">&gt;&gt;</a>&nbsp;&nbsp;&nbsp;RobotArm_FailAxisMove
</UL>
<BR>[Called By]<UL><LI><a href="#[11e]">&gt;&gt;</a>&nbsp;&nbsp;&nbsp;RobotArm_Task
<LI><a href="#[121]">&gt;&gt;</a>&nbsp;&nbsp;&nbsp;RobotArm_TaskSafeMove
<LI><a href="#[120]">&gt;&gt;</a>&nbsp;&nbsp;&nbsp;RobotArm_TaskMoveTo
</UL>

<P><STRONG><a name="[105]"></a>RobotArm_ResetCombinedStates</STRONG> (Thumb, 42 bytes, Stack size 0 bytes, robot_arm.o(i.RobotArm_ResetCombinedStates))
<BR><BR>[Called By]<UL><LI><a href="#[113]">&gt;&gt;</a>&nbsp;&nbsp;&nbsp;RobotArm_Init
<LI><a href="#[e0]">&gt;&gt;</a>&nbsp;&nbsp;&nbsp;RobotArm_Stop
<LI><a href="#[e4]">&gt;&gt;</a>&nbsp;&nbsp;&nbsp;RobotArm_ClearError
</UL>

<P><STRONG><a name="[114]"></a>RobotArm_ResetMoveDebug</STRONG> (Thumb, 78 bytes, Stack size 0 bytes, robot_arm.o(i.RobotArm_ResetMoveDebug))
<BR><BR>[Called By]<UL><LI><a href="#[113]">&gt;&gt;</a>&nbsp;&nbsp;&nbsp;RobotArm_Init
<LI><a href="#[e9]">&gt;&gt;</a>&nbsp;&nbsp;&nbsp;RobotArm_MoveTo
</UL>

<P><STRONG><a name="[10a]"></a>RobotArm_ResultFromEndReason</STRONG> (Thumb, 46 bytes, Stack size 0 bytes, robot_arm.o(i.RobotArm_ResultFromEndReason))
<BR><BR>[Called By]<UL><LI><a href="#[109]">&gt;&gt;</a>&nbsp;&nbsp;&nbsp;RobotArm_FailAxisMove
</UL>

<P><STRONG><a name="[11c]"></a>RobotArm_StartAxisMoveInternal</STRONG> (Thumb, 296 bytes, Stack size 56 bytes, robot_arm.o(i.RobotArm_StartAxisMoveInternal))
<BR><BR>[Stack]<UL><LI>Max Depth = 264<LI>Call Chain = RobotArm_StartAxisMoveInternal &rArr; RobotArmDriver_Start &rArr; stepdma_pb11_request_trap &rArr; stepdma_pb11_move_trap &rArr; trap_get_f &rArr; isqrt_u64
</UL>
<BR>[Calls]<UL><LI><a href="#[ad]">&gt;&gt;</a>&nbsp;&nbsp;&nbsp;millis
<LI><a href="#[ff]">&gt;&gt;</a>&nbsp;&nbsp;&nbsp;RobotArmSensor_IsReady
<LI><a href="#[d7]">&gt;&gt;</a>&nbsp;&nbsp;&nbsp;RobotArmDriver_Start
<LI><a href="#[d2]">&gt;&gt;</a>&nbsp;&nbsp;&nbsp;RobotArmDriver_IsBusy
<LI><a href="#[104]">&gt;&gt;</a>&nbsp;&nbsp;&nbsp;RobotArm_IsDirectionBlocked
<LI><a href="#[fd]">&gt;&gt;</a>&nbsp;&nbsp;&nbsp;RobotArm_GetAxis
<LI><a href="#[101]">&gt;&gt;</a>&nbsp;&nbsp;&nbsp;RobotArm_CheckAxisTarget
<LI><a href="#[100]">&gt;&gt;</a>&nbsp;&nbsp;&nbsp;RobotArm_CalculateMoveTimeout
</UL>
<BR>[Called By]<UL><LI><a href="#[121]">&gt;&gt;</a>&nbsp;&nbsp;&nbsp;RobotArm_TaskSafeMove
<LI><a href="#[120]">&gt;&gt;</a>&nbsp;&nbsp;&nbsp;RobotArm_TaskMoveTo
<LI><a href="#[11a]">&gt;&gt;</a>&nbsp;&nbsp;&nbsp;RobotArm_StartSingleRelative
<LI><a href="#[119]">&gt;&gt;</a>&nbsp;&nbsp;&nbsp;RobotArm_StartSingleAbsolute
</UL>

<P><STRONG><a name="[11d]"></a>RobotArm_StartHomeDriver</STRONG> (Thumb, 60 bytes, Stack size 24 bytes, robot_arm.o(i.RobotArm_StartHomeDriver))
<BR><BR>[Stack]<UL><LI>Max Depth = 232<LI>Call Chain = RobotArm_StartHomeDriver &rArr; RobotArmDriver_Start &rArr; stepdma_pb11_request_trap &rArr; stepdma_pb11_move_trap &rArr; trap_get_f &rArr; isqrt_u64
</UL>
<BR>[Calls]<UL><LI><a href="#[d7]">&gt;&gt;</a>&nbsp;&nbsp;&nbsp;RobotArmDriver_Start
<LI><a href="#[fd]">&gt;&gt;</a>&nbsp;&nbsp;&nbsp;RobotArm_GetAxis
</UL>
<BR>[Called By]<UL><LI><a href="#[11f]">&gt;&gt;</a>&nbsp;&nbsp;&nbsp;RobotArm_TaskHome
</UL>

<P><STRONG><a name="[119]"></a>RobotArm_StartSingleAbsolute</STRONG> (Thumb, 102 bytes, Stack size 24 bytes, robot_arm.o(i.RobotArm_StartSingleAbsolute))
<BR><BR>[Stack]<UL><LI>Max Depth = 288<LI>Call Chain = RobotArm_StartSingleAbsolute &rArr; RobotArm_StartAxisMoveInternal &rArr; RobotArmDriver_Start &rArr; stepdma_pb11_request_trap &rArr; stepdma_pb11_move_trap &rArr; trap_get_f &rArr; isqrt_u64
</UL>
<BR>[Calls]<UL><LI><a href="#[ec]">&gt;&gt;</a>&nbsp;&nbsp;&nbsp;RobotArm_IsBusy
<LI><a href="#[11c]">&gt;&gt;</a>&nbsp;&nbsp;&nbsp;RobotArm_StartAxisMoveInternal
<LI><a href="#[fd]">&gt;&gt;</a>&nbsp;&nbsp;&nbsp;RobotArm_GetAxis
</UL>
<BR>[Called By]<UL><LI><a href="#[f0]">&gt;&gt;</a>&nbsp;&nbsp;&nbsp;RobotArm_MoveZ
<LI><a href="#[ef]">&gt;&gt;</a>&nbsp;&nbsp;&nbsp;RobotArm_MoveY
<LI><a href="#[ee]">&gt;&gt;</a>&nbsp;&nbsp;&nbsp;RobotArm_MoveX
</UL>

<P><STRONG><a name="[11a]"></a>RobotArm_StartSingleRelative</STRONG> (Thumb, 148 bytes, Stack size 32 bytes, robot_arm.o(i.RobotArm_StartSingleRelative))
<BR><BR>[Stack]<UL><LI>Max Depth = 296<LI>Call Chain = RobotArm_StartSingleRelative &rArr; RobotArm_StartAxisMoveInternal &rArr; RobotArmDriver_Start &rArr; stepdma_pb11_request_trap &rArr; stepdma_pb11_move_trap &rArr; trap_get_f &rArr; isqrt_u64
</UL>
<BR>[Calls]<UL><LI><a href="#[ec]">&gt;&gt;</a>&nbsp;&nbsp;&nbsp;RobotArm_IsBusy
<LI><a href="#[11c]">&gt;&gt;</a>&nbsp;&nbsp;&nbsp;RobotArm_StartAxisMoveInternal
<LI><a href="#[fd]">&gt;&gt;</a>&nbsp;&nbsp;&nbsp;RobotArm_GetAxis
</UL>
<BR>[Called By]<UL><LI><a href="#[f3]">&gt;&gt;</a>&nbsp;&nbsp;&nbsp;RobotArm_MoveZRelative
<LI><a href="#[f2]">&gt;&gt;</a>&nbsp;&nbsp;&nbsp;RobotArm_MoveYRelative
<LI><a href="#[f1]">&gt;&gt;</a>&nbsp;&nbsp;&nbsp;RobotArm_MoveXRelative
</UL>

<P><STRONG><a name="[11f]"></a>RobotArm_TaskHome</STRONG> (Thumb, 584 bytes, Stack size 24 bytes, robot_arm.o(i.RobotArm_TaskHome))
<BR><BR>[Stack]<UL><LI>Max Depth = 256<LI>Call Chain = RobotArm_TaskHome &rArr; RobotArm_StartHomeDriver &rArr; RobotArmDriver_Start &rArr; stepdma_pb11_request_trap &rArr; stepdma_pb11_move_trap &rArr; trap_get_f &rArr; isqrt_u64
</UL>
<BR>[Calls]<UL><LI><a href="#[ad]">&gt;&gt;</a>&nbsp;&nbsp;&nbsp;millis
<LI><a href="#[112]">&gt;&gt;</a>&nbsp;&nbsp;&nbsp;RobotArmSensor_IsTriggered
<LI><a href="#[da]">&gt;&gt;</a>&nbsp;&nbsp;&nbsp;RobotArmDriver_Stop
<LI><a href="#[d2]">&gt;&gt;</a>&nbsp;&nbsp;&nbsp;RobotArmDriver_IsBusy
<LI><a href="#[ce]">&gt;&gt;</a>&nbsp;&nbsp;&nbsp;RobotArmDriver_GetRemainingSteps
<LI><a href="#[11d]">&gt;&gt;</a>&nbsp;&nbsp;&nbsp;RobotArm_StartHomeDriver
<LI><a href="#[123]">&gt;&gt;</a>&nbsp;&nbsp;&nbsp;RobotArm_GetHomeTimeout
<LI><a href="#[116]">&gt;&gt;</a>&nbsp;&nbsp;&nbsp;RobotArm_GetHomeSensor
<LI><a href="#[124]">&gt;&gt;</a>&nbsp;&nbsp;&nbsp;RobotArm_GetHomeMaxSteps
<LI><a href="#[122]">&gt;&gt;</a>&nbsp;&nbsp;&nbsp;RobotArm_GetHomeDirection
<LI><a href="#[fd]">&gt;&gt;</a>&nbsp;&nbsp;&nbsp;RobotArm_GetAxis
<LI><a href="#[108]">&gt;&gt;</a>&nbsp;&nbsp;&nbsp;RobotArm_FailHome
<LI><a href="#[106]">&gt;&gt;</a>&nbsp;&nbsp;&nbsp;RobotArm_CompleteHomeAxis
</UL>
<BR>[Called By]<UL><LI><a href="#[11e]">&gt;&gt;</a>&nbsp;&nbsp;&nbsp;RobotArm_Task
</UL>

<P><STRONG><a name="[120]"></a>RobotArm_TaskMoveTo</STRONG> (Thumb, 432 bytes, Stack size 16 bytes, robot_arm.o(i.RobotArm_TaskMoveTo))
<BR><BR>[Stack]<UL><LI>Max Depth = 280<LI>Call Chain = RobotArm_TaskMoveTo &rArr; RobotArm_StartAxisMoveInternal &rArr; RobotArmDriver_Start &rArr; stepdma_pb11_request_trap &rArr; stepdma_pb11_move_trap &rArr; trap_get_f &rArr; isqrt_u64
</UL>
<BR>[Calls]<UL><LI><a href="#[125]">&gt;&gt;</a>&nbsp;&nbsp;&nbsp;RobotArm_TryCompleteMoveTo
<LI><a href="#[11c]">&gt;&gt;</a>&nbsp;&nbsp;&nbsp;RobotArm_StartAxisMoveInternal
<LI><a href="#[11b]">&gt;&gt;</a>&nbsp;&nbsp;&nbsp;RobotArm_ProcessAxisMove
<LI><a href="#[10b]">&gt;&gt;</a>&nbsp;&nbsp;&nbsp;RobotArm_FailCombinedMoveStart
</UL>
<BR>[Called By]<UL><LI><a href="#[11e]">&gt;&gt;</a>&nbsp;&nbsp;&nbsp;RobotArm_Task
</UL>

<P><STRONG><a name="[121]"></a>RobotArm_TaskSafeMove</STRONG> (Thumb, 628 bytes, Stack size 32 bytes, robot_arm.o(i.RobotArm_TaskSafeMove))
<BR><BR>[Stack]<UL><LI>Max Depth = 296<LI>Call Chain = RobotArm_TaskSafeMove &rArr; RobotArm_StartAxisMoveInternal &rArr; RobotArmDriver_Start &rArr; stepdma_pb11_request_trap &rArr; stepdma_pb11_move_trap &rArr; trap_get_f &rArr; isqrt_u64
</UL>
<BR>[Calls]<UL><LI><a href="#[126]">&gt;&gt;</a>&nbsp;&nbsp;&nbsp;RobotArm_CheckTransitionSafety
<LI><a href="#[117]">&gt;&gt;</a>&nbsp;&nbsp;&nbsp;RobotArm_CheckPoseSafety
<LI><a href="#[11c]">&gt;&gt;</a>&nbsp;&nbsp;&nbsp;RobotArm_StartAxisMoveInternal
<LI><a href="#[11b]">&gt;&gt;</a>&nbsp;&nbsp;&nbsp;RobotArm_ProcessAxisMove
<LI><a href="#[fd]">&gt;&gt;</a>&nbsp;&nbsp;&nbsp;RobotArm_GetAxis
<LI><a href="#[10b]">&gt;&gt;</a>&nbsp;&nbsp;&nbsp;RobotArm_FailCombinedMoveStart
</UL>
<BR>[Called By]<UL><LI><a href="#[11e]">&gt;&gt;</a>&nbsp;&nbsp;&nbsp;RobotArm_Task
</UL>

<P><STRONG><a name="[125]"></a>RobotArm_TryCompleteMoveTo</STRONG> (Thumb, 236 bytes, Stack size 8 bytes, robot_arm.o(i.RobotArm_TryCompleteMoveTo))
<BR><BR>[Stack]<UL><LI>Max Depth = 20<LI>Call Chain = RobotArm_TryCompleteMoveTo &rArr; RobotArmDriver_IsBusy &rArr; Stepper2_IsBusy
</UL>
<BR>[Calls]<UL><LI><a href="#[d2]">&gt;&gt;</a>&nbsp;&nbsp;&nbsp;RobotArmDriver_IsBusy
</UL>
<BR>[Called By]<UL><LI><a href="#[120]">&gt;&gt;</a>&nbsp;&nbsp;&nbsp;RobotArm_TaskMoveTo
</UL>

<P><STRONG><a name="[fe]"></a>RobotArm_ValidateHomeConfig</STRONG> (Thumb, 34 bytes, Stack size 8 bytes, robot_arm.o(i.RobotArm_ValidateHomeConfig))
<BR><BR>[Stack]<UL><LI>Max Depth = 8<LI>Call Chain = RobotArm_ValidateHomeConfig
</UL>
<BR>[Calls]<UL><LI><a href="#[127]">&gt;&gt;</a>&nbsp;&nbsp;&nbsp;RobotArm_IsHomeEnabled
<LI><a href="#[123]">&gt;&gt;</a>&nbsp;&nbsp;&nbsp;RobotArm_GetHomeTimeout
<LI><a href="#[124]">&gt;&gt;</a>&nbsp;&nbsp;&nbsp;RobotArm_GetHomeMaxSteps
</UL>
<BR>[Called By]<UL><LI><a href="#[e5]">&gt;&gt;</a>&nbsp;&nbsp;&nbsp;RobotArm_Home
<LI><a href="#[fc]">&gt;&gt;</a>&nbsp;&nbsp;&nbsp;RobotArm_BeginHomeAxis
</UL>

<P><STRONG><a name="[118]"></a>RobotArm_ValidateSafeMoveConfig</STRONG> (Thumb, 14 bytes, Stack size 8 bytes, robot_arm.o(i.RobotArm_ValidateSafeMoveConfig))
<BR><BR>[Stack]<UL><LI>Max Depth = 8<LI>Call Chain = RobotArm_ValidateSafeMoveConfig
</UL>
<BR>[Calls]<UL><LI><a href="#[fd]">&gt;&gt;</a>&nbsp;&nbsp;&nbsp;RobotArm_GetAxis
</UL>
<BR>[Called By]<UL><LI><a href="#[ea]">&gt;&gt;</a>&nbsp;&nbsp;&nbsp;RobotArm_MoveToSafe
</UL>

<P><STRONG><a name="[d6]"></a>RobotArmDriver_SetPb11Direction</STRONG> (Thumb, 42 bytes, Stack size 8 bytes, robot_arm_driver.o(i.RobotArmDriver_SetPb11Direction))
<BR><BR>[Stack]<UL><LI>Max Depth = 24<LI>Call Chain = RobotArmDriver_SetPb11Direction &rArr; ShiftRegister_WriteAll
</UL>
<BR>[Calls]<UL><LI><a href="#[83]">&gt;&gt;</a>&nbsp;&nbsp;&nbsp;ShiftRegister_WriteAll
</UL>
<BR>[Called By]<UL><LI><a href="#[d7]">&gt;&gt;</a>&nbsp;&nbsp;&nbsp;RobotArmDriver_Start
</UL>

<P><STRONG><a name="[12f]"></a>SetSysClock</STRONG> (Thumb, 8 bytes, Stack size 8 bytes, system_stm32f10x.o(i.SetSysClock))
<BR><BR>[Stack]<UL><LI>Max Depth = 20<LI>Call Chain = SetSysClock &rArr; SetSysClockTo72
</UL>
<BR>[Calls]<UL><LI><a href="#[130]">&gt;&gt;</a>&nbsp;&nbsp;&nbsp;SetSysClockTo72
</UL>
<BR>[Called By]<UL><LI><a href="#[4a]">&gt;&gt;</a>&nbsp;&nbsp;&nbsp;SystemInit
</UL>

<P><STRONG><a name="[130]"></a>SetSysClockTo72</STRONG> (Thumb, 214 bytes, Stack size 12 bytes, system_stm32f10x.o(i.SetSysClockTo72))
<BR><BR>[Stack]<UL><LI>Max Depth = 12<LI>Call Chain = SetSysClockTo72
</UL>
<BR>[Called By]<UL><LI><a href="#[12f]">&gt;&gt;</a>&nbsp;&nbsp;&nbsp;SetSysClock
</UL>
<P>
<H3>
Undefined Global Symbols
</H3><HR></body></html>
