Component: ARM Compiler 5.06 (build 20) Tool: armlink [4d35a3]

==============================================================================

Section Cross References

    clock.o(i.SystemClock_Config) refers to stm32f10x_rcc.o(i.RCC_DeInit) for RCC_DeInit
    clock.o(i.SystemClock_Config) refers to stm32f10x_rcc.o(i.RCC_HSEConfig) for RCC_HSEConfig
    clock.o(i.SystemClock_Config) refers to stm32f10x_rcc.o(i.RCC_WaitForHSEStartUp) for RCC_WaitForHSEStartUp
    clock.o(i.SystemClock_Config) refers to stm32f10x_rcc.o(i.RCC_PLLConfig) for RCC_PLLConfig
    clock.o(i.SystemClock_Config) refers to stm32f10x_rcc.o(i.RCC_PLLCmd) for RCC_PLLCmd
    clock.o(i.SystemClock_Config) refers to stm32f10x_rcc.o(i.RCC_GetFlagStatus) for RCC_GetFlagStatus
    clock.o(i.SystemClock_Config) refers to stm32f10x_rcc.o(i.RCC_SYSCLKConfig) for RCC_SYSCLKConfig
    clock.o(i.SystemClock_Config) refers to stm32f10x_rcc.o(i.RCC_GetSYSCLKSource) for RCC_GetSYSCLKSource
    clock.o(i.SystemClock_Config) refers to stm32f10x_rcc.o(i.RCC_HCLKConfig) for RCC_HCLKConfig
    clock.o(i.SystemClock_Config) refers to stm32f10x_rcc.o(i.RCC_PCLK1Config) for RCC_PCLK1Config
    clock.o(i.SystemClock_Config) refers to stm32f10x_rcc.o(i.RCC_PCLK2Config) for RCC_PCLK2Config
    clock.o(i.SystemClock_Config) refers to stm32f10x_rcc.o(i.RCC_APB2PeriphClockCmd) for RCC_APB2PeriphClockCmd
    delay.o(i.Delay_Init) refers to misc.o(i.SysTick_CLKSourceConfig) for SysTick_CLKSourceConfig
    delay.o(i.Delay_Init) refers to system_stm32f10x.o(.data) for SystemCoreClock
    delay.o(i.Delay_Init) refers to delay.o(.data) for fac_us
    delay.o(i.Delay_ms) refers to delay.o(i.Delay_us) for Delay_us
    delay.o(i.Delay_us) refers to delay.o(.data) for fac_us
    main.o(i.main) refers to clock.o(i.SystemClock_Config) for SystemClock_Config
    main.o(i.main) refers to misc.o(i.NVIC_PriorityGroupConfig) for NVIC_PriorityGroupConfig
    main.o(i.main) refers to delay.o(i.Delay_Init) for Delay_Init
    main.o(i.main) refers to shift_register.o(i.ShiftRegister_Init) for ShiftRegister_Init
    main.o(i.main) refers to shift_register_input.o(i.ShiftRegisterInput_Init) for ShiftRegisterInput_Init
    main.o(i.main) refers to motor_ctrl.o(i.Motor_InitAll) for Motor_InitAll
    main.o(i.main) refers to single_motor.o(i.SingleMotor_Init) for SingleMotor_Init
    main.o(i.main) refers to reversible_motor.o(i.ReversibleMotor_Init) for ReversibleMotor_Init
    main.o(i.main) refers to time.o(i.millis) for millis
    main.o(i.main) refers to spi_helper.o(i.SPI_GPIO_Init) for SPI_GPIO_Init
    main.o(i.main) refers to spi_helper.o(i.SPI1_InitOnce) for SPI1_InitOnce
    main.o(i.main) refers to time.o(i.Timer2_Init) for Timer2_Init
    main.o(i.main) refers to max31855.o(i.MAX31855_Init) for MAX31855_Init
    main.o(i.main) refers to time.o(i.TIM3_10us_Init) for TIM3_10us_Init
    main.o(i.main) refers to time.o(i.TIM4_10us_Init) for TIM4_10us_Init
    main.o(i.main) refers to step_dma.o(i.stepdma_pb11_init) for stepdma_pb11_init
    main.o(i.main) refers to step_dma.o(i.Stepper2_Init) for Stepper2_Init
    main.o(i.main) refers to step_dma.o(i.PU3_Stepper_Init) for PU3_Stepper_Init
    main.o(i.main) refers to pwm.o(i.GPIO_Config) for GPIO_Config
    main.o(i.main) refers to pwm.o(i.TIM1_PWM_CH2N_Config) for TIM1_PWM_CH2N_Config
    main.o(i.main) refers to pwm.o(i.PWM_PA0_PA1_PA11_Init) for PWM_PA0_PA1_PA11_Init
    main.o(i.main) refers to stm32f10x_gpio.o(i.GPIO_SetBits) for GPIO_SetBits
    main.o(i.main) refers to usart.o(i.USART1_Init) for USART1_Init
    main.o(i.main) refers to protocol.o(i.Protocol_InitTxDiagnostics) for Protocol_InitTxDiagnostics
    main.o(i.main) refers to shift_register.o(i.ShiftRegister_WriteAll) for ShiftRegister_WriteAll
    main.o(i.main) refers to usart.o(i.USART3_Process) for USART3_Process
    main.o(i.main) refers to main.o(i.task_temperature_report) for task_temperature_report
    main.o(i.main) refers to main.o(i.task_uart_frames) for task_uart_frames
    main.o(i.main) refers to main.o(i.task_protocol_commands) for task_protocol_commands
    main.o(i.main) refers to main.o(i.task_165_input_scan) for task_165_input_scan
    main.o(i.main) refers to main.o(i.task_input_change_report) for task_input_change_report
    main.o(i.main) refers to main.o(i.task_single_motor) for task_single_motor
    main.o(i.main) refers to main.o(.data) for last_single_motor_task_ms
    main.o(i.main) refers to shift_register.o(.data) for HC595Data
    main.o(i.task_165_input_scan) refers to shift_register_input.o(i.ShiftRegisterInput_ReadAll) for ShiftRegisterInput_ReadAll
    main.o(i.task_165_input_scan) refers to shift_register_input.o(.data) for inputData
    main.o(i.task_input_change_report) refers to protocol.o(i.send_165Data) for send_165Data
    main.o(i.task_input_change_report) refers to main.o(.data) for inputData_inited
    main.o(i.task_input_change_report) refers to shift_register_input.o(.data) for inputData
[...]
    i.Timer2_Init                            0x08002c80   Section        0  time.o(i.Timer2_Init)
    i.USART1_GetRemoteTemperature            0x08002ce0   Section        0  usart.o(i.USART1_GetRemoteTemperature)
    i.USART1_IRQHandler                      0x08002d18   Section        0  usart.o(i.USART1_IRQHandler)
    i.USART1_Init                            0x08002dd4   Section        0  usart.o(i.USART1_Init)
    i.USART1_ProcessRxBytes                  0x08002fc4   Section        0  usart.o(i.USART1_ProcessRxBytes)
    USART1_ProcessRxBytes                    0x08002fc5   Thumb Code   124  usart.o(i.USART1_ProcessRxBytes)
    i.USART1_QueueFrame                      0x08003054   Section        0  usart.o(i.USART1_QueueFrame)
    USART1_QueueFrame                        0x08003055   Thumb Code    96  usart.o(i.USART1_QueueFrame)
    i.USART1_TakeFrame                       0x080030c8   Section        0  usart.o(i.USART1_TakeFrame)
    i.USART2_IRQHandler                      0x0800314c   Section        0  usart.o(i.USART2_IRQHandler)
    i.USART3_IRQHandler                      0x080031dc   Section        0  usart.o(i.USART3_IRQHandler)
    i.USART3_Process                         0x080031f8   Section        0  usart.o(i.USART3_Process)
    i.USART_Cmd                              0x08003224   Section        0  stm32f10x_usart.o(i.USART_Cmd)
    i.USART_GetFlagStatus                    0x0800323c   Section        0  stm32f10x_usart.o(i.USART_GetFlagStatus)
    i.USART_ITConfig                         0x08003256   Section        0  stm32f10x_usart.o(i.USART_ITConfig)
    i.USART_Init                             0x080032a0   Section        0  stm32f10x_usart.o(i.USART_Init)
    i.USART_IsProtocolFrameValid             0x08003378   Section        0  usart.o(i.USART_IsProtocolFrameValid)
    USART_IsProtocolFrameValid               0x08003379   Thumb Code    52  usart.o(i.USART_IsProtocolFrameValid)
    i.USART_ProcessProtocolByte              0x080033ac   Section        0  usart.o(i.USART_ProcessProtocolByte)
    USART_ProcessProtocolByte                0x080033ad   Thumb Code   140  usart.o(i.USART_ProcessProtocolByte)
    i.USART_ResetRxStats                     0x08003438   Section        0  usart.o(i.USART_ResetRxStats)
    USART_ResetRxStats                       0x08003439   Thumb Code    12  usart.o(i.USART_ResetRxStats)
    i.USART_RxIrqHandler                     0x08003444   Section        0  usart.o(i.USART_RxIrqHandler)
    USART_RxIrqHandler                       0x08003445   Thumb Code    64  usart.o(i.USART_RxIrqHandler)
    i.USART_SendByte                         0x08003484   Section        0  usart.o(i.USART_SendByte)
    i.USART_SendData                         0x08003508   Section        0  stm32f10x_usart.o(i.USART_SendData)
    i.UsageFault_Handler                     0x08003510   Section        0  stm32f10x_it.o(i.UsageFault_Handler)
    i.delay_us                               0x08003514   Section        0  delay.o(i.delay_us)
    i.dma10_start_edges                      0x08003534   Section        0  step_dma.o(i.dma10_start_edges)
    dma10_start_edges                        0x08003535   Thumb Code    60  step_dma.o(i.dma10_start_edges)
    i.dma_start_edges                        0x0800357c   Section        0  step_dma.o(i.dma_start_edges)
    dma_start_edges                          0x0800357d   Thumb Code    60  step_dma.o(i.dma_start_edges)
    i.fill_dma_buf                           0x080035c4   Section        0  step_dma.o(i.fill_dma_buf)
    fill_dma_buf                             0x080035c5   Thumb Code    38  step_dma.o(i.fill_dma_buf)
    i.fill_dma_buf10                         0x080035f0   Section        0  step_dma.o(i.fill_dma_buf10)
    fill_dma_buf10                           0x080035f1   Thumb Code    38  step_dma.o(i.fill_dma_buf10)
    i.handle_command                         0x0800361c   Section        0  protocol.o(i.handle_command)
    i.isqrt_u64                              0x08003aa4   Section        0  step_dma.o(i.isqrt_u64)
    isqrt_u64                                0x08003aa5   Thumb Code   138  step_dma.o(i.isqrt_u64)
    i.main                                   0x08003b30   Section        0  main.o(i.main)
    i.millis                                 0x08003bdc   Section        0  time.o(i.millis)
    i.parse_frame                            0x08003be8   Section        0  protocol.o(i.parse_frame)
    i.send_165Data                           0x08003c84   Section        0  protocol.o(i.send_165Data)
    i.send_165DataSource                     0x08003c90   Section        0  protocol.o(i.send_165DataSource)
    send_165DataSource                       0x08003c91   Thumb Code    38  protocol.o(i.send_165DataSource)
    i.send_frame                             0x08003cbc   Section        0  protocol.o(i.send_frame)
    i.send_frame_event                       0x08003cce   Section        0  protocol.o(i.send_frame_event)
    i.send_frame_internal                    0x08003ce0   Section        0  protocol.o(i.send_frame_internal)
    send_frame_internal                      0x08003ce1   Thumb Code   364  protocol.o(i.send_frame_internal)
    i.send_temperature_frame                 0x08003e8c   Section        0  protocol.o(i.send_temperature_frame)
    i.stepdma_pb10_init                      0x08003ec0   Section        0  step_dma.o(i.stepdma_pb10_init)
    i.stepdma_pb10_is_running                0x08004004   Section        0  step_dma.o(i.stepdma_pb10_is_running)
    i.stepdma_pb10_move_trap                 0x08004010   Section        0  step_dma.o(i.stepdma_pb10_move_trap)
    i.stepdma_pb10_request_trap              0x08004170   Section        0  step_dma.o(i.stepdma_pb10_request_trap)
    i.stepdma_pb10_stop                      0x080041d0   Section        0  step_dma.o(i.stepdma_pb10_stop)
    i.stepdma_pb11_init                      0x08004224   Section        0  step_dma.o(i.stepdma_pb11_init)
    i.stepdma_pb11_move_trap                 0x08004344   Section        0  step_dma.o(i.stepdma_pb11_move_trap)
    i.stepdma_pb11_request_trap              0x08004480   Section        0  step_dma.o(i.stepdma_pb11_request_trap)
    i.stepdma_pb11_stop                      0x080044c0   Section        0  step_dma.o(i.stepdma_pb11_stop)
    i.task_165_input_scan                    0x08004504   Section        0  main.o(i.task_165_input_scan)
    task_165_input_scan                      0x08004505   Thumb Code    10  main.o(i.task_165_input_scan)
    i.task_input_change_report               0x08004514   Section        0  main.o(i.task_input_change_report)
    task_input_change_report                 0x08004515   Thumb Code    92  main.o(i.task_input_change_report)
    i.task_protocol_commands                 0x0800457c   Section        0  main.o(i.task_protocol_commands)
    task_protocol_commands                   0x0800457d   Thumb Code    38  main.o(i.task_protocol_commands)
    i.task_single_motor                      0x080045a4   Section        0  main.o(i.task_single_motor)
    task_single_motor                        0x080045a5   Thumb Code    38  main.o(i.task_single_motor)
    i.task_temperature_report                0x080045d0   Section        0  main.o(i.task_temperature_report)
    task_temperature_report                  0x080045d1   Thumb Code    54  main.o(i.task_temperature_report)
    i.task_uart_frames                       0x08004610   Section        0  main.o(i.task_uart_frames)
    task_uart_frames                         0x08004611   Thumb Code    32  main.o(i.task_uart_frames)
    i.tim5_set_edge_freq                     0x08004630   Section        0  step_dma.o(i.tim5_set_edge_freq)
    tim5_set_edge_freq                       0x08004631   Thumb Code   118  step_dma.o(i.tim5_set_edge_freq)
    i.tim6_set_edge_freq                     0x080046b0   Section        0  step_dma.o(i.tim6_set_edge_freq)
    tim6_set_edge_freq                       0x080046b1   Thumb Code   118  step_dma.o(i.tim6_set_edge_freq)
    i.trap10_get_f                           0x08004730   Section        0  step_dma.o(i.trap10_get_f)
    trap10_get_f                             0x08004731   Thumb Code   196  step_dma.o(i.trap10_get_f)
    i.trap_get_f                             0x080047f8   Section        0  step_dma.o(i.trap_get_f)
    trap_get_f                               0x080047f9   Thumb Code   196  step_dma.o(i.trap_get_f)
    x$fpl$ffixu                              0x080048c0   Section       62  ffixu.o(x$fpl$ffixu)
    x$fpl$fflt                               0x08004900   Section       48  fflt_clz.o(x$fpl$fflt)
    x$fpl$fmul                               0x08004930   Section      258  fmul.o(x$fpl$fmul)
    x$fpl$fnaninf                            0x08004a32   Section      140  fnaninf.o(x$fpl$fnaninf)
    x$fpl$fretinf                            0x08004abe   Section       10  fretinf.o(x$fpl$fretinf)
    .constdata                               0x08004ac8   Section       38  single_motor.o(.constdata)
    x$fpl$usenofp                            0x08004ac8   Section        0  usenofp.o(x$fpl$usenofp)
    single_motor_register_index              0x08004ac8   Data          19  single_motor.o(.constdata)
    single_motor_bit_index                   0x08004adb   Data          19  single_motor.o(.constdata)
    .constdata                               0x08004af0   Section      140  reversible_motor.o(.constdata)
    g_reversible_motor_hardware              0x08004af0   Data         140  reversible_motor.o(.constdata)
    .data                                    0x20000000   Section        4  delay.o(.data)
    fac_us                                   0x20000000   Data           1  delay.o(.data)
    fac_ms                                   0x20000002   Data           2  delay.o(.data)
    .data                                    0x20000004   Section       56  main.o(.data)
    last_inputData                           0x20000030   Data           2  main.o(.data)
    inputData_inited                         0x20000032   Data           1  main.o(.data)
    last_temperature_report_ms               0x20000034   Data           4  main.o(.data)
    last_single_motor_task_ms                0x20000038   Data           4  main.o(.data)
    .data                                    0x2000003c   Section       24  usart.o(.data)
    usart1_frame_head                        0x2000003f   Data           1  usart.o(.data)
    usart1_frame_tail                        0x20000040   Data           1  usart.o(.data)
    usart1_frame_count                       0x20000041   Data           1  usart.o(.data)
    usart1_temp_index                        0x20000042   Data           1  usart.o(.data)
    usart1_temp_receiving                    0x20000043   Data           1  usart.o(.data)
    usart1_temp_buffer                       0x20000044   Data           5  usart.o(.data)
    usart1_remote_temperature                0x2000004a   Data           2  usart.o(.data)
    usart1_remote_temperature_tick           0x2000004c   Data           4  usart.o(.data)
    usart1_temp_rx_tick                      0x20000050   Data           4  usart.o(.data)
    .data                                    0x20000054   Section        2  shift_register_input.o(.data)
    .data                                    0x20000056   Section        4  shift_register.o(.data)
    .data                                    0x2000005a   Section        1  spi_helper.o(.data)
    initialized                              0x2000005a   Data           1  spi_helper.o(.data)
    .data                                    0x2000005c   Section      105  protocol.o(.data)
    protocol_command_cmd                     0x20000067   Data           4  protocol.o(.data)
    protocol_command_head                    0x2000006b   Data           1  protocol.o(.data)
    protocol_command_tail                    0x2000006c   Data           1  protocol.o(.data)
    protocol_command_count                   0x2000006d   Data           1  protocol.o(.data)
    pb10_stop_sensor_enabled                 0x200000c0   Data           1  protocol.o(.data)
    pb10_stop_sensor_index                   0x200000c1   Data           1  protocol.o(.data)
    pb10_stop_sensor_mask                    0x200000c2   Data           1  protocol.o(.data)
    pb10_stop_sensor_level                   0x200000c3   Data           1  protocol.o(.data)
    pb10_stop_sensor_number                  0x200000c4   Data           1  protocol.o(.data)
    .data                                    0x200000c8   Section       97  motor_ctrl.o(.data)
    shift_data                               0x20000128   Data           1  motor_ctrl.o(.data)
    .data                                    0x2000012c   Section        5  single_motor.o(.data)
    .data                                    0x20000134   Section        5  reversible_motor.o(.data)
    .data                                    0x2000013c   Section       36  time.o(.data)
    .data                                    0x20000160   Section       44  step_dma.o(.data)
    s_tim5_clk                               0x20000160   Data           4  step_dma.o(.data)
    s_cur_f                                  0x20000164   Data           4  step_dma.o(.data)
    s_running                                0x20000168   Data           1  step_dma.o(.data)
    s_mode                                   0x20000169   Data           1  step_dma.o(.data)
    s_edges_left                             0x2000016c   Data           4  step_dma.o(.data)
    s10_tim6_clk                             0x20000170   Data           4  step_dma.o(.data)
    s10_cur_f                                0x20000174   Data           4  step_dma.o(.data)
    s10_running                              0x20000178   Data           1  step_dma.o(.data)
    s10_completed_steps                      0x2000017c   Data           4  step_dma.o(.data)
    s10_remaining_steps                      0x20000180   Data           4  step_dma.o(.data)
    s10_mode                                 0x20000184   Data           1  step_dma.o(.data)
    s10_edges_left                           0x20000188   Data           4  step_dma.o(.data)
    .data                                    0x2000018c   Section       20  system_stm32f10x.o(.data)
    .data                                    0x200001a0   Section       20  stm32f10x_rcc.o(.data)
    APBAHBPrescTable                         0x200001a0   Data          16  stm32f10x_rcc.o(.data)
    ADCPrescTable                            0x200001b0   Data           4  stm32f10x_rcc.o(.data)
    .bss                                     0x200001b4   Section     1154  usart.o(.bss)
    usart1_rx_storage                        0x200001b4   Data         512  usart.o(.bss)
    usart3_rx_storage                        0x200003b4   Data         512  usart.o(.bss)
    usart1_rx_ring                           0x200005b4   Data          12  usart.o(.bss)
    usart3_rx_ring                           0x200005c0   Data          12  usart.o(.bss)
    usart1_frame_parser                      0x200005cc   Data          11  usart.o(.bss)
    usart3_frame_parser                      0x200005d7   Data          11  usart.o(.bss)
    usart1_frame_queue                       0x2000060e   Data          40  usart.o(.bss)
    .bss                                     0x20000638   Section     7192  protocol.o(.bss)
    protocol_command_data                    0x20000638   Data          24  protocol.o(.bss)
    .bss                                     0x20002250   Section       24  motor_ctrl.o(.bss)
    .bss                                     0x20002268   Section      228  single_motor.o(.bss)
    .bss                                     0x2000234c   Section      160  reversible_motor.o(.bss)
    .bss                                     0x200023ec   Section       10  time.o(.bss)
    .bss                                     0x200023f8   Section     3216  step_dma.o(.bss)
    s_pending                                0x200023f8   Data          20  step_dma.o(.bss)
    s_dma_buf                                0x2000240c   Data        1024  step_dma.o(.bss)
    s_trap                                   0x2000280c   Data          32  step_dma.o(.bss)
    s10_pending                              0x2000282c   Data          20  step_dma.o(.bss)
    s10_dma_buf                              0x20002840   Data        1024  step_dma.o(.bss)
    s10_trap                                 0x20002c40   Data          32  step_dma.o(.bss)
    s_pu3                                    0x20002c60   Data          40  step_dma.o(.bss)
    s_pu3_edges                              0x20002c88   Data        1024  step_dma.o(.bss)
    .bss                                     0x20003088   Section       96  libspace.o(.bss)
    HEAP                                     0x200030e8   Section      512  startup_stm32f10x_hd.o(HEAP)
    Heap_Mem                                 0x200030e8   Data         512  startup_stm32f10x_hd.o(HEAP)
    STACK                                    0x200032e8   Section     1024  startup_stm32f10x_hd.o(STACK)
    Stack_Mem                                0x200032e8   Data        1024  startup_stm32f10x_hd.o(STACK)
    __initial_sp                             0x200036e8   Data           0  startup_stm32f10x_hd.o(STACK)

    Global Symbols

    Symbol Name                              Value     Ov Type        Size  Object(Section)

    BuildAttributes$$THM_ISAv4$P$D$K$B$S$PE$A:L22UL41UL21$X:L11$S22US41US21$IEEE1$IW$USESV6$~STKCKD$USESV7$~SHL$OSPACE$ROPI$EBA8$UX$STANDARDLIB$REQ8$PRES8$EABIv2 0x00000000   Number         0  anon$$obj.o ABSOLUTE
    __ARM_use_no_argv                        0x00000000   Number         0  main.o ABSOLUTE
    __ARM_exceptions_init                     - Undefined Weak Reference
    __alloca_initialize                       - Undefined Weak Reference
    __arm_preinit_                            - Undefined Weak Reference
    __cpp_initialize__aeabi_                  - Undefined Weak Reference
    __cxa_finalize                            - Undefined Weak Reference
    __rt_locale                               - Undefined Weak Reference
    __sigvec_lookup                           - Undefined Weak Reference
    _atexit_init                              - Undefined Weak Reference
    _call_atexit_fns                          - Undefined Weak Reference
    _clock_init                               - Undefined Weak Reference
    _fp_trap_init                             - Undefined Weak Reference
    _fp_trap_shutdown                         - Undefined Weak Reference
    _get_lc_collate                           - Undefined Weak Reference
    _get_lc_ctype                             - Undefined Weak Reference
    _get_lc_monetary                          - Undefined Weak Reference
    _get_lc_numeric                           - Undefined Weak Reference
    _get_lc_time                              - Undefined Weak Reference
    _getenv_init                              - Undefined Weak Reference
    _handle_redirection                       - Undefined Weak Reference
    _init_alloc                               - Undefined Weak Reference
    _init_user_alloc                          - Undefined Weak Reference
    _initio                                   - Undefined Weak Reference
    _rand_init                                - Undefined Weak Reference
    _signal_finish                            - Undefined Weak Reference
    _signal_init                              - Undefined Weak Reference
    _terminate_alloc                          - Undefined Weak Reference
    _terminate_user_alloc                     - Undefined Weak Reference
    _terminateio                              - Undefined Weak Reference
    __Vectors_Size                           0x00000130   Number         0  startup_stm32f10x_hd.o ABSOLUTE
    __Vectors                                0x08000000   Data           4  startup_stm32f10x_hd.o(RESET)
    __Vectors_End                            0x08000130   Data           0  startup_stm32f10x_hd.o(RESET)
    __main                                   0x08000131   Thumb Code     8  __main.o(!!!main)
    __scatterload                            0x08000139   Thumb Code     0  __scatter.o(!!!scatter)
    __scatterload_rt2                        0x08000139   Thumb Code    44  __scatter.o(!!!scatter)
    __scatterload_rt2_thumb_only             0x08000139   Thumb Code     0  __scatter.o(!!!scatter)
    __scatterload_null                       0x08000147   Thumb Code     0  __scatter.o(!!!scatter)
    __decompress                             0x0800016d   Thumb Code    90  __dczerorl2.o(!!dczerorl2)
    __decompress1                            0x0800016d   Thumb Code     0  __dczerorl2.o(!!dczerorl2)
    __scatterload_zeroinit                   0x080001c9   Thumb Code    28  __scatter_zi.o(!!handler_zi)
    __rt_lib_init                            0x080001e5   Thumb Code     0  libinit.o(.ARM.Collect$$libinit$$00000000)
    __rt_lib_init_alloca_1                   0x080001e7   Thumb Code     0  libinit2.o(.ARM.Collect$$libinit$$0000002E)
    __rt_lib_init_argv_1                     0x080001e7   Thumb Code     0  libinit2.o(.ARM.Collect$$libinit$$0000002C)
    __rt_lib_init_atexit_1                   0x080001e7   Thumb Code     0  libinit2.o(.ARM.Collect$$libinit$$0000001B)
    __rt_lib_init_clock_1                    0x080001e7   Thumb Code     0  libinit2.o(.ARM.Collect$$libinit$$00000021)
    __rt_lib_init_cpp_1                      0x080001e7   Thumb Code     0  libinit2.o(.ARM.Collect$$libinit$$00000032)
    __rt_lib_init_exceptions_1               0x080001e7   Thumb Code     0  libinit2.o(.ARM.Collect$$libinit$$00000030)
    __rt_lib_init_fp_1                       0x080001e7   Thumb Code     0  libinit2.o(.ARM.Collect$$libinit$$00000002)
    __rt_lib_init_fp_trap_1                  0x080001e7   Thumb Code     0  libinit2.o(.ARM.Collect$$libinit$$0000001F)
    __rt_lib_init_getenv_1                   0x080001e7   Thumb Code     0  libinit2.o(.ARM.Collect$$libinit$$00000023)
    __rt_lib_init_heap_1                     0x080001e7   Thumb Code     0  libinit2.o(.ARM.Collect$$libinit$$0000000A)
    __rt_lib_init_lc_collate_1               0x080001e7   Thumb Code     0  libinit2.o(.ARM.Collect$$libinit$$00000011)
    __rt_lib_init_lc_ctype_1                 0x080001e7   Thumb Code     0  libinit2.o(.ARM.Collect$$libinit$$00000013)
    __rt_lib_init_lc_monetary_1              0x080001e7   Thumb Code     0  libinit2.o(.ARM.Collect$$libinit$$00000015)
    __rt_lib_init_lc_numeric_1               0x080001e7   Thumb Code     0  libinit2.o(.ARM.Collect$$libinit$$00000017)
    __rt_lib_init_lc_time_1                  0x080001e7   Thumb Code     0  libinit2.o(.ARM.Collect$$libinit$$00000019)
    __rt_lib_init_preinit_1                  0x080001e7   Thumb Code     0  libinit2.o(.ARM.Collect$$libinit$$00000004)
    __rt_lib_init_rand_1                     0x080001e7   Thumb Code     0  libinit2.o(.ARM.Collect$$libinit$$0000000E)
    __rt_lib_init_return                     0x080001e7   Thumb Code     0  libinit2.o(.ARM.Collect$$libinit$$00000033)
    __rt_lib_init_signal_1                   0x080001e7   Thumb Code     0  libinit2.o(.ARM.Collect$$libinit$$0000001D)
    __rt_lib_init_stdio_1                    0x080001e7   Thumb Code     0  libinit2.o(.ARM.Collect$$libinit$$00000025)
    __rt_lib_init_user_alloc_1               0x080001e7   Thumb Code     0  libinit2.o(.ARM.Collect$$libinit$$0000000C)
    __rt_lib_shutdown                        0x080001e9   Thumb Code     0  libshutdown.o(.ARM.Collect$$libshutdown$$00000000)
    __rt_lib_shutdown_cpp_1                  0x080001eb   Thumb Code     0  libshutdown2.o(.ARM.Collect$$libshutdown$$00000002)
    __rt_lib_shutdown_fp_trap_1              0x080001eb   Thumb Code     0  libshutdown2.o(.ARM.Collect$$libshutdown$$00000007)
    __rt_lib_shutdown_heap_1                 0x080001eb   Thumb Code     0  libshutdown2.o(.ARM.Collect$$libshutdown$$0000000F)
    __rt_lib_shutdown_return                 0x080001eb   Thumb Code     0  libshutdown2.o(.ARM.Collect$$libshutdown$$00000010)
    __rt_lib_shutdown_signal_1               0x080001eb   Thumb Code     0  libshutdown2.o(.ARM.Collect$$libshutdown$$0000000A)
    __rt_lib_shutdown_stdio_1                0x080001eb   Thumb Code     0  libshutdown2.o(.ARM.Collect$$libshutdown$$00000004)
    __rt_lib_shutdown_user_alloc_1           0x080001eb   Thumb Code     0  libshutdown2.o(.ARM.Collect$$libshutdown$$0000000C)
    __rt_entry                               0x080001ed   Thumb Code     0  __rtentry.o(.ARM.Collect$$rtentry$$00000000)
    __rt_entry_presh_1                       0x080001ed   Thumb Code     0  __rtentry2.o(.ARM.Collect$$rtentry$$00000002)
    __rt_entry_sh                            0x080001ed   Thumb Code     0  __rtentry4.o(.ARM.Collect$$rtentry$$00000004)
    __rt_entry_li                            0x080001f3   Thumb Code     0  __rtentry2.o(.ARM.Collect$$rtentry$$0000000A)
    __rt_entry_postsh_1                      0x080001f3   Thumb Code     0  __rtentry2.o(.ARM.Collect$$rtentry$$00000009)
    __rt_entry_main                          0x080001f7   Thumb Code     0  __rtentry2.o(.ARM.Collect$$rtentry$$0000000D)
    __rt_entry_postli_1                      0x080001f7   Thumb Code     0  __rtentry2.o(.ARM.Collect$$rtentry$$0000000C)
    __rt_exit                                0x080001ff   Thumb Code     0  rtexit.o(.ARM.Collect$$rtexit$$00000000)
    __rt_exit_ls                             0x08000201   Thumb Code     0  rtexit2.o(.ARM.Collect$$rtexit$$00000003)
    __rt_exit_prels_1                        0x08000201   Thumb Code     0  rtexit2.o(.ARM.Collect$$rtexit$$00000002)
    __rt_exit_exit                           0x08000205   Thumb Code     0  rtexit2.o(.ARM.Collect$$rtexit$$00000004)
    Reset_Handler                            0x0800020d   Thumb Code     8  startup_stm32f10x_hd.o(.text)
    ADC1_2_IRQHandler                        0x08000227   Thumb Code     0  startup_stm32f10x_hd.o(.text)
    ADC3_IRQHandler                          0x08000227   Thumb Code     0  startup_stm32f10x_hd.o(.text)
    CAN1_RX1_IRQHandler                      0x08000227   Thumb Code     0  startup_stm32f10x_hd.o(.text)
    CAN1_SCE_IRQHandler                      0x08000227   Thumb Code     0  startup_stm32f10x_hd.o(.text)
    DMA1_Channel1_IRQHandler                 0x08000227   Thumb Code     0  startup_stm32f10x_hd.o(.text)
    DMA1_Channel2_IRQHandler                 0x08000227   Thumb Code     0  startup_stm32f10x_hd.o(.text)
    DMA1_Channel3_IRQHandler                 0x08000227   Thumb Code     0  startup_stm32f10x_hd.o(.text)
    DMA1_Channel4_IRQHandler                 0x08000227   Thumb Code     0  startup_stm32f10x_hd.o(.text)
    DMA1_Channel5_IRQHandler                 0x08000227   Thumb Code     0  startup_stm32f10x_hd.o(.text)
    DMA1_Channel6_IRQHandler                 0x08000227   Thumb Code     0  startup_stm32f10x_hd.o(.text)
    DMA1_Channel7_IRQHandler                 0x08000227   Thumb Code     0  startup_stm32f10x_hd.o(.text)
    DMA2_Channel1_IRQHandler                 0x08000227   Thumb Code     0  startup_stm32f10x_hd.o(.text)
    EXTI0_IRQHandler                         0x08000227   Thumb Code     0  startup_stm32f10x_hd.o(.text)
    EXTI15_10_IRQHandler                     0x08000227   Thumb Code     0  startup_stm32f10x_hd.o(.text)
    EXTI1_IRQHandler                         0x08000227   Thumb Code     0  startup_stm32f10x_hd.o(.text)
    EXTI2_IRQHandler                         0x08000227   Thumb Code     0  startup_stm32f10x_hd.o(.text)
    EXTI3_IRQHandler                         0x08000227   Thumb Code     0  startup_stm32f10x_hd.o(.text)
    EXTI4_IRQHandler                         0x08000227   Thumb Code     0  startup_stm32f10x_hd.o(.text)
    EXTI9_5_IRQHandler                       0x08000227   Thumb Code     0  startup_stm32f10x_hd.o(.text)
    FLASH_IRQHandler                         0x08000227   Thumb Code     0  startup_stm32f10x_hd.o(.text)
    FSMC_IRQHandler                          0x08000227   Thumb Code     0  startup_stm32f10x_hd.o(.text)
    I2C1_ER_IRQHandler                       0x08000227   Thumb Code     0  startup_stm32f10x_hd.o(.text)
    I2C1_EV_IRQHandler                       0x08000227   Thumb Code     0  startup_stm32f10x_hd.o(.text)
    I2C2_ER_IRQHandler                       0x08000227   Thumb Code     0  startup_stm32f10x_hd.o(.text)
    I2C2_EV_IRQHandler                       0x08000227   Thumb Code     0  startup_stm32f10x_hd.o(.text)
    PVD_IRQHandler                           0x08000227   Thumb Code     0  startup_stm32f10x_hd.o(.text)
    RCC_IRQHandler                           0x08000227   Thumb Code     0  startup_stm32f10x_hd.o(.text)
    RTCAlarm_IRQHandler                      0x08000227   Thumb Code     0  startup_stm32f10x_hd.o(.text)
    RTC_IRQHandler                           0x08000227   Thumb Code     0  startup_stm32f10x_hd.o(.text)
    SDIO_IRQHandler                          0x08000227   Thumb Code     0  startup_stm32f10x_hd.o(.text)
    SPI1_IRQHandler                          0x08000227   Thumb Code     0  startup_stm32f10x_hd.o(.text)
    SPI2_IRQHandler                          0x08000227   Thumb Code     0  startup_stm32f10x_hd.o(.text)
    SPI3_IRQHandler                          0x08000227   Thumb Code     0  startup_stm32f10x_hd.o(.text)
    TAMPER_IRQHandler                        0x08000227   Thumb Code     0  startup_stm32f10x_hd.o(.text)
    TIM1_BRK_IRQHandler                      0x08000227   Thumb Code     0  startup_stm32f10x_hd.o(.text)
    TIM1_CC_IRQHandler                       0x08000227   Thumb Code     0  startup_stm32f10x_hd.o(.text)
    TIM1_TRG_COM_IRQHandler                  0x08000227   Thumb Code     0  startup_stm32f10x_hd.o(.text)
    TIM1_UP_IRQHandler                       0x08000227   Thumb Code     0  startup_stm32f10x_hd.o(.text)
    TIM5_IRQHandler                          0x08000227   Thumb Code     0  startup_stm32f10x_hd.o(.text)
    TIM6_IRQHandler                          0x08000227   Thumb Code     0  startup_stm32f10x_hd.o(.text)
    TIM7_IRQHandler                          0x08000227   Thumb Code     0  startup_stm32f10x_hd.o(.text)
    TIM8_BRK_IRQHandler                      0x08000227   Thumb Code     0  startup_stm32f10x_hd.o(.text)
    TIM8_CC_IRQHandler                       0x08000227   Thumb Code     0  startup_stm32f10x_hd.o(.text)
    TIM8_TRG_COM_IRQHandler                  0x08000227   Thumb Code     0  startup_stm32f10x_hd.o(.text)
    TIM8_UP_IRQHandler                       0x08000227   Thumb Code     0  startup_stm32f10x_hd.o(.text)
    UART4_IRQHandler                         0x08000227   Thumb Code     0  startup_stm32f10x_hd.o(.text)
    UART5_IRQHandler                         0x08000227   Thumb Code     0  startup_stm32f10x_hd.o(.text)
    USBWakeUp_IRQHandler                     0x08000227   Thumb Code     0  startup_stm32f10x_hd.o(.text)
    USB_HP_CAN1_TX_IRQHandler                0x08000227   Thumb Code     0  startup_stm32f10x_hd.o(.text)
    USB_LP_CAN1_RX0_IRQHandler               0x08000227   Thumb Code     0  startup_stm32f10x_hd.o(.text)
    WWDG_IRQHandler                          0x08000227   Thumb Code     0  startup_stm32f10x_hd.o(.text)
    __user_initial_stackheap                 0x08000229   Thumb Code     0  startup_stm32f10x_hd.o(.text)
    __aeabi_uldivmod                         0x0800024d   Thumb Code     0  lludivv7m.o(.text)
    _ll_udiv                                 0x0800024d   Thumb Code   238  lludivv7m.o(.text)
    __use_two_region_memory                  0x0800033b   Thumb Code     2  heapauxi.o(.text)
    __rt_heap_escrow$2region                 0x0800033d   Thumb Code     2  heapauxi.o(.text)
    __rt_heap_expand$2region                 0x0800033f   Thumb Code     2  heapauxi.o(.text)
    __user_setup_stackheap                   0x08000341   Thumb Code    74  sys_stackheap_outer.o(.text)
    exit                                     0x0800038b   Thumb Code    18  exit.o(.text)
    __user_libspace                          0x0800039d   Thumb Code     8  libspace.o(.text)
    __user_perproc_libspace                  0x0800039d   Thumb Code     0  libspace.o(.text)
    __user_perthread_libspace                0x0800039d   Thumb Code     0  libspace.o(.text)
    _sys_exit                                0x080003a5   Thumb Code     8  sys_exit.o(.text)
    __I$use$semihosting                      0x080003b1   Thumb Code     0  use_no_semi.o(.text)
    __use_no_semihosting_swi                 0x080003b1   Thumb Code     2  use_no_semi.o(.text)
    BusFault_Handler                         0x080003b3   Thumb Code     4  stm32f10x_it.o(i.BusFault_Handler)
    __semihosting_library_function           0x080003b3   Thumb Code     0  indicate_semi.o(.text)
    DMA2_Channel2_IRQHandler                 0x080003b9   Thumb Code   622  step_dma.o(i.DMA2_Channel2_IRQHandler)
    DMA2_Channel3_IRQHandler                 0x08000645   Thumb Code   370  step_dma.o(i.DMA2_Channel3_IRQHandler)
    DMA2_Channel4_5_IRQHandler               0x080007dd   Thumb Code   140  step_dma.o(i.DMA2_Channel4_5_IRQHandler)
    DMA_ClearITPendingBit                    0x08000871   Thumb Code    18  stm32f10x_dma.o(i.DMA_ClearITPendingBit)
    DMA_Cmd                                  0x0800088d   Thumb Code    24  stm32f10x_dma.o(i.DMA_Cmd)
    DMA_DeInit                               0x080008a5   Thumb Code   324  stm32f10x_dma.o(i.DMA_DeInit)
    DMA_GetITStatus                          0x080009f1   Thumb Code    36  stm32f10x_dma.o(i.DMA_GetITStatus)
    DMA_ITConfig                             0x08000a1d   Thumb Code    18  stm32f10x_dma.o(i.DMA_ITConfig)
    DMA_Init                                 0x08000a2f   Thumb Code    60  stm32f10x_dma.o(i.DMA_Init)
    DebugMon_Handler                         0x08000a6b   Thumb Code     2  stm32f10x_it.o(i.DebugMon_Handler)
    Delay_Init                               0x08000a6d   Thumb Code    50  delay.o(i.Delay_Init)
    Delay_us                                 0x08000ab1   Thumb Code    56  delay.o(i.Delay_us)
    GPIO_Config                              0x08000aed   Thumb Code    46  pwm.o(i.GPIO_Config)
    GPIO_Init                                0x08000b25   Thumb Code   278  stm32f10x_gpio.o(i.GPIO_Init)
    GPIO_PinRemapConfig                      0x08000c3d   Thumb Code   138  stm32f10x_gpio.o(i.GPIO_PinRemapConfig)
    GPIO_ReadInputDataBit                    0x08000ccd   Thumb Code    18  stm32f10x_gpio.o(i.GPIO_ReadInputDataBit)
    GPIO_ResetBits                           0x08000cdf   Thumb Code     4  stm32f10x_gpio.o(i.GPIO_ResetBits)
    GPIO_SetBits                             0x08000ce3   Thumb Code     4  stm32f10x_gpio.o(i.GPIO_SetBits)
    HardFault_Handler                        0x08000ce7   Thumb Code     4  stm32f10x_it.o(i.HardFault_Handler)
    MAX31855_GetTemperature                  0x08000ced   Thumb Code    88  max31855.o(i.MAX31855_GetTemperature)
    MAX31855_Init                            0x08000d4d   Thumb Code   136  max31855.o(i.MAX31855_Init)
    MemManage_Handler                        0x08000ddd   Thumb Code     4  stm32f10x_it.o(i.MemManage_Handler)
    Motor_InitAll                            0x08000de1   Thumb Code   174  motor_ctrl.o(i.Motor_InitAll)
    NMI_Handler                              0x08000e9d   Thumb Code     2  stm32f10x_it.o(i.NMI_Handler)
    NVIC_Init                                0x08000ea1   Thumb Code   100  misc.o(i.NVIC_Init)
    NVIC_PriorityGroupConfig                 0x08000f11   Thumb Code    10  misc.o(i.NVIC_PriorityGroupConfig)
    PU3_Stepper_Init                         0x08000ff9   Thumb Code   254  step_dma.o(i.PU3_Stepper_Init)
    PU3_Stepper_Start                        0x08001109   Thumb Code   142  step_dma.o(i.PU3_Stepper_Start)
    PU3_Stepper_Stop                         0x080011a1   Thumb Code    52  step_dma.o(i.PU3_Stepper_Stop)
    PWM_PA0_PA1_PA11_Init                    0x08001215   Thumb Code   184  pwm.o(i.PWM_PA0_PA1_PA11_Init)
    PendSV_Handler                           0x080012f9   Thumb Code     2  stm32f10x_it.o(i.PendSV_Handler)
    Protocol_CheckPb10StopSensor             0x080012fd   Thumb Code    92  protocol.o(i.Protocol_CheckPb10StopSensor)
    Protocol_InitTxDiagnostics               0x08001409   Thumb Code    24  protocol.o(i.Protocol_InitTxDiagnostics)
    Protocol_RecordUsart2TxTimeout           0x080014c1   Thumb Code    76  protocol.o(i.Protocol_RecordUsart2TxTimeout)
    Protocol_ResetUsart2TxTimeoutEvidence    0x08001531   Thumb Code    42  protocol.o(i.Protocol_ResetUsart2TxTimeoutEvidence)
    Protocol_TakeCommand                     0x080015b5   Thumb Code    92  protocol.o(i.Protocol_TakeCommand)
    RCC_AHBPeriphClockCmd                    0x08001621   Thumb Code    26  stm32f10x_rcc.o(i.RCC_AHBPeriphClockCmd)
    RCC_APB1PeriphClockCmd                   0x08001641   Thumb Code    26  stm32f10x_rcc.o(i.RCC_APB1PeriphClockCmd)
    RCC_APB2PeriphClockCmd                   0x08001661   Thumb Code    26  stm32f10x_rcc.o(i.RCC_APB2PeriphClockCmd)
    RCC_DeInit                               0x08001681   Thumb Code    64  stm32f10x_rcc.o(i.RCC_DeInit)
    RCC_GetClocksFreq                        0x080016cd   Thumb Code   192  stm32f10x_rcc.o(i.RCC_GetClocksFreq)
    RCC_GetFlagStatus                        0x080017a1   Thumb Code    56  stm32f10x_rcc.o(i.RCC_GetFlagStatus)
    RCC_GetSYSCLKSource                      0x080017dd   Thumb Code    10  stm32f10x_rcc.o(i.RCC_GetSYSCLKSource)
    RCC_HCLKConfig                           0x080017ed   Thumb Code    18  stm32f10x_rcc.o(i.RCC_HCLKConfig)
    RCC_HSEConfig                            0x08001805   Thumb Code    70  stm32f10x_rcc.o(i.RCC_HSEConfig)
    RCC_LSEConfig                            0x08001851   Thumb Code    46  stm32f10x_rcc.o(i.RCC_LSEConfig)
    RCC_PCLK1Config                          0x08001885   Thumb Code    18  stm32f10x_rcc.o(i.RCC_PCLK1Config)
    RCC_PCLK2Config                          0x0800189d   Thumb Code    20  stm32f10x_rcc.o(i.RCC_PCLK2Config)
    RCC_PLLCmd                               0x080018b5   Thumb Code     6  stm32f10x_rcc.o(i.RCC_PLLCmd)
    RCC_PLLConfig                            0x080018c1   Thumb Code    24  stm32f10x_rcc.o(i.RCC_PLLConfig)
    RCC_SYSCLKConfig                         0x080018dd   Thumb Code    18  stm32f10x_rcc.o(i.RCC_SYSCLKConfig)
    RCC_WaitForHSEStartUp                    0x080018f5   Thumb Code    56  stm32f10x_rcc.o(i.RCC_WaitForHSEStartUp)
    ReversibleMotor_Immediate                0x08001b5b   Thumb Code    66  reversible_motor.o(i.ReversibleMotor_Immediate)
    ReversibleMotor_Init                     0x08001b9d   Thumb Code    50  reversible_motor.o(i.ReversibleMotor_Init)
    ReversibleMotor_RecordError              0x08001cc1   Thumb Code    16  reversible_motor.o(i.ReversibleMotor_RecordError)
    ReversibleMotor_StartSensorTimed         0x08001cd9   Thumb Code    50  reversible_motor.o(i.ReversibleMotor_StartSensorTimed)
    ReversibleMotor_StartTimed               0x08001d0b   Thumb Code    34  reversible_motor.o(i.ReversibleMotor_StartTimed)
    ReversibleMotor_Task                     0x08001d55   Thumb Code   188  reversible_motor.o(i.ReversibleMotor_Task)
    RingBuffer_Init                          0x08001e15   Thumb Code    12  ringbuffer.o(i.RingBuffer_Init)
    RingBuffer_ReadByte                      0x08001e21   Thumb Code    50  ringbuffer.o(i.RingBuffer_ReadByte)
    RingBuffer_WriteByte                     0x08001e53   Thumb Code    54  ringbuffer.o(i.RingBuffer_WriteByte)
    SPI1_InitOnce                            0x08001e89   Thumb Code   202  spi_helper.o(i.SPI1_InitOnce)
    SPI_Cmd                                  0x08001f65   Thumb Code    24  stm32f10x_spi.o(i.SPI_Cmd)
    SPI_GPIO_Init                            0x08001f7d   Thumb Code   116  spi_helper.o(i.SPI_GPIO_Init)
    SPI_I2S_GetFlagStatus                    0x08001ff5   Thumb Code    18  stm32f10x_spi.o(i.SPI_I2S_GetFlagStatus)
    SPI_I2S_ReceiveData                      0x08002007   Thumb Code     6  stm32f10x_spi.o(i.SPI_I2S_ReceiveData)
    SPI_I2S_SendData                         0x0800200d   Thumb Code     4  stm32f10x_spi.o(i.SPI_I2S_SendData)
    SPI_Init                                 0x08002011   Thumb Code    60  stm32f10x_spi.o(i.SPI_Init)
    SPI_NSSInternalSoftwareConfig            0x0800204d   Thumb Code    30  stm32f10x_spi.o(i.SPI_NSSInternalSoftwareConfig)
    SVC_Handler                              0x080020bd   Thumb Code     2  stm32f10x_it.o(i.SVC_Handler)
    ShiftRegisterInput_Init                  0x080021a9   Thumb Code    40  shift_register_input.o(i.ShiftRegisterInput_Init)
    ShiftRegisterInput_ReadAll               0x080021d5   Thumb Code   106  shift_register_input.o(i.ShiftRegisterInput_ReadAll)
    ShiftRegister_Init                       0x08002249   Thumb Code    40  shift_register.o(i.ShiftRegister_Init)
    ShiftRegister_WriteAll                   0x08002275   Thumb Code    86  shift_register.o(i.ShiftRegister_WriteAll)
    SingleMotor_GetRunningBitmap             0x080022e5   Thumb Code    60  single_motor.o(i.SingleMotor_GetRunningBitmap)
    SingleMotor_Immediate                    0x08002325   Thumb Code    62  single_motor.o(i.SingleMotor_Immediate)
    SingleMotor_Init                         0x08002369   Thumb Code    32  single_motor.o(i.SingleMotor_Init)
    SingleMotor_RecordError                  0x080023e1   Thumb Code    16  single_motor.o(i.SingleMotor_RecordError)
    SingleMotor_Set                          0x080023f9   Thumb Code    80  single_motor.o(i.SingleMotor_Set)
    SingleMotor_StartSensorTimed             0x08002455   Thumb Code    80  single_motor.o(i.SingleMotor_StartSensorTimed)
    SingleMotor_StartTimed                   0x080024a9   Thumb Code    56  single_motor.o(i.SingleMotor_StartTimed)
    SingleMotor_Task                         0x080024e5   Thumb Code   130  single_motor.o(i.SingleMotor_Task)
    Stepper2_Init                            0x0800256d   Thumb Code    10  step_dma.o(i.Stepper2_Init)
    Stepper2_SetDirection                    0x0800257d   Thumb Code    50  step_dma.o(i.Stepper2_SetDirection)
    Stepper2_Stop                            0x080025b5   Thumb Code     8  step_dma.o(i.Stepper2_Stop)
    SysTick_CLKSourceConfig                  0x080025bd   Thumb Code    40  misc.o(i.SysTick_CLKSourceConfig)
    SysTick_Handler                          0x080025e5   Thumb Code     2  stm32f10x_it.o(i.SysTick_Handler)
    SystemClock_Config                       0x080025e7   Thumb Code    98  clock.o(i.SystemClock_Config)
    SystemInit                               0x08002649   Thumb Code    78  system_stm32f10x.o(i.SystemInit)
    TIM1_PWM_CH2N_Config                     0x080026a9   Thumb Code   200  pwm.o(i.TIM1_PWM_CH2N_Config)
    TIM2_IRQHandler                          0x08002775   Thumb Code    60  time.o(i.TIM2_IRQHandler)
    TIM3_10us_Init                           0x080027bd   Thumb Code    76  time.o(i.TIM3_10us_Init)
    TIM3_IRQHandler                          0x08002815   Thumb Code    42  time.o(i.TIM3_IRQHandler)
    TIM4_10us_Init                           0x08002849   Thumb Code    74  time.o(i.TIM4_10us_Init)
    TIM4_IRQHandler                          0x080028a1   Thumb Code    22  time.o(i.TIM4_IRQHandler)
    TIM_ARRPreloadConfig                     0x080028bd   Thumb Code    24  stm32f10x_tim.o(i.TIM_ARRPreloadConfig)
    TIM_BDTRConfig                           0x080028d5   Thumb Code    32  stm32f10x_tim.o(i.TIM_BDTRConfig)
    TIM_BDTRStructInit                       0x080028f5   Thumb Code    18  stm32f10x_tim.o(i.TIM_BDTRStructInit)
    TIM_ClearFlag                            0x08002907   Thumb Code     6  stm32f10x_tim.o(i.TIM_ClearFlag)
    TIM_ClearITPendingBit                    0x0800290d   Thumb Code     6  stm32f10x_tim.o(i.TIM_ClearITPendingBit)
    TIM_Cmd                                  0x08002913   Thumb Code    24  stm32f10x_tim.o(i.TIM_Cmd)
    TIM_CtrlPWMOutputs                       0x0800292b   Thumb Code    30  stm32f10x_tim.o(i.TIM_CtrlPWMOutputs)
    TIM_DMACmd                               0x08002949   Thumb Code    18  stm32f10x_tim.o(i.TIM_DMACmd)
    TIM_GenerateEvent                        0x0800295b   Thumb Code     4  stm32f10x_tim.o(i.TIM_GenerateEvent)
    TIM_GetITStatus                          0x0800295f   Thumb Code    34  stm32f10x_tim.o(i.TIM_GetITStatus)
    TIM_ITConfig                             0x08002981   Thumb Code    18  stm32f10x_tim.o(i.TIM_ITConfig)
    TIM_OC1Init                              0x08002995   Thumb Code   132  stm32f10x_tim.o(i.TIM_OC1Init)
    TIM_OC1PreloadConfig                     0x08002a2d   Thumb Code    18  stm32f10x_tim.o(i.TIM_OC1PreloadConfig)
    TIM_OC2Init                              0x08002a41   Thumb Code   154  stm32f10x_tim.o(i.TIM_OC2Init)
    TIM_OC2PreloadConfig                     0x08002ae5   Thumb Code    26  stm32f10x_tim.o(i.TIM_OC2PreloadConfig)
    TIM_OC4Init                              0x08002b01   Thumb Code   114  stm32f10x_tim.o(i.TIM_OC4Init)
    TIM_OC4PreloadConfig                     0x08002b7d   Thumb Code    26  stm32f10x_tim.o(i.TIM_OC4PreloadConfig)
    TIM_OCStructInit                         0x08002b97   Thumb Code    20  stm32f10x_tim.o(i.TIM_OCStructInit)
    TIM_PrescalerConfig                      0x08002bab   Thumb Code     6  stm32f10x_tim.o(i.TIM_PrescalerConfig)
    TIM_SetAutoreload                        0x08002bb1   Thumb Code     4  stm32f10x_tim.o(i.TIM_SetAutoreload)
    TIM_SetCompare1                          0x08002bb5   Thumb Code     4  stm32f10x_tim.o(i.TIM_SetCompare1)
    TIM_SetCompare2                          0x08002bb9   Thumb Code     4  stm32f10x_tim.o(i.TIM_SetCompare2)
    TIM_SetCompare4                          0x08002bbd   Thumb Code     6  stm32f10x_tim.o(i.TIM_SetCompare4)
    TIM_SetCounter                           0x08002bc3   Thumb Code     4  stm32f10x_tim.o(i.TIM_SetCounter)
    TIM_TimeBaseInit                         0x08002bc9   Thumb Code   122  stm32f10x_tim.o(i.TIM_TimeBaseInit)
    TIM_TimeBaseStructInit                   0x08002c6d   Thumb Code    18  stm32f10x_tim.o(i.TIM_TimeBaseStructInit)
    Timer2_Init                              0x08002c81   Thumb Code    88  time.o(i.Timer2_Init)
    USART1_GetRemoteTemperature              0x08002ce1   Thumb Code    46  usart.o(i.USART1_GetRemoteTemperature)
    USART1_IRQHandler                        0x08002d19   Thumb Code   152  usart.o(i.USART1_IRQHandler)
    USART1_Init                              0x08002dd5   Thumb Code   440  usart.o(i.USART1_Init)
    USART1_TakeFrame                         0x080030c9   Thumb Code   114  usart.o(i.USART1_TakeFrame)
    USART2_IRQHandler                        0x0800314d   Thumb Code   118  usart.o(i.USART2_IRQHandler)
    USART3_IRQHandler                        0x080031dd   Thumb Code    14  usart.o(i.USART3_IRQHandler)
    USART3_Process                           0x080031f9   Thumb Code    30  usart.o(i.USART3_Process)
    USART_Cmd                                0x08003225   Thumb Code    24  stm32f10x_usart.o(i.USART_Cmd)
    USART_GetFlagStatus                      0x0800323d   Thumb Code    26  stm32f10x_usart.o(i.USART_GetFlagStatus)
    USART_ITConfig                           0x08003257   Thumb Code    74  stm32f10x_usart.o(i.USART_ITConfig)
    USART_Init                               0x080032a1   Thumb Code   210  stm32f10x_usart.o(i.USART_Init)
    USART_SendByte                           0x08003485   Thumb Code   124  usart.o(i.USART_SendByte)
    USART_SendData                           0x08003509   Thumb Code     8  stm32f10x_usart.o(i.USART_SendData)
    UsageFault_Handler                       0x08003511   Thumb Code     4  stm32f10x_it.o(i.UsageFault_Handler)
    delay_us                                 0x08003515   Thumb Code    30  delay.o(i.delay_us)
    handle_command                           0x0800361d   Thumb Code  1154  protocol.o(i.handle_command)
    main                                     0x08003b31   Thumb Code   156  main.o(i.main)
    millis                                   0x08003bdd   Thumb Code     6  time.o(i.millis)
    parse_frame                              0x08003be9   Thumb Code   136  protocol.o(i.parse_frame)
    send_165Data                             0x08003c85   Thumb Code    10  protocol.o(i.send_165Data)
    send_frame                               0x08003cbd   Thumb Code    18  protocol.o(i.send_frame)
    send_frame_event                         0x08003ccf   Thumb Code    18  protocol.o(i.send_frame_event)
    send_temperature_frame                   0x08003e8d   Thumb Code    50  protocol.o(i.send_temperature_frame)
    stepdma_pb10_init                        0x08003ec1   Thumb Code   274  step_dma.o(i.stepdma_pb10_init)
    stepdma_pb10_is_running                  0x08004005   Thumb Code     6  step_dma.o(i.stepdma_pb10_is_running)
    stepdma_pb10_move_trap                   0x08004011   Thumb Code   326  step_dma.o(i.stepdma_pb10_move_trap)
    stepdma_pb10_request_trap                0x08004171   Thumb Code    88  step_dma.o(i.stepdma_pb10_request_trap)
    stepdma_pb10_stop                        0x080041d1   Thumb Code    52  step_dma.o(i.stepdma_pb10_stop)
    stepdma_pb11_init                        0x08004225   Thumb Code   254  step_dma.o(i.stepdma_pb11_init)
    stepdma_pb11_move_trap                   0x08004345   Thumb Code   302  step_dma.o(i.stepdma_pb11_move_trap)
    stepdma_pb11_request_trap                0x08004481   Thumb Code    54  step_dma.o(i.stepdma_pb11_request_trap)
    stepdma_pb11_stop                        0x080044c1   Thumb Code    44  step_dma.o(i.stepdma_pb11_stop)
    __aeabi_f2uiz                            0x080048c1   Thumb Code     0  ffixu.o(x$fpl$ffixu)
    _ffixu                                   0x080048c1   Thumb Code    62  ffixu.o(x$fpl$ffixu)
    __aeabi_i2f                              0x08004901   Thumb Code     0  fflt_clz.o(x$fpl$fflt)
    _fflt                                    0x08004901   Thumb Code    48  fflt_clz.o(x$fpl$fflt)
    __aeabi_fmul                             0x08004931   Thumb Code     0  fmul.o(x$fpl$fmul)
    _fmul                                    0x08004931   Thumb Code   258  fmul.o(x$fpl$fmul)
    __fpl_fnaninf                            0x08004a33   Thumb Code   140  fnaninf.o(x$fpl$fnaninf)
    __fpl_fretinf                            0x08004abf   Thumb Code    10  fretinf.o(x$fpl$fretinf)
    __I$use$fp                               0x08004ac8   Number         0  usenofp.o(x$fpl$usenofp)
    Region$$Table$$Base                      0x08004b7c   Number         0  anon$$obj.o(Region$$Table)
    Region$$Table$$Limit                     0x08004b9c   Number         0  anon$$obj.o(Region$$Table)
    stepMotorA                               0x20000004   Data          44  main.o(.data)
    rx_index                                 0x2000003c   Data           1  usart.o(.data)
    receiving                                0x2000003d   Data           1  usart.o(.data)
    frame_ready                              0x2000003e   Data           1  usart.o(.data)
    inputData                                0x20000054   Data           2  shift_register_input.o(.data)
    HC595Data                                0x20000056   Data           4  shift_register.o(.data)
    pwm_duty                                 0x2000005c   Data           1  protocol.o(.data)
    pwm_duty0                                0x2000005e   Data           2  protocol.o(.data)
    temperature                              0x20000060   Data           4  protocol.o(.data)
    test_time                                0x20000064   Data           1  protocol.o(.data)
    motor16_timeout_report                   0x20000065   Data           2  protocol.o(.data)
    dbg_usart_rx_bytes                       0x20000070   Data           4  protocol.o(.data)
    dbg_usart_rx_frames                      0x20000074   Data           4  protocol.o(.data)
    dbg_usart_ore                            0x20000078   Data           4  protocol.o(.data)
    dbg_usart_fe                             0x2000007c   Data           4  protocol.o(.data)
    dbg_usart_ne                             0x20000080   Data           4  protocol.o(.data)
    dbg_usart_pe                             0x20000084   Data           4  protocol.o(.data)
    dbg_parser_bad_head                      0x20000088   Data           4  protocol.o(.data)
    dbg_parser_bad_tail                      0x2000008c   Data           4  protocol.o(.data)
    dbg_parser_bad_checksum                  0x20000090   Data           4  protocol.o(.data)
    dbg_frame_queue_overflow                 0x20000094   Data           4  protocol.o(.data)
    dbg_cmd_queue_overflow                   0x20000098   Data           4  protocol.o(.data)
    dbg_usart2_tx_frames_begin               0x2000009c   Data           4  protocol.o(.data)
    dbg_usart2_tx_frames_complete            0x200000a0   Data           4  protocol.o(.data)
    dbg_usart2_tx_bytes                      0x200000a4   Data           4  protocol.o(.data)
    dbg_usart2_tx_timeout                    0x200000a8   Data           4  protocol.o(.data)
    dbg_usart2_tx_last_begin_ms              0x200000ac   Data           4  protocol.o(.data)
    dbg_usart2_tx_last_complete_ms           0x200000b0   Data           4  protocol.o(.data)
    dbg_usart2_tx_last_timeout_ms            0x200000b4   Data           4  protocol.o(.data)
    dbg_usart2_tx_last_cmd                   0x200000b8   Data           1  protocol.o(.data)
    dbg_usart2_tx_last_timeout_stage         0x200000b9   Data           1  protocol.o(.data)
    dbg_usart2_tx_last_byte_index            0x200000ba   Data           1  protocol.o(.data)
    dbg_usart2_tx_last_timeout_cmd           0x200000bb   Data           1  protocol.o(.data)
    dbg_usart2_tx_last_timeout_source        0x200000bc   Data           1  protocol.o(.data)
    dbg_usart2_tx_current_byte_index         0x200000bd   Data           1  protocol.o(.data)
    dbg_usart2_tx_current_cmd                0x200000be   Data           1  protocol.o(.data)
    dbg_usart2_tx_current_source             0x200000bf   Data           1  protocol.o(.data)
    motors                                   0x200000c8   Data          96  motor_ctrl.o(.data)
    g_single_motor_error_count               0x2000012c   Data           4  single_motor.o(.data)
    g_single_motor_last_error                0x20000130   Data           1  single_motor.o(.data)
    g_reversible_motor_error_count           0x20000134   Data           4  reversible_motor.o(.data)
    g_reversible_motor_last_error            0x20000138   Data           1  reversible_motor.o(.data)
    time                                     0x2000013c   Data           2  time.o(.data)
    z                                        0x2000013e   Data           1  time.o(.data)
    sys_millis                               0x20000140   Data           4  time.o(.data)
    motor_tick_pending                       0x20000144   Data           1  time.o(.data)
    handle_step_motor1                       0x20000145   Data           1  time.o(.data)
    handle_step_motor2                       0x20000146   Data           1  time.o(.data)
    NVIC_InitStructure                       0x20000147   Data           4  time.o(.data)
    pwm_counter                              0x2000014c   Data           2  time.o(.data)
    pwm_counter1                             0x2000014e   Data           1  time.o(.data)
    service_flag                             0x2000014f   Data           1  time.o(.data)
    service_flag1                            0x20000150   Data           1  time.o(.data)
    base_interval                            0x20000154   Data           4  time.o(.data)
    target_interval                          0x20000158   Data           4  time.o(.data)
    base_interval3                           0x2000015c   Data           2  time.o(.data)
    target_interval3                         0x2000015e   Data           2  time.o(.data)
    SystemCoreClock                          0x2000018c   Data           4  system_stm32f10x.o(.data)
    AHBPrescTable                            0x20000190   Data          16  system_stm32f10x.o(.data)
    usart1_rx_stats                          0x200005e4   Data          16  usart.o(.bss)
    usart3_rx_stats                          0x200005f4   Data          16  usart.o(.bss)
    rx_buffer                                0x20000604   Data          10  usart.o(.bss)
    dbg_rx_cmd_count                         0x20000650   Data        1024  protocol.o(.bss)
    dbg_handle_cmd_count                     0x20000a50   Data        1024  protocol.o(.bss)
    dbg_tx_cmd_count                         0x20000e50   Data        1024  protocol.o(.bss)
    dbg_tx_ack_enter_count                   0x20001250   Data        1024  protocol.o(.bss)
    dbg_tx_ack_complete_count                0x20001650   Data        1024  protocol.o(.bss)
    dbg_tx_event_enter_count                 0x20001a50   Data        1024  protocol.o(.bss)
    dbg_tx_event_complete_count              0x20001e50   Data        1024  protocol.o(.bss)
    motors1                                  0x20002250   Data          12  motor_ctrl.o(.bss)
    motors2                                  0x2000225c   Data          12  motor_ctrl.o(.bss)
    g_single_motors                          0x20002268   Data         228  single_motor.o(.bss)
    g_reversible_motors                      0x2000234c   Data         160  reversible_motor.o(.bss)
    TIM_TimeBaseStructure                    0x200023ec   Data          10  time.o(.bss)
    __libspace_start                         0x20003088   Data          96  libspace.o(.bss)
    __temporary_stack_top$libspace           0x200030e8   Data           0  libspace.o(.bss)



==============================================================================

Memory Map of the image

  Image Entry point : 0x08000131

  Load Region LR_IROM1 (Base: 0x08000000, Size: 0x00004d50, Max: 0x00080000, ABSOLUTE, COMPRESSED[0x00004bf4])

    Execution Region ER_IROM1 (Base: 0x08000000, Size: 0x00004b9c, Max: 0x00080000, ABSOLUTE)

    Base Addr    Size         Type   Attr      Idx    E Section Name        Object

    0x08000000   0x00000130   Data   RO         2928    RESET               startup_stm32f10x_hd.o
    0x08000130   0x00000008   Code   RO         2939  * !!!main             c_w.l(__main.o)
    0x08000138   0x00000034   Code   RO         3141    !!!scatter          c_w.l(__scatter.o)
    0x0800016c   0x0000005a   Code   RO         3139    !!dczerorl2         c_w.l(__dczerorl2.o)
    0x080001c6   0x00000002   PAD
    0x080001c8   0x0000001c   Code   RO         3143    !!handler_zi        c_w.l(__scatter_zi.o)
    0x080001e4   0x00000002   Code   RO         3009    .ARM.Collect$$libinit$$00000000  c_w.l(libinit.o)
    0x080001e6   0x00000000   Code   RO         3022    .ARM.Collect$$libinit$$00000002  c_w.l(libinit2.o)
    0x080001e6   0x00000000   Code   RO         3024    .ARM.Collect$$libinit$$00000004  c_w.l(libinit2.o)
    0x080001e6   0x00000000   Code   RO         3027    .ARM.Collect$$libinit$$0000000A  c_w.l(libinit2.o)
    0x080001e6   0x00000000   Code   RO         3029    .ARM.Collect$$libinit$$0000000C  c_w.l(libinit2.o)
    0x080001e6   0x00000000   Code   RO         3031    .ARM.Collect$$libinit$$0000000E  c_w.l(libinit2.o)
    0x080001e6   0x00000000   Code   RO         3034    .ARM.Collect$$libinit$$00000011  c_w.l(libinit2.o)
    0x080001e6   0x00000000   Code   RO         3036    .ARM.Collect$$libinit$$00000013  c_w.l(libinit2.o)
    0x080001e6   0x00000000   Code   RO         3038    .ARM.Collect$$libinit$$00000015  c_w.l(libinit2.o)
    0x080001e6   0x00000000   Code   RO         3040    .ARM.Collect$$libinit$$00000017  c_w.l(libinit2.o)
    0x080001e6   0x00000000   Code   RO         3042    .ARM.Collect$$libinit$$00000019  c_w.l(libinit2.o)
    0x080001e6   0x00000000   Code   RO         3044    .ARM.Collect$$libinit$$0000001B  c_w.l(libinit2.o)
    0x080001e6   0x00000000   Code   RO         3046    .ARM.Collect$$libinit$$0000001D  c_w.l(libinit2.o)
    0x080001e6   0x00000000   Code   RO         3048    .ARM.Collect$$libinit$$0000001F  c_w.l(libinit2.o)
    0x080001e6   0x00000000   Code   RO         3050    .ARM.Collect$$libinit$$00000021  c_w.l(libinit2.o)
    0x080001e6   0x00000000   Code   RO         3052    .ARM.Collect$$libinit$$00000023  c_w.l(libinit2.o)
    0x080001e6   0x00000000   Code   RO         3054    .ARM.Collect$$libinit$$00000025  c_w.l(libinit2.o)
    0x080001e6   0x00000000   Code   RO         3058    .ARM.Collect$$libinit$$0000002C  c_w.l(libinit2.o)
    0x080001e6   0x00000000   Code   RO         3060    .ARM.Collect$$libinit$$0000002E  c_w.l(libinit2.o)
    0x080001e6   0x00000000   Code   RO         3062    .ARM.Collect$$libinit$$00000030  c_w.l(libinit2.o)
    0x080001e6   0x00000000   Code   RO         3064    .ARM.Collect$$libinit$$00000032  c_w.l(libinit2.o)
    0x080001e6   0x00000002   Code   RO         3065    .ARM.Collect$$libinit$$00000033  c_w.l(libinit2.o)
    0x080001e8   0x00000002   Code   RO         3096    .ARM.Collect$$libshutdown$$00000000  c_w.l(libshutdown.o)
    0x080001ea   0x00000000   Code   RO         3122    .ARM.Collect$$libshutdown$$00000002  c_w.l(libshutdown2.o)
    0x080001ea   0x00000000   Code   RO         3124    .ARM.Collect$$libshutdown$$00000004  c_w.l(libshutdown2.o)
    0x080001ea   0x00000000   Code   RO         3127    .ARM.Collect$$libshutdown$$00000007  c_w.l(libshutdown2.o)
    0x080001ea   0x00000000   Code   RO         3130    .ARM.Collect$$libshutdown$$0000000A  c_w.l(libshutdown2.o)
    0x080001ea   0x00000000   Code   RO         3132    .ARM.Collect$$libshutdown$$0000000C  c_w.l(libshutdown2.o)
    0x080001ea   0x00000000   Code   RO         3135    .ARM.Collect$$libshutdown$$0000000F  c_w.l(libshutdown2.o)
    0x080001ea   0x00000002   Code   RO         3136    .ARM.Collect$$libshutdown$$00000010  c_w.l(libshutdown2.o)
    0x080001ec   0x00000000   Code   RO         2967    .ARM.Collect$$rtentry$$00000000  c_w.l(__rtentry.o)
    0x080001ec   0x00000000   Code   RO         2980    .ARM.Collect$$rtentry$$00000002  c_w.l(__rtentry2.o)
    0x080001ec   0x00000006   Code   RO         2992    .ARM.Collect$$rtentry$$00000004  c_w.l(__rtentry4.o)
    0x080001f2   0x00000000   Code   RO         2982    .ARM.Collect$$rtentry$$00000009  c_w.l(__rtentry2.o)
    0x080001f2   0x00000004   Code   RO         2983    .ARM.Collect$$rtentry$$0000000A  c_w.l(__rtentry2.o)
    0x080001f6   0x00000000   Code   RO         2985    .ARM.Collect$$rtentry$$0000000C  c_w.l(__rtentry2.o)
    0x080001f6   0x00000008   Code   RO         2986    .ARM.Collect$$rtentry$$0000000D  c_w.l(__rtentry2.o)
    0x080001fe   0x00000002   Code   RO         3013    .ARM.Collect$$rtexit$$00000000  c_w.l(rtexit.o)
    0x08000200   0x00000000   Code   RO         3069    .ARM.Collect$$rtexit$$00000002  c_w.l(rtexit2.o)
    0x08000200   0x00000004   Code   RO         3070    .ARM.Collect$$rtexit$$00000003  c_w.l(rtexit2.o)
    0x08000204   0x00000006   Code   RO         3071    .ARM.Collect$$rtexit$$00000004  c_w.l(rtexit2.o)
    0x0800020a   0x00000002   PAD
    0x0800020c   0x00000040   Code   RO         2929    .text               startup_stm32f10x_hd.o
    0x0800024c   0x000000ee   Code   RO         2935    .text               c_w.l(lludivv7m.o)
    0x0800033a   0x00000006   Code   RO         2937    .text               c_w.l(heapauxi.o)
    0x08000340   0x0000004a   Code   RO         2996    .text               c_w.l(sys_stackheap_outer.o)
    0x0800038a   0x00000012   Code   RO         2998    .text               c_w.l(exit.o)
    0x0800039c   0x00000008   Code   RO         3010    .text               c_w.l(libspace.o)
    0x080003a4   0x0000000c   Code   RO         3066    .text               c_w.l(sys_exit.o)
    0x080003b0   0x00000002   Code   RO         3085    .text               c_w.l(use_no_semi.o)
    0x080003b2   0x00000000   Code   RO         3087    .text               c_w.l(indicate_semi.o)
    0x080003b2   0x00000004   Code   RO          258    i.BusFault_Handler  stm32f10x_it.o
    0x080003b6   0x00000002   PAD
    0x080003b8   0x0000028c   Code   RO         1362    i.DMA2_Channel2_IRQHandler  step_dma.o
    0x08000644   0x00000198   Code   RO         1363    i.DMA2_Channel3_IRQHandler  step_dma.o
    0x080007dc   0x00000094   Code   RO         1364    i.DMA2_Channel4_5_IRQHandler  step_dma.o
    0x08000870   0x0000001c   Code   RO         2307    i.DMA_ClearITPendingBit  stm32f10x_dma.o
    0x0800088c   0x00000018   Code   RO         2308    i.DMA_Cmd           stm32f10x_dma.o
    0x080008a4   0x0000014c   Code   RO         2309    i.DMA_DeInit        stm32f10x_dma.o
    0x080009f0   0x0000002c   Code   RO         2312    i.DMA_GetITStatus   stm32f10x_dma.o
    0x08000a1c   0x00000012   Code   RO         2313    i.DMA_ITConfig      stm32f10x_dma.o
    0x08000a2e   0x0000003c   Code   RO         2314    i.DMA_Init          stm32f10x_dma.o
    0x08000a6a   0x00000002   Code   RO          259    i.DebugMon_Handler  stm32f10x_it.o
    0x08000a6c   0x00000044   Code   RO          105    i.Delay_Init        delay.o
    0x08000ab0   0x0000003c   Code   RO          107    i.Delay_us          delay.o
    0x08000aec   0x00000038   Code   RO          805    i.GPIO_Config       pwm.o
    0x08000b24   0x00000116   Code   RO         1674    i.GPIO_Init         stm32f10x_gpio.o
    0x08000c3a   0x00000002   PAD
    0x08000c3c   0x00000090   Code   RO         1676    i.GPIO_PinRemapConfig  stm32f10x_gpio.o
    0x08000ccc   0x00000012   Code   RO         1678    i.GPIO_ReadInputDataBit  stm32f10x_gpio.o
    0x08000cde   0x00000004   Code   RO         1681    i.GPIO_ResetBits    stm32f10x_gpio.o
    0x08000ce2   0x00000004   Code   RO         1682    i.GPIO_SetBits      stm32f10x_gpio.o
    0x08000ce6   0x00000004   Code   RO          260    i.HardFault_Handler  stm32f10x_it.o
    0x08000cea   0x00000002   PAD
    0x08000cec   0x00000060   Code   RO         1259    i.MAX31855_GetTemperature  max31855.o
    0x08000d4c   0x00000090   Code   RO         1260    i.MAX31855_Init     max31855.o
    0x08000ddc   0x00000004   Code   RO          261    i.MemManage_Handler  stm32f10x_it.o
    0x08000de0   0x000000bc   Code   RO          973    i.Motor_InitAll     motor_ctrl.o
    0x08000e9c   0x00000002   Code   RO          262    i.NMI_Handler       stm32f10x_it.o
    0x08000e9e   0x00000002   PAD
    0x08000ea0   0x00000070   Code   RO         1632    i.NVIC_Init         misc.o
    0x08000f10   0x00000014   Code   RO         1633    i.NVIC_PriorityGroupConfig  misc.o
    0x08000f24   0x00000064   Code   RO         1365    i.PU3_LoadChunk     step_dma.o
    0x08000f88   0x0000002c   Code   RO         1366    i.PU3_SetDirection  step_dma.o
    0x08000fb4   0x00000044   Code   RO         1367    i.PU3_SetEdgeFrequency  step_dma.o
    0x08000ff8   0x00000110   Code   RO         1368    i.PU3_Stepper_Init  step_dma.o
    0x08001108   0x00000098   Code   RO         1370    i.PU3_Stepper_Start  step_dma.o
    0x080011a0   0x00000048   Code   RO         1371    i.PU3_Stepper_Stop  step_dma.o
    0x080011e8   0x0000002c   Code   RO          807    i.PWM_ConfigPAExtraPin  pwm.o
    0x08001214   0x000000c8   Code   RO          811    i.PWM_PA0_PA1_PA11_Init  pwm.o
    0x080012dc   0x0000001c   Code   RO          819    i.PWM_SetPAExtraIdle  pwm.o
    0x080012f8   0x00000002   Code   RO          263    i.PendSV_Handler    stm32f10x_it.o
    0x080012fa   0x00000002   PAD
    0x080012fc   0x00000070   Code   RO          597    i.Protocol_CheckPb10StopSensor  protocol.o
    0x0800136c   0x00000060   Code   RO          598    i.Protocol_ConfigurePb10StopSensor  protocol.o
    0x080013cc   0x0000002c   Code   RO          599    i.Protocol_DisablePb10StopSensor  protocol.o
    0x080013f8   0x0000000e   Code   RO          600    i.Protocol_GetReversibleMotorStateForResponse  protocol.o
    0x08001406   0x00000002   PAD
    0x08001408   0x00000024   Code   RO          601    i.Protocol_InitTxDiagnostics  protocol.o
    0x0800142c   0x0000001c   Code   RO          602    i.Protocol_IsAllZero  protocol.o
    0x08001448   0x00000078   Code   RO          603    i.Protocol_QueueCommand  protocol.o
    0x080014c0   0x00000070   Code   RO          604    i.Protocol_RecordUsart2TxTimeout  protocol.o
    0x08001530   0x00000040   Code   RO          605    i.Protocol_ResetUsart2TxTimeoutEvidence  protocol.o
    0x08001570   0x00000022   Code   RO          606    i.Protocol_SendReversibleMotorResult  protocol.o
    0x08001592   0x00000022   Code   RO          607    i.Protocol_SendSingleMotorResult  protocol.o
    0x080015b4   0x0000006c   Code   RO          608    i.Protocol_TakeCommand  protocol.o
    0x08001620   0x00000020   Code   RO         1783    i.RCC_AHBPeriphClockCmd  stm32f10x_rcc.o
    0x08001640   0x00000020   Code   RO         1784    i.RCC_APB1PeriphClockCmd  stm32f10x_rcc.o
    0x08001660   0x00000020   Code   RO         1786    i.RCC_APB2PeriphClockCmd  stm32f10x_rcc.o
    0x08001680   0x0000004c   Code   RO         1793    i.RCC_DeInit        stm32f10x_rcc.o
    0x080016cc   0x000000d4   Code   RO         1794    i.RCC_GetClocksFreq  stm32f10x_rcc.o
    0x080017a0   0x0000003c   Code   RO         1795    i.RCC_GetFlagStatus  stm32f10x_rcc.o
    0x080017dc   0x00000010   Code   RO         1797    i.RCC_GetSYSCLKSource  stm32f10x_rcc.o
    0x080017ec   0x00000018   Code   RO         1798    i.RCC_HCLKConfig    stm32f10x_rcc.o
    0x08001804   0x0000004c   Code   RO         1799    i.RCC_HSEConfig     stm32f10x_rcc.o
    0x08001850   0x00000034   Code   RO         1802    i.RCC_LSEConfig     stm32f10x_rcc.o
    0x08001884   0x00000018   Code   RO         1805    i.RCC_PCLK1Config   stm32f10x_rcc.o
    0x0800189c   0x00000018   Code   RO         1806    i.RCC_PCLK2Config   stm32f10x_rcc.o
    0x080018b4   0x0000000c   Code   RO         1807    i.RCC_PLLCmd        stm32f10x_rcc.o
    0x080018c0   0x0000001c   Code   RO         1808    i.RCC_PLLConfig     stm32f10x_rcc.o
    0x080018dc   0x00000018   Code   RO         1811    i.RCC_SYSCLKConfig  stm32f10x_rcc.o
    0x080018f4   0x00000038   Code   RO         1813    i.RCC_WaitForHSEStartUp  stm32f10x_rcc.o
    0x0800192c   0x00000034   Code   RO          322    i.RS485_SetReceive  usart.o
    0x08001960   0x00000034   Code   RO          323    i.RS485_SetTransmit  usart.o
    0x08001994   0x0000001e   Code   RO         1084    i.ReversibleMotor_ClearTask  reversible_motor.o
    0x080019b2   0x00000002   PAD
    0x080019b4   0x000000a8   Code   RO         1085    i.ReversibleMotor_ConfigureStart  reversible_motor.o
    0x08001a5c   0x00000014   Code   RO         1086    i.ReversibleMotor_GetHardware  reversible_motor.o
    0x08001a70   0x00000012   Code   RO         1087    i.ReversibleMotor_GetRunMode  reversible_motor.o
    0x08001a82   0x0000002a   Code   RO         1088    i.ReversibleMotor_HardwareEnable  reversible_motor.o
    0x08001aac   0x00000098   Code   RO         1089    i.ReversibleMotor_HardwareSetDirection  reversible_motor.o
    0x08001b44   0x00000016   Code   RO         1090    i.ReversibleMotor_HardwareStop  reversible_motor.o
    0x08001b5a   0x00000042   Code   RO         1091    i.ReversibleMotor_Immediate  reversible_motor.o
    0x08001b9c   0x00000038   Code   RO         1092    i.ReversibleMotor_Init  reversible_motor.o
    0x08001bd4   0x00000084   Code   RO         1093    i.ReversibleMotor_InitGpioHardware  reversible_motor.o
    0x08001c58   0x00000012   Code   RO         1094    i.ReversibleMotor_IsDirection  reversible_motor.o
    0x08001c6a   0x00000002   PAD
    0x08001c6c   0x00000044   Code   RO         1095    i.ReversibleMotor_IsSensorTriggered  reversible_motor.o
    0x08001cb0   0x00000010   Code   RO         1096    i.ReversibleMotor_IsValidId  reversible_motor.o
    0x08001cc0   0x00000018   Code   RO         1097    i.ReversibleMotor_RecordError  reversible_motor.o
    0x08001cd8   0x00000032   Code   RO         1099    i.ReversibleMotor_StartSensorTimed  reversible_motor.o
    0x08001d0a   0x00000022   Code   RO         1100    i.ReversibleMotor_StartTimed  reversible_motor.o
    0x08001d2c   0x00000028   Code   RO         1101    i.ReversibleMotor_Stop  reversible_motor.o
    0x08001d54   0x000000c0   Code   RO         1102    i.ReversibleMotor_Task  reversible_motor.o
    0x08001e14   0x0000000c   Code   RO          468    i.RingBuffer_Init   ringbuffer.o
    0x08001e20   0x00000032   Code   RO          469    i.RingBuffer_ReadByte  ringbuffer.o
    0x08001e52   0x00000036   Code   RO          470    i.RingBuffer_WriteByte  ringbuffer.o
    0x08001e88   0x000000dc   Code   RO          560    i.SPI1_InitOnce     spi_helper.o
    0x08001f64   0x00000018   Code   RO         2167    i.SPI_Cmd           stm32f10x_spi.o
    0x08001f7c   0x00000078   Code   RO          561    i.SPI_GPIO_Init     spi_helper.o
    0x08001ff4   0x00000012   Code   RO         2175    i.SPI_I2S_GetFlagStatus  stm32f10x_spi.o
    0x08002006   0x00000006   Code   RO         2178    i.SPI_I2S_ReceiveData  stm32f10x_spi.o
    0x0800200c   0x00000004   Code   RO         2179    i.SPI_I2S_SendData  stm32f10x_spi.o
    0x08002010   0x0000003c   Code   RO         2180    i.SPI_Init          stm32f10x_spi.o
    0x0800204c   0x0000001e   Code   RO         2181    i.SPI_NSSInternalSoftwareConfig  stm32f10x_spi.o
    0x0800206a   0x0000001c   Code   RO         1261    i.SPI_Read32Bit     max31855.o
    0x08002086   0x00000002   PAD
    0x08002088   0x00000034   Code   RO         1262    i.SPI_ReadBit       max31855.o
    0x080020bc   0x00000002   Code   RO          264    i.SVC_Handler       stm32f10x_it.o
    0x080020be   0x00000008   Code   RO         1598    i.SetSysClock       system_stm32f10x.o
    0x080020c6   0x00000002   PAD
    0x080020c8   0x000000e0   Code   RO         1599    i.SetSysClockTo72   system_stm32f10x.o
    0x080021a8   0x0000002c   Code   RO          502    i.ShiftRegisterInput_Init  shift_register_input.o
    0x080021d4   0x00000074   Code   RO          503    i.ShiftRegisterInput_ReadAll  shift_register_input.o
    0x08002248   0x0000002c   Code   RO          529    i.ShiftRegister_Init  shift_register.o
    0x08002274   0x00000060   Code   RO          531    i.ShiftRegister_WriteAll  shift_register.o
    0x080022d4   0x00000010   Code   RO         1007    i.SingleMotor_ClearTask  single_motor.o
    0x080022e4   0x00000040   Code   RO         1008    i.SingleMotor_GetRunningBitmap  single_motor.o
    0x08002324   0x00000044   Code   RO         1009    i.SingleMotor_Immediate  single_motor.o
    0x08002368   0x00000024   Code   RO         1010    i.SingleMotor_Init  single_motor.o
    0x0800238c   0x00000044   Code   RO         1011    i.SingleMotor_IsSensorTriggered  single_motor.o
    0x080023d0   0x00000010   Code   RO         1012    i.SingleMotor_IsValidId  single_motor.o
    0x080023e0   0x00000018   Code   RO         1013    i.SingleMotor_RecordError  single_motor.o
    0x080023f8   0x0000005c   Code   RO         1014    i.SingleMotor_Set   single_motor.o
    0x08002454   0x00000054   Code   RO         1015    i.SingleMotor_StartSensorTimed  single_motor.o
    0x080024a8   0x0000003c   Code   RO         1016    i.SingleMotor_StartTimed  single_motor.o
    0x080024e4   0x00000088   Code   RO         1017    i.SingleMotor_Task  single_motor.o
    0x0800256c   0x00000010   Code   RO         1374    i.Stepper2_Init     step_dma.o
    0x0800257c   0x00000038   Code   RO         1376    i.Stepper2_SetDirection  step_dma.o
    0x080025b4   0x00000008   Code   RO         1378    i.Stepper2_Stop     step_dma.o
    0x080025bc   0x00000028   Code   RO         1636    i.SysTick_CLKSourceConfig  misc.o
    0x080025e4   0x00000002   Code   RO          265    i.SysTick_Handler   stm32f10x_it.o
    0x080025e6   0x00000062   Code   RO            1    i.SystemClock_Config  clock.o
    0x08002648   0x00000060   Code   RO         1601    i.SystemInit        system_stm32f10x.o
    0x080026a8   0x000000cc   Code   RO          828    i.TIM1_PWM_CH2N_Config  pwm.o
    0x08002774   0x00000048   Code   RO         1201    i.TIM2_IRQHandler   time.o
    0x080027bc   0x00000058   Code   RO         1202    i.TIM3_10us_Init    time.o
    0x08002814   0x00000034   Code   RO         1203    i.TIM3_IRQHandler   time.o
    0x08002848   0x00000058   Code   RO         1204    i.TIM4_10us_Init    time.o
    0x080028a0   0x0000001c   Code   RO         1205    i.TIM4_IRQHandler   time.o
    0x080028bc   0x00000018   Code   RO         2382    i.TIM_ARRPreloadConfig  stm32f10x_tim.o
    0x080028d4   0x00000020   Code   RO         2383    i.TIM_BDTRConfig    stm32f10x_tim.o
    0x080028f4   0x00000012   Code   RO         2384    i.TIM_BDTRStructInit  stm32f10x_tim.o
    0x08002906   0x00000006   Code   RO         2388    i.TIM_ClearFlag     stm32f10x_tim.o
    0x0800290c   0x00000006   Code   RO         2389    i.TIM_ClearITPendingBit  stm32f10x_tim.o
    0x08002912   0x00000018   Code   RO         2394    i.TIM_Cmd           stm32f10x_tim.o
    0x0800292a   0x0000001e   Code   RO         2396    i.TIM_CtrlPWMOutputs  stm32f10x_tim.o
    0x08002948   0x00000012   Code   RO         2397    i.TIM_DMACmd        stm32f10x_tim.o
    0x0800295a   0x00000004   Code   RO         2408    i.TIM_GenerateEvent  stm32f10x_tim.o
    0x0800295e   0x00000022   Code   RO         2415    i.TIM_GetITStatus   stm32f10x_tim.o
    0x08002980   0x00000012   Code   RO         2419    i.TIM_ITConfig      stm32f10x_tim.o
    0x08002992   0x00000002   PAD
    0x08002994   0x00000098   Code   RO         2423    i.TIM_OC1Init       stm32f10x_tim.o
    0x08002a2c   0x00000012   Code   RO         2426    i.TIM_OC1PreloadConfig  stm32f10x_tim.o
    0x08002a3e   0x00000002   PAD
    0x08002a40   0x000000a4   Code   RO         2428    i.TIM_OC2Init       stm32f10x_tim.o
    0x08002ae4   0x0000001a   Code   RO         2431    i.TIM_OC2PreloadConfig  stm32f10x_tim.o
    0x08002afe   0x00000002   PAD
    0x08002b00   0x0000007c   Code   RO         2438    i.TIM_OC4Init       stm32f10x_tim.o
    0x08002b7c   0x0000001a   Code   RO         2440    i.TIM_OC4PreloadConfig  stm32f10x_tim.o
    0x08002b96   0x00000014   Code   RO         2441    i.TIM_OCStructInit  stm32f10x_tim.o
    0x08002baa   0x00000006   Code   RO         2443    i.TIM_PrescalerConfig  stm32f10x_tim.o
    0x08002bb0   0x00000004   Code   RO         2453    i.TIM_SetAutoreload  stm32f10x_tim.o
    0x08002bb4   0x00000004   Code   RO         2455    i.TIM_SetCompare1   stm32f10x_tim.o
    0x08002bb8   0x00000004   Code   RO         2456    i.TIM_SetCompare2   stm32f10x_tim.o
    0x08002bbc   0x00000006   Code   RO         2458    i.TIM_SetCompare4   stm32f10x_tim.o
    0x08002bc2   0x00000004   Code   RO         2459    i.TIM_SetCounter    stm32f10x_tim.o
    0x08002bc6   0x00000002   PAD
    0x08002bc8   0x000000a4   Code   RO         2465    i.TIM_TimeBaseInit  stm32f10x_tim.o
    0x08002c6c   0x00000012   Code   RO         2466    i.TIM_TimeBaseStructInit  stm32f10x_tim.o
    0x08002c7e   0x00000002   PAD
    0x08002c80   0x00000060   Code   RO         1206    i.Timer2_Init       time.o
    0x08002ce0   0x00000038   Code   RO          326    i.USART1_GetRemoteTemperature  usart.o
    0x08002d18   0x000000bc   Code   RO          327    i.USART1_IRQHandler  usart.o
    0x08002dd4   0x000001f0   Code   RO          328    i.USART1_Init       usart.o
    0x08002fc4   0x00000090   Code   RO          330    i.USART1_ProcessRxBytes  usart.o
    0x08003054   0x00000074   Code   RO          332    i.USART1_QueueFrame  usart.o
    0x080030c8   0x00000084   Code   RO          333    i.USART1_TakeFrame  usart.o
    0x0800314c   0x00000090   Code   RO          334    i.USART2_IRQHandler  usart.o
    0x080031dc   0x0000001c   Code   RO          335    i.USART3_IRQHandler  usart.o
    0x080031f8   0x0000002c   Code   RO          336    i.USART3_Process    usart.o
    0x08003224   0x00000018   Code   RO         1986    i.USART_Cmd         stm32f10x_usart.o
    0x0800323c   0x0000001a   Code   RO         1989    i.USART_GetFlagStatus  stm32f10x_usart.o
    0x08003256   0x0000004a   Code   RO         1992    i.USART_ITConfig    stm32f10x_usart.o
    0x080032a0   0x000000d8   Code   RO         1993    i.USART_Init        stm32f10x_usart.o
    0x08003378   0x00000034   Code   RO          337    i.USART_IsProtocolFrameValid  usart.o
    0x080033ac   0x0000008c   Code   RO          338    i.USART_ProcessProtocolByte  usart.o
    0x08003438   0x0000000c   Code   RO          339    i.USART_ResetRxStats  usart.o
    0x08003444   0x00000040   Code   RO          340    i.USART_RxIrqHandler  usart.o
    0x08003484   0x00000084   Code   RO          342    i.USART_SendByte    usart.o
    0x08003508   0x00000008   Code   RO         2003    i.USART_SendData    stm32f10x_usart.o
    0x08003510   0x00000004   Code   RO          266    i.UsageFault_Handler  stm32f10x_it.o
    0x08003514   0x0000001e   Code   RO          109    i.delay_us          delay.o
    0x08003532   0x00000002   PAD
    0x08003534   0x00000048   Code   RO         1379    i.dma10_start_edges  step_dma.o
    0x0800357c   0x00000048   Code   RO         1380    i.dma_start_edges   step_dma.o
    0x080035c4   0x0000002c   Code   RO         1381    i.fill_dma_buf      step_dma.o
    0x080035f0   0x0000002c   Code   RO         1382    i.fill_dma_buf10    step_dma.o
    0x0800361c   0x00000488   Code   RO          616    i.handle_command    protocol.o
    0x08003aa4   0x0000008a   Code   RO         1383    i.isqrt_u64         step_dma.o
    0x08003b2e   0x00000002   PAD
    0x08003b30   0x000000ac   Code   RO          151    i.main              main.o
    0x08003bdc   0x0000000c   Code   RO         1207    i.millis            time.o
    0x08003be8   0x0000009c   Code   RO          618    i.parse_frame       protocol.o
    0x08003c84   0x0000000a   Code   RO          620    i.send_165Data      protocol.o
    0x08003c8e   0x00000002   PAD
    0x08003c90   0x0000002c   Code   RO          621    i.send_165DataSource  protocol.o
    0x08003cbc   0x00000012   Code   RO          622    i.send_frame        protocol.o
    0x08003cce   0x00000012   Code   RO          624    i.send_frame_event  protocol.o
    0x08003ce0   0x000001ac   Code   RO          625    i.send_frame_internal  protocol.o
    0x08003e8c   0x00000032   Code   RO          628    i.send_temperature_frame  protocol.o
    0x08003ebe   0x00000002   PAD
    0x08003ec0   0x00000144   Code   RO         1384    i.stepdma_pb10_init  step_dma.o
    0x08004004   0x0000000c   Code   RO         1385    i.stepdma_pb10_is_running  step_dma.o
    0x08004010   0x00000160   Code   RO         1387    i.stepdma_pb10_move_trap  step_dma.o
    0x08004170   0x00000060   Code   RO         1388    i.stepdma_pb10_request_trap  step_dma.o
    0x080041d0   0x00000054   Code   RO         1389    i.stepdma_pb10_stop  step_dma.o
    0x08004224   0x00000120   Code   RO         1390    i.stepdma_pb11_init  step_dma.o
    0x08004344   0x0000013c   Code   RO         1393    i.stepdma_pb11_move_trap  step_dma.o
    0x08004480   0x00000040   Code   RO         1394    i.stepdma_pb11_request_trap  step_dma.o
    0x080044c0   0x00000044   Code   RO         1395    i.stepdma_pb11_stop  step_dma.o
    0x08004504   0x00000010   Code   RO          152    i.task_165_input_scan  main.o
    0x08004514   0x00000068   Code   RO          153    i.task_input_change_report  main.o
    0x0800457c   0x00000026   Code   RO          154    i.task_protocol_commands  main.o
    0x080045a2   0x00000002   PAD
    0x080045a4   0x0000002c   Code   RO          155    i.task_single_motor  main.o
    0x080045d0   0x00000040   Code   RO          156    i.task_temperature_report  main.o
    0x08004610   0x00000020   Code   RO          157    i.task_uart_frames  main.o
    0x08004630   0x00000080   Code   RO         1396    i.tim5_set_edge_freq  step_dma.o
    0x080046b0   0x00000080   Code   RO         1397    i.tim6_set_edge_freq  step_dma.o
    0x08004730   0x000000c8   Code   RO         1398    i.trap10_get_f      step_dma.o
    0x080047f8   0x000000c8   Code   RO         1399    i.trap_get_f        step_dma.o
    0x080048c0   0x0000003e   Code   RO         2951    x$fpl$ffixu         fz_ws.l(ffixu.o)
    0x080048fe   0x00000002   PAD
    0x08004900   0x00000030   Code   RO         2956    x$fpl$fflt          fz_ws.l(fflt_clz.o)
    0x08004930   0x00000102   Code   RO         2963    x$fpl$fmul          fz_ws.l(fmul.o)
    0x08004a32   0x0000008c   Code   RO         2974    x$fpl$fnaninf       fz_ws.l(fnaninf.o)
    0x08004abe   0x0000000a   Code   RO         2976    x$fpl$fretinf       fz_ws.l(fretinf.o)
    0x08004ac8   0x00000000   Code   RO         2978    x$fpl$usenofp       fz_ws.l(usenofp.o)
    0x08004ac8   0x00000026   Data   RO         1019    .constdata          single_motor.o
    0x08004aee   0x00000002   PAD
    0x08004af0   0x0000008c   Data   RO         1104    .constdata          reversible_motor.o
    0x08004b7c   0x00000020   Data   RO         3137    Region$$Table       anon$$obj.o


    Execution Region RW_IRAM1 (Base: 0x20000000, Size: 0x000036e8, Max: 0x00010000, ABSOLUTE, COMPRESSED[0x00000058])

    Base Addr    Size         Type   Attr      Idx    E Section Name        Object

    0x20000000   0x00000004   Data   RW          110    .data               delay.o
    0x20000004   0x00000038   Data   RW          158    .data               main.o
    0x2000003c   0x00000018   Data   RW          345    .data               usart.o
    0x20000054   0x00000002   Data   RW          504    .data               shift_register_input.o
    0x20000056   0x00000004   Data   RW          533    .data               shift_register.o
    0x2000005a   0x00000001   Data   RW          565    .data               spi_helper.o
    0x2000005b   0x00000001   PAD
    0x2000005c   0x00000069   Data   RW          630    .data               protocol.o
    0x200000c5   0x00000003   PAD
    0x200000c8   0x00000061   Data   RW          975    .data               motor_ctrl.o
    0x20000129   0x00000003   PAD
    0x2000012c   0x00000005   Data   RW         1020    .data               single_motor.o
    0x20000131   0x00000003   PAD
    0x20000134   0x00000005   Data   RW         1105    .data               reversible_motor.o
    0x20000139   0x00000003   PAD
    0x2000013c   0x00000024   Data   RW         1209    .data               time.o
    0x20000160   0x0000002c   Data   RW         1401    .data               step_dma.o
    0x2000018c   0x00000014   Data   RW         1602    .data               system_stm32f10x.o
    0x200001a0   0x00000014   Data   RW         1814    .data               stm32f10x_rcc.o
    0x200001b4   0x00000482   Zero   RW          344    .bss                usart.o
    0x20000636   0x00000002   PAD
    0x20000638   0x00001c18   Zero   RW          629    .bss                protocol.o
    0x20002250   0x00000018   Zero   RW          974    .bss                motor_ctrl.o
    0x20002268   0x000000e4   Zero   RW         1018    .bss                single_motor.o
    0x2000234c   0x000000a0   Zero   RW         1103    .bss                reversible_motor.o
    0x200023ec   0x0000000a   Zero   RW         1208    .bss                time.o
    0x200023f6   0x00000002   PAD
    0x200023f8   0x00000c90   Zero   RW         1400    .bss                step_dma.o
    0x20003088   0x00000060   Zero   RW         3011    .bss                c_w.l(libspace.o)
    0x200030e8   0x00000200   Zero   RW         2927    HEAP                startup_stm32f10x_hd.o
    0x200032e8   0x00000400   Zero   RW         2926    STACK               startup_stm32f10x_hd.o


==============================================================================

Image component sizes


      Code (inc. data)   RO Data    RW Data    ZI Data      Debug   Object Name

        98          0          0          0          0     271545   clock.o
         0          0          0          0          0         32   core_cm3.o
       158         22          0          4          0       1651   delay.o
       470         50          0         56          0       8917   main.o
       320         22          0          0          0       2178   max31855.o
       172         22          0          0          0       1997   misc.o
       188         14          0         97         24       2990   motor_ctrl.o
      2686        294          0        105       7192      33167   protocol.o
       532         42          0          0          0       2821   pwm.o
      1148         50        140          5        160      13807   reversible_motor.o
       116          0          0          0          0       2227   ringbuffer.o
       140         14          0          4          0       2328   shift_register.o
       160         14          0          2          0       1959   shift_register_input.o
       664         54         38          5        228       8560   single_motor.o
       340         22          0          1          0       1240   spi_helper.o
        64         26        304          0       1536        804   startup_stm32f10x_hd.o
      4626        440          0         44       3216      23437   step_dma.o
       506         26          0          0          0       5039   stm32f10x_dma.o
       448          6          0          0          0       4402   stm32f10x_gpio.o
        26          0          0          0          0       3926   stm32f10x_it.o
       780        104          0         20          0      11410   stm32f10x_rcc.o
       142          0          0          0          0       4326   stm32f10x_spi.o
       954         82          0          0          0      15301   stm32f10x_tim.o
       348          6          0          0          0       4769   stm32f10x_usart.o
       328         28          0         20          0       2193   system_stm32f10x.o
       436         68          0         36         10       4759   time.o
      1852        254          0         24       1154      12412   usart.o

    ----------------------------------------------------------------------
     17742       1660        516        436      13524     448197   Object Totals
         0          0         32          0          0          0   (incl. Generated)
        40          0          2         13          4          0   (incl. Padding)

    ----------------------------------------------------------------------

      Code (inc. data)   RO Data    RW Data    ZI Data      Debug   Library Member Name

        90          0          0          0          0          0   __dczerorl2.o
         8          0          0          0          0         68   __main.o
         0          0          0          0          0          0   __rtentry.o
        12          0          0          0          0          0   __rtentry2.o
         6          0          0          0          0          0   __rtentry4.o
        52          8          0          0          0          0   __scatter.o
        28          0          0          0          0          0   __scatter_zi.o
        18          0          0          0          0         80   exit.o
         6          0          0          0          0        152   heapauxi.o
         0          0          0          0          0          0   indicate_semi.o
         2          0          0          0          0          0   libinit.o
         2          0          0          0          0          0   libinit2.o
         2          0          0          0          0          0   libshutdown.o
         2          0          0          0          0          0   libshutdown2.o
         8          4          0          0         96         68   libspace.o
       238          0          0          0          0        100   lludivv7m.o
         2          0          0          0          0          0   rtexit.o
        10          0          0          0          0          0   rtexit2.o
        12          4          0          0          0         68   sys_exit.o
        74          0          0          0          0         80   sys_stackheap_outer.o
         2          0          0          0          0         68   use_no_semi.o
        62          4          0          0          0         84   ffixu.o
        48          0          0          0          0         68   fflt_clz.o
       258          4          0          0          0         84   fmul.o
       140          4          0          0          0         84   fnaninf.o
        10          0          0          0          0         68   fretinf.o
         0          0          0          0          0          0   usenofp.o

    ----------------------------------------------------------------------
      1098         28          0          0         96       1072   Library Totals
         6          0          0          0          0          0   (incl. Padding)

    ----------------------------------------------------------------------

      Code (inc. data)   RO Data    RW Data    ZI Data      Debug   Library Name

       574         16          0          0         96        684   c_w.l
       518         12          0          0          0        388   fz_ws.l

    ----------------------------------------------------------------------
      1098         28          0          0         96       1072   Library Totals

    ----------------------------------------------------------------------

==============================================================================


      Code (inc. data)   RO Data    RW Data    ZI Data      Debug   

     18840       1688        516        436      13620     438085   Grand Totals
     18840       1688        516         88      13620     438085   ELF Image Totals (compressed)
     18840       1688        516         88          0          0   ROM Totals

==============================================================================

    Total RO  Size (Code + RO Data)                19356 (  18.90kB)
    Total RW  Size (RW Data + ZI Data)             14056 (  13.73kB)
    Total ROM Size (Code + RO Data + RW Data)      19444 (  18.99kB)

==============================================================================

