<html>
<body>
<pre>
<h1>礦ision Build Log</h1>
<h2>Tool Versions:</h2>
IDE-Version: μVision V5.16a
Copyright (C) 2015 ARM Ltd and ARM Germany GmbH. All rights reserved.
License Information: zzz 您好！, zz, LIC=PE7DL-03ZH6-CXLU6-DWG31-KDDA9-Q0KG5
 
Tool Versions:
Toolchain:       MDK-ARM Standard  Version: 5.16a
Toolchain Path:  F:\software\keil5\ARM\ARMCC\Bin
C Compiler:      Armcc.exe V5.06 (build 20)
Assembler:       Armasm.exe V5.06 (build 20)
Linker/Locator:  ArmLink.exe V5.06 (build 20)
Library Manager: ArmAr.exe V5.06 (build 20)
Hex Converter:   FromElf.exe V5.06 (build 20)
CPU DLL:         SARMCM3.DLL V5.16a
Dialog DLL:      DCM.DLL V1.13.2.0
Target DLL:      STLink\ST-LINKIII-KEIL_SWO.dll V2.0.17.0
Dialog DLL:      TCM.DLL V1.14.5.0
 
<h2>Project:</h2>
C:\Users\您好！\Desktop\单片机\蛋白粉机\单片机\ProteinControl\Project\Test-standard-lib.uvprojx
Project File Date:  07/30/2026

<h2>Output:</h2>
*** Using Compiler 'V5.06 (build 20)', folder: 'F:\software\keil5\ARM\ARMCC\Bin'
Rebuild target 'Target 1'
compiling RingBuffer.c...
compiling DELAY.c...
..\User\DELAY.c(4): warning:  #550-D: variable "fac_ms" was set but never used
  static uint16_t fac_ms = 0; // ms寤?鏃?鍊?涔?鏁?
..\User\DELAY.c: 1 warning, 0 errors
compiling CLOCK.c...
compiling motor_ctrl.c...
compiling shift_register.c...
compiling single_motor.c...
compiling spi_helper.c...
compiling PWM.c...
..\User\PWM.c(283): warning:  #177-D: function "PWM_ConfigPC14PC15Pin" was declared but never referenced
  static void PWM_ConfigPC14PC15Pin(uint16_t pin)
..\User\PWM.c(289): warning:  #177-D: function "PWM_UpdatePC14PC15Enable" was declared but never referenced
  static void PWM_UpdatePC14PC15Enable(void)
..\User\PWM.c(316): warning:  #177-D: function "PWM_UpdatePC1PC2Enable" was declared but never referenced
  static void PWM_UpdatePC1PC2Enable(void)
..\User\PWM.c: 3 warnings, 0 errors
compiling max31855.c...
compiling USART.c...
compiling stm32f10x_it.c...
compiling reversible_motor.c...
compiling shift_register_input.c...
compiling time.c...
compiling main.c...
..\User\main.c(24): warning:  #69-D: integer conversion resulted in truncation
  stepMotor stepMotorA = {
PIOB, 
PIO_Pin_12, 0, 0, 1, 9, 1000, 1000, 0, 0, 100, 0, 0, 0, 0, 0, 4, 2000, 0};
..\User\main.c: 1 warning, 0 errors
compiling protocol.c...
compiling stepMotor.c...
compiling core_cm3.c...
assembling startup_stm32f10x_hd.s...
compiling misc.c...
compiling system_stm32f10x.c...
compiling stm32f10x_gpio.c...
Error: C4051E: couldn't write file '.\stm32f10x_gpio.o': Invalid argument
compiling stm32f10x_usart.c...
Error: C4051E: couldn't write file '.\stm32f10x_usart.o': Invalid argument
compiling step_dma.c...
Error: C4051E: couldn't write file '.\step_dma.o': Invalid argument
compiling stm32f10x_rcc.c...
Error: C4051E: couldn't write file '.\stm32f10x_rcc.o': Invalid argument
compiling stm32f10x_spi.c...
Error: C4051E: couldn't write file '.\stm32f10x_spi.o': Invalid argument
compiling stm32f10x_dma.c...
Error: C4051E: couldn't write file '.\stm32f10x_dma.o': Invalid argument
compiling stm32f10x_tim.c...
Error: C4051E: couldn't write file '.\stm32f10x_tim.o': Invalid argument
linking...
Program Size: Code=18840 RO-data=516 RW-data=436 ZI-data=13620  
FromELF: creating hex file...
".\Test-standard-lib.axf" - 0 Error(s), 5 Warning(s).

<h2>Collection of Component include folders:</h2>
  C:\Users\您好！\Desktop\单片机\蛋白粉机\单片机\ProteinControl\Project\RTE
  F:\software\keil5\ARM\PACK\Keil\STM32F1xx_DFP\2.4.1\Device\Include

<h2>Collection of Component Files used:</h2>
Build Time Elapsed:  00:00:03
</pre>
</body>
</html>
