Component: ARM Compiler 5.06 (build 20) Tool: armlink [4d35a3]

==============================================================================

Section Cross References

    clock.o(i.SystemClock_Config) refers to stm32f10x_rcc.o(i.RCC_DeInit) for RCC_DeInit
    clock.o(i.SystemClock_Config) refers to stm32f10x_rcc.o(i.RCC_HSEConfig) for RCC_HSEConfig
    clock.o(i.SystemClock_Config) refers to stm32f10x_rcc.o(i.RCC_WaitForHSEStartUp) for RCC_WaitForHSEStartUp
    clock.o(i.SystemClock_Config) refers to stm32f10x_rcc.o(i.RCC_PLLConfig) for RCC_PLLConfig
    clock.o(i.SystemClock_Config) refers to stm32f10x_rcc.o(i.RCC_PLLCmd) for RCC_PLLCmd
    clock.o(i.SystemClock_Config) refers to stm32f10x_rcc.o(i.RCC_GetFlagStatus) for RCC_GetFlagStatus
    clock.o(i.SystemClock_Config) refers to stm32f10x_rcc.o(i.RCC_SYSCLKConfig) for RCC_SYSCLKConfig
    clock.o(i.SystemClock_Config) refers to stm32f10x_rcc.o(i.RCC_GetSYSCLKSource) for RCC_GetSYSCLKSource
    clock.o(i.SystemClock_Config) refers to stm32f10x_rcc.o(i.RCC_HCLKConfig) for RCC_HCLKConfig
    clock.o(i.SystemClock_Config) refers to stm32f10x_rcc.o(i.RCC_PCLK1Config) for RCC_PCLK1Config
    clock.o(i.SystemClock_Config) refers to stm32f10x_rcc.o(i.RCC_PCLK2Config) for RCC_PCLK2Config
    clock.o(i.SystemClock_Config) refers to stm32f10x_rcc.o(i.RCC_APB2PeriphClockCmd) for RCC_APB2PeriphClockCmd
    delay.o(i.Delay_Init) refers to misc.o(i.SysTick_CLKSourceConfig) for SysTick_CLKSourceConfig
    delay.o(i.Delay_Init) refers to system_stm32f10x.o(.data) for SystemCoreClock
    delay.o(i.Delay_Init) refers to delay.o(.data) for fac_us
    delay.o(i.Delay_ms) refers to delay.o(i.Delay_us) for Delay_us
    delay.o(i.Delay_us) refers to delay.o(.data) for fac_us
    main.o(i.Main_DebugBeginStage) refers to time.o(i.millis) for millis
    main.o(i.Main_DebugBeginStage) refers to main.o(.data) for dbg_main_stage
    main.o(i.Main_DebugEndStage) refers to time.o(i.millis) for millis
    main.o(i.Main_DebugEndStage) refers to main.o(.data) for dbg_main_stage_start_ms
    main.o(i.main) refers to clock.o(i.SystemClock_Config) for SystemClock_Config
    main.o(i.main) refers to misc.o(i.NVIC_PriorityGroupConfig) for NVIC_PriorityGroupConfig
    main.o(i.main) refers to delay.o(i.Delay_Init) for Delay_Init
    main.o(i.main) refers to shift_register.o(i.ShiftRegister_Init) for ShiftRegister_Init
    main.o(i.main) refers to shift_register_input.o(i.ShiftRegisterInput_Init) for ShiftRegisterInput_Init
    main.o(i.main) refers to motor_ctrl.o(i.Motor_InitAll) for Motor_InitAll
    main.o(i.main) refers to single_motor.o(i.SingleMotor_Init) for SingleMotor_Init
    main.o(i.main) refers to reversible_motor.o(i.ReversibleMotor_Init) for ReversibleMotor_Init
    main.o(i.main) refers to time.o(i.millis) for millis
    main.o(i.main) refers to spi_helper.o(i.SPI_GPIO_Init) for SPI_GPIO_Init
    main.o(i.main) refers to spi_helper.o(i.SPI1_InitOnce) for SPI1_InitOnce
    main.o(i.main) refers to time.o(i.Timer2_Init) for Timer2_Init
    main.o(i.main) refers to max31855.o(i.MAX31855_Init) for MAX31855_Init
    main.o(i.main) refers to time.o(i.TIM3_10us_Init) for TIM3_10us_Init
    main.o(i.main) refers to time.o(i.TIM4_10us_Init) for TIM4_10us_Init
    main.o(i.main) refers to step_dma.o(i.stepdma_pb11_init) for stepdma_pb11_init
    main.o(i.main) refers to step_dma.o(i.Stepper2_Init) for Stepper2_Init
    main.o(i.main) refers to step_dma.o(i.PU3_Stepper_Init) for PU3_Stepper_Init
    main.o(i.main) refers to robot_arm.o(i.RobotArm_Init) for RobotArm_Init
    main.o(i.main) refers to pwm.o(i.GPIO_Config) for GPIO_Config
    main.o(i.main) refers to pwm.o(i.TIM1_PWM_CH2N_Config) for TIM1_PWM_CH2N_Config
    main.o(i.main) refers to stm32f10x_gpio.o(i.GPIO_SetBits) for GPIO_SetBits
    main.o(i.main) refers to usart.o(i.USART1_Init) for USART1_Init
    main.o(i.main) refers to protocol_v2.o(i.ProtocolV2_Init) for ProtocolV2_Init
    main.o(i.main) refers to robot_arm_protocol.o(i.RobotArmProtocol_Init) for RobotArmProtocol_Init
    main.o(i.main) refers to protocol.o(i.Protocol_InitTxDiagnostics) for Protocol_InitTxDiagnostics
    main.o(i.main) refers to shift_register.o(i.ShiftRegister_WriteAll) for ShiftRegister_WriteAll
    main.o(i.main) refers to main.o(i.Main_DebugBeginStage) for Main_DebugBeginStage
    main.o(i.main) refers to usart.o(i.USART3_Process) for USART3_Process
    main.o(i.main) refers to main.o(i.Main_DebugEndStage) for Main_DebugEndStage
    main.o(i.main) refers to main.o(i.task_uart_frames) for task_uart_frames
    main.o(i.main) refers to main.o(i.task_protocol_commands) for task_protocol_commands
    main.o(i.main) refers to main.o(i.task_165_input_scan) for task_165_input_scan
    main.o(i.main) refers to main.o(i.task_input_change_report) for task_input_change_report
    main.o(i.main) refers to main.o(i.task_single_motor) for task_single_motor
    main.o(i.main) refers to robot_arm.o(i.RobotArm_Task) for RobotArm_Task
[...]
    _init_alloc                               - Undefined Weak Reference
    _init_user_alloc                          - Undefined Weak Reference
    _initio                                   - Undefined Weak Reference
    _rand_init                                - Undefined Weak Reference
    _signal_finish                            - Undefined Weak Reference
    _signal_init                              - Undefined Weak Reference
    _terminate_alloc                          - Undefined Weak Reference
    _terminate_user_alloc                     - Undefined Weak Reference
    _terminateio                              - Undefined Weak Reference
    __Vectors_Size                           0x00000130   Number         0  startup_stm32f10x_hd.o ABSOLUTE
    __Vectors                                0x08000000   Data           4  startup_stm32f10x_hd.o(RESET)
    __Vectors_End                            0x08000130   Data           0  startup_stm32f10x_hd.o(RESET)
    __main                                   0x08000131   Thumb Code     8  __main.o(!!!main)
    __scatterload                            0x08000139   Thumb Code     0  __scatter.o(!!!scatter)
    __scatterload_rt2                        0x08000139   Thumb Code    44  __scatter.o(!!!scatter)
    __scatterload_rt2_thumb_only             0x08000139   Thumb Code     0  __scatter.o(!!!scatter)
    __scatterload_null                       0x08000147   Thumb Code     0  __scatter.o(!!!scatter)
    __decompress                             0x0800016d   Thumb Code    90  __dczerorl2.o(!!dczerorl2)
    __decompress1                            0x0800016d   Thumb Code     0  __dczerorl2.o(!!dczerorl2)
    __scatterload_zeroinit                   0x080001c9   Thumb Code    28  __scatter_zi.o(!!handler_zi)
    __rt_lib_init                            0x080001e5   Thumb Code     0  libinit.o(.ARM.Collect$$libinit$$00000000)
    __rt_lib_init_alloca_1                   0x080001e7   Thumb Code     0  libinit2.o(.ARM.Collect$$libinit$$0000002E)
    __rt_lib_init_argv_1                     0x080001e7   Thumb Code     0  libinit2.o(.ARM.Collect$$libinit$$0000002C)
    __rt_lib_init_atexit_1                   0x080001e7   Thumb Code     0  libinit2.o(.ARM.Collect$$libinit$$0000001B)
    __rt_lib_init_clock_1                    0x080001e7   Thumb Code     0  libinit2.o(.ARM.Collect$$libinit$$00000021)
    __rt_lib_init_cpp_1                      0x080001e7   Thumb Code     0  libinit2.o(.ARM.Collect$$libinit$$00000032)
    __rt_lib_init_exceptions_1               0x080001e7   Thumb Code     0  libinit2.o(.ARM.Collect$$libinit$$00000030)
    __rt_lib_init_fp_1                       0x080001e7   Thumb Code     0  libinit2.o(.ARM.Collect$$libinit$$00000002)
    __rt_lib_init_fp_trap_1                  0x080001e7   Thumb Code     0  libinit2.o(.ARM.Collect$$libinit$$0000001F)
    __rt_lib_init_getenv_1                   0x080001e7   Thumb Code     0  libinit2.o(.ARM.Collect$$libinit$$00000023)
    __rt_lib_init_heap_1                     0x080001e7   Thumb Code     0  libinit2.o(.ARM.Collect$$libinit$$0000000A)
    __rt_lib_init_lc_collate_1               0x080001e7   Thumb Code     0  libinit2.o(.ARM.Collect$$libinit$$00000011)
    __rt_lib_init_lc_ctype_1                 0x080001e7   Thumb Code     0  libinit2.o(.ARM.Collect$$libinit$$00000013)
    __rt_lib_init_lc_monetary_1              0x080001e7   Thumb Code     0  libinit2.o(.ARM.Collect$$libinit$$00000015)
    __rt_lib_init_lc_numeric_1               0x080001e7   Thumb Code     0  libinit2.o(.ARM.Collect$$libinit$$00000017)
    __rt_lib_init_lc_time_1                  0x080001e7   Thumb Code     0  libinit2.o(.ARM.Collect$$libinit$$00000019)
    __rt_lib_init_preinit_1                  0x080001e7   Thumb Code     0  libinit2.o(.ARM.Collect$$libinit$$00000004)
    __rt_lib_init_rand_1                     0x080001e7   Thumb Code     0  libinit2.o(.ARM.Collect$$libinit$$0000000E)
    __rt_lib_init_return                     0x080001e7   Thumb Code     0  libinit2.o(.ARM.Collect$$libinit$$00000033)
    __rt_lib_init_signal_1                   0x080001e7   Thumb Code     0  libinit2.o(.ARM.Collect$$libinit$$0000001D)
    __rt_lib_init_stdio_1                    0x080001e7   Thumb Code     0  libinit2.o(.ARM.Collect$$libinit$$00000025)
    __rt_lib_init_user_alloc_1               0x080001e7   Thumb Code     0  libinit2.o(.ARM.Collect$$libinit$$0000000C)
    __rt_lib_shutdown                        0x080001e9   Thumb Code     0  libshutdown.o(.ARM.Collect$$libshutdown$$00000000)
    __rt_lib_shutdown_cpp_1                  0x080001eb   Thumb Code     0  libshutdown2.o(.ARM.Collect$$libshutdown$$00000002)
    __rt_lib_shutdown_fp_trap_1              0x080001eb   Thumb Code     0  libshutdown2.o(.ARM.Collect$$libshutdown$$00000007)
    __rt_lib_shutdown_heap_1                 0x080001eb   Thumb Code     0  libshutdown2.o(.ARM.Collect$$libshutdown$$0000000F)
    __rt_lib_shutdown_return                 0x080001eb   Thumb Code     0  libshutdown2.o(.ARM.Collect$$libshutdown$$00000010)
    __rt_lib_shutdown_signal_1               0x080001eb   Thumb Code     0  libshutdown2.o(.ARM.Collect$$libshutdown$$0000000A)
    __rt_lib_shutdown_stdio_1                0x080001eb   Thumb Code     0  libshutdown2.o(.ARM.Collect$$libshutdown$$00000004)
    __rt_lib_shutdown_user_alloc_1           0x080001eb   Thumb Code     0  libshutdown2.o(.ARM.Collect$$libshutdown$$0000000C)
    __rt_entry                               0x080001ed   Thumb Code     0  __rtentry.o(.ARM.Collect$$rtentry$$00000000)
    __rt_entry_presh_1                       0x080001ed   Thumb Code     0  __rtentry2.o(.ARM.Collect$$rtentry$$00000002)
    __rt_entry_sh                            0x080001ed   Thumb Code     0  __rtentry4.o(.ARM.Collect$$rtentry$$00000004)
    __rt_entry_li                            0x080001f3   Thumb Code     0  __rtentry2.o(.ARM.Collect$$rtentry$$0000000A)
    __rt_entry_postsh_1                      0x080001f3   Thumb Code     0  __rtentry2.o(.ARM.Collect$$rtentry$$00000009)
    __rt_entry_main                          0x080001f7   Thumb Code     0  __rtentry2.o(.ARM.Collect$$rtentry$$0000000D)
    __rt_entry_postli_1                      0x080001f7   Thumb Code     0  __rtentry2.o(.ARM.Collect$$rtentry$$0000000C)
    __rt_exit                                0x080001ff   Thumb Code     0  rtexit.o(.ARM.Collect$$rtexit$$00000000)
    __rt_exit_ls                             0x08000201   Thumb Code     0  rtexit2.o(.ARM.Collect$$rtexit$$00000003)
    __rt_exit_prels_1                        0x08000201   Thumb Code     0  rtexit2.o(.ARM.Collect$$rtexit$$00000002)
    __rt_exit_exit                           0x08000205   Thumb Code     0  rtexit2.o(.ARM.Collect$$rtexit$$00000004)
    Reset_Handler                            0x0800020d   Thumb Code     8  startup_stm32f10x_hd.o(.text)
    ADC1_2_IRQHandler                        0x08000227   Thumb Code     0  startup_stm32f10x_hd.o(.text)
    ADC3_IRQHandler                          0x08000227   Thumb Code     0  startup_stm32f10x_hd.o(.text)
    CAN1_RX1_IRQHandler                      0x08000227   Thumb Code     0  startup_stm32f10x_hd.o(.text)
    CAN1_SCE_IRQHandler                      0x08000227   Thumb Code     0  startup_stm32f10x_hd.o(.text)
    DMA1_Channel1_IRQHandler                 0x08000227   Thumb Code     0  startup_stm32f10x_hd.o(.text)
    DMA1_Channel2_IRQHandler                 0x08000227   Thumb Code     0  startup_stm32f10x_hd.o(.text)
    DMA1_Channel3_IRQHandler                 0x08000227   Thumb Code     0  startup_stm32f10x_hd.o(.text)
    DMA1_Channel4_IRQHandler                 0x08000227   Thumb Code     0  startup_stm32f10x_hd.o(.text)
    DMA1_Channel5_IRQHandler                 0x08000227   Thumb Code     0  startup_stm32f10x_hd.o(.text)
    DMA1_Channel6_IRQHandler                 0x08000227   Thumb Code     0  startup_stm32f10x_hd.o(.text)
    DMA1_Channel7_IRQHandler                 0x08000227   Thumb Code     0  startup_stm32f10x_hd.o(.text)
    DMA2_Channel1_IRQHandler                 0x08000227   Thumb Code     0  startup_stm32f10x_hd.o(.text)
    EXTI0_IRQHandler                         0x08000227   Thumb Code     0  startup_stm32f10x_hd.o(.text)
    EXTI15_10_IRQHandler                     0x08000227   Thumb Code     0  startup_stm32f10x_hd.o(.text)
    EXTI1_IRQHandler                         0x08000227   Thumb Code     0  startup_stm32f10x_hd.o(.text)
    EXTI2_IRQHandler                         0x08000227   Thumb Code     0  startup_stm32f10x_hd.o(.text)
    EXTI3_IRQHandler                         0x08000227   Thumb Code     0  startup_stm32f10x_hd.o(.text)
    EXTI4_IRQHandler                         0x08000227   Thumb Code     0  startup_stm32f10x_hd.o(.text)
    EXTI9_5_IRQHandler                       0x08000227   Thumb Code     0  startup_stm32f10x_hd.o(.text)
    FLASH_IRQHandler                         0x08000227   Thumb Code     0  startup_stm32f10x_hd.o(.text)
    FSMC_IRQHandler                          0x08000227   Thumb Code     0  startup_stm32f10x_hd.o(.text)
    I2C1_ER_IRQHandler                       0x08000227   Thumb Code     0  startup_stm32f10x_hd.o(.text)
    I2C1_EV_IRQHandler                       0x08000227   Thumb Code     0  startup_stm32f10x_hd.o(.text)
    I2C2_ER_IRQHandler                       0x08000227   Thumb Code     0  startup_stm32f10x_hd.o(.text)
    I2C2_EV_IRQHandler                       0x08000227   Thumb Code     0  startup_stm32f10x_hd.o(.text)
    PVD_IRQHandler                           0x08000227   Thumb Code     0  startup_stm32f10x_hd.o(.text)
    RCC_IRQHandler                           0x08000227   Thumb Code     0  startup_stm32f10x_hd.o(.text)
    RTCAlarm_IRQHandler                      0x08000227   Thumb Code     0  startup_stm32f10x_hd.o(.text)
    RTC_IRQHandler                           0x08000227   Thumb Code     0  startup_stm32f10x_hd.o(.text)
    SDIO_IRQHandler                          0x08000227   Thumb Code     0  startup_stm32f10x_hd.o(.text)
    SPI1_IRQHandler                          0x08000227   Thumb Code     0  startup_stm32f10x_hd.o(.text)
    SPI2_IRQHandler                          0x08000227   Thumb Code     0  startup_stm32f10x_hd.o(.text)
    SPI3_IRQHandler                          0x08000227   Thumb Code     0  startup_stm32f10x_hd.o(.text)
    TAMPER_IRQHandler                        0x08000227   Thumb Code     0  startup_stm32f10x_hd.o(.text)
    TIM1_BRK_IRQHandler                      0x08000227   Thumb Code     0  startup_stm32f10x_hd.o(.text)
    TIM1_CC_IRQHandler                       0x08000227   Thumb Code     0  startup_stm32f10x_hd.o(.text)
    TIM1_TRG_COM_IRQHandler                  0x08000227   Thumb Code     0  startup_stm32f10x_hd.o(.text)
    TIM1_UP_IRQHandler                       0x08000227   Thumb Code     0  startup_stm32f10x_hd.o(.text)
    TIM5_IRQHandler                          0x08000227   Thumb Code     0  startup_stm32f10x_hd.o(.text)
    TIM6_IRQHandler                          0x08000227   Thumb Code     0  startup_stm32f10x_hd.o(.text)
    TIM7_IRQHandler                          0x08000227   Thumb Code     0  startup_stm32f10x_hd.o(.text)
    TIM8_BRK_IRQHandler                      0x08000227   Thumb Code     0  startup_stm32f10x_hd.o(.text)
    TIM8_CC_IRQHandler                       0x08000227   Thumb Code     0  startup_stm32f10x_hd.o(.text)
    TIM8_TRG_COM_IRQHandler                  0x08000227   Thumb Code     0  startup_stm32f10x_hd.o(.text)
    TIM8_UP_IRQHandler                       0x08000227   Thumb Code     0  startup_stm32f10x_hd.o(.text)
    UART4_IRQHandler                         0x08000227   Thumb Code     0  startup_stm32f10x_hd.o(.text)
    UART5_IRQHandler                         0x08000227   Thumb Code     0  startup_stm32f10x_hd.o(.text)
    USBWakeUp_IRQHandler                     0x08000227   Thumb Code     0  startup_stm32f10x_hd.o(.text)
    USB_HP_CAN1_TX_IRQHandler                0x08000227   Thumb Code     0  startup_stm32f10x_hd.o(.text)
    USB_LP_CAN1_RX0_IRQHandler               0x08000227   Thumb Code     0  startup_stm32f10x_hd.o(.text)
    WWDG_IRQHandler                          0x08000227   Thumb Code     0  startup_stm32f10x_hd.o(.text)
    __user_initial_stackheap                 0x08000229   Thumb Code     0  startup_stm32f10x_hd.o(.text)
    __aeabi_uldivmod                         0x0800024d   Thumb Code     0  lludivv7m.o(.text)
    _ll_udiv                                 0x0800024d   Thumb Code   238  lludivv7m.o(.text)
    __aeabi_memcpy                           0x0800033b   Thumb Code     0  rt_memcpy_v6.o(.text)
    __rt_memcpy                              0x0800033b   Thumb Code   138  rt_memcpy_v6.o(.text)
    _memcpy_lastbytes                        0x080003a1   Thumb Code     0  rt_memcpy_v6.o(.text)
    __aeabi_memcpy4                          0x080003c5   Thumb Code     0  rt_memcpy_w.o(.text)
    __aeabi_memcpy8                          0x080003c5   Thumb Code     0  rt_memcpy_w.o(.text)
    __rt_memcpy_w                            0x080003c5   Thumb Code   100  rt_memcpy_w.o(.text)
    _memcpy_lastbytes_aligned                0x0800040d   Thumb Code     0  rt_memcpy_w.o(.text)
    __use_two_region_memory                  0x08000429   Thumb Code     2  heapauxi.o(.text)
    __rt_heap_escrow$2region                 0x0800042b   Thumb Code     2  heapauxi.o(.text)
    __rt_heap_expand$2region                 0x0800042d   Thumb Code     2  heapauxi.o(.text)
    __user_setup_stackheap                   0x0800042f   Thumb Code    74  sys_stackheap_outer.o(.text)
    exit                                     0x08000479   Thumb Code    18  exit.o(.text)
    __user_libspace                          0x0800048d   Thumb Code     8  libspace.o(.text)
    __user_perproc_libspace                  0x0800048d   Thumb Code     0  libspace.o(.text)
    __user_perthread_libspace                0x0800048d   Thumb Code     0  libspace.o(.text)
    _sys_exit                                0x08000495   Thumb Code     8  sys_exit.o(.text)
    __I$use$semihosting                      0x080004a1   Thumb Code     0  use_no_semi.o(.text)
    __use_no_semihosting_swi                 0x080004a1   Thumb Code     2  use_no_semi.o(.text)
    BusFault_Handler                         0x080004a3   Thumb Code     4  stm32f10x_it.o(i.BusFault_Handler)
    __semihosting_library_function           0x080004a3   Thumb Code     0  indicate_semi.o(.text)
    DMA2_Channel2_IRQHandler                 0x080004a9   Thumb Code   622  step_dma.o(i.DMA2_Channel2_IRQHandler)
    DMA2_Channel3_IRQHandler                 0x08000735   Thumb Code   370  step_dma.o(i.DMA2_Channel3_IRQHandler)
    DMA2_Channel4_5_IRQHandler               0x080008cd   Thumb Code   140  step_dma.o(i.DMA2_Channel4_5_IRQHandler)
    DMA_ClearITPendingBit                    0x08000961   Thumb Code    18  stm32f10x_dma.o(i.DMA_ClearITPendingBit)
    DMA_Cmd                                  0x0800097d   Thumb Code    24  stm32f10x_dma.o(i.DMA_Cmd)
    DMA_DeInit                               0x08000995   Thumb Code   324  stm32f10x_dma.o(i.DMA_DeInit)
    DMA_GetITStatus                          0x08000ae1   Thumb Code    36  stm32f10x_dma.o(i.DMA_GetITStatus)
    DMA_ITConfig                             0x08000b0d   Thumb Code    18  stm32f10x_dma.o(i.DMA_ITConfig)
    DMA_Init                                 0x08000b1f   Thumb Code    60  stm32f10x_dma.o(i.DMA_Init)
    DebugMon_Handler                         0x08000b5b   Thumb Code     2  stm32f10x_it.o(i.DebugMon_Handler)
    Delay_Init                               0x08000b5d   Thumb Code    50  delay.o(i.Delay_Init)
    Delay_us                                 0x08000ba1   Thumb Code    56  delay.o(i.Delay_us)
    GPIO_Config                              0x08000bdd   Thumb Code    46  pwm.o(i.GPIO_Config)
    GPIO_Init                                0x08000c15   Thumb Code   278  stm32f10x_gpio.o(i.GPIO_Init)
    GPIO_PinRemapConfig                      0x08000d2d   Thumb Code   138  stm32f10x_gpio.o(i.GPIO_PinRemapConfig)
    GPIO_ResetBits                           0x08000dbd   Thumb Code     4  stm32f10x_gpio.o(i.GPIO_ResetBits)
    GPIO_SetBits                             0x08000dc1   Thumb Code     4  stm32f10x_gpio.o(i.GPIO_SetBits)
    HardFault_Handler                        0x08000dc5   Thumb Code     4  stm32f10x_it.o(i.HardFault_Handler)
    MAX31855_Init                            0x08000dc9   Thumb Code   136  max31855.o(i.MAX31855_Init)
    MemManage_Handler                        0x08000eb5   Thumb Code     4  stm32f10x_it.o(i.MemManage_Handler)
    Motor_InitAll                            0x08000eb9   Thumb Code   174  motor_ctrl.o(i.Motor_InitAll)
    NMI_Handler                              0x08000f75   Thumb Code     2  stm32f10x_it.o(i.NMI_Handler)
    NVIC_Init                                0x08000f79   Thumb Code   100  misc.o(i.NVIC_Init)
    NVIC_PriorityGroupConfig                 0x08000fe9   Thumb Code    10  misc.o(i.NVIC_PriorityGroupConfig)
    PU3_Stepper_GetCompletedSteps            0x080010f1   Thumb Code     6  step_dma.o(i.PU3_Stepper_GetCompletedSteps)
    PU3_Stepper_GetRemainingSteps            0x080010fd   Thumb Code     6  step_dma.o(i.PU3_Stepper_GetRemainingSteps)
    PU3_Stepper_Init                         0x08001109   Thumb Code   254  step_dma.o(i.PU3_Stepper_Init)
    PU3_Stepper_IsRunning                    0x08001219   Thumb Code     6  step_dma.o(i.PU3_Stepper_IsRunning)
    PU3_Stepper_Start                        0x08001225   Thumb Code   142  step_dma.o(i.PU3_Stepper_Start)
    PU3_Stepper_Stop                         0x080012bd   Thumb Code    52  step_dma.o(i.PU3_Stepper_Stop)
    PendSV_Handler                           0x08001305   Thumb Code     2  stm32f10x_it.o(i.PendSV_Handler)
    ProtocolV2_CalculateCrc                  0x08001307   Thumb Code    70  protocol_v2.o(i.ProtocolV2_CalculateCrc)
    ProtocolV2_Decode                        0x08001377   Thumb Code   100  protocol_v2.o(i.ProtocolV2_Decode)
    ProtocolV2_Encode                        0x080013db   Thumb Code    72  protocol_v2.o(i.ProtocolV2_Encode)
    ProtocolV2_Init                          0x08001425   Thumb Code    46  protocol_v2.o(i.ProtocolV2_Init)
    ProtocolV2_InputByte                     0x08001475   Thumb Code   116  protocol_v2.o(i.ProtocolV2_InputByte)
    ProtocolV2_ReadI32LE                     0x08001671   Thumb Code    12  protocol_v2.o(i.ProtocolV2_ReadI32LE)
    ProtocolV2_ReadU16LE                     0x0800167d   Thumb Code    12  protocol_v2.o(i.ProtocolV2_ReadU16LE)
    ProtocolV2_ReadU32LE                     0x08001689   Thumb Code    24  protocol_v2.o(i.ProtocolV2_ReadU32LE)
    ProtocolV2_TakeFrame                     0x0800170d   Thumb Code    66  protocol_v2.o(i.ProtocolV2_TakeFrame)
    ProtocolV2_TakeV1Frame                   0x0800175d   Thumb Code    66  protocol_v2.o(i.ProtocolV2_TakeV1Frame)
    ProtocolV2_WriteI32LE                    0x080017ad   Thumb Code    16  protocol_v2.o(i.ProtocolV2_WriteI32LE)
    ProtocolV2_WriteU16LE                    0x080017bd   Thumb Code     8  protocol_v2.o(i.ProtocolV2_WriteU16LE)
    ProtocolV2_WriteU32LE                    0x080017c5   Thumb Code    16  protocol_v2.o(i.ProtocolV2_WriteU32LE)
    Protocol_CheckPb10StopSensor             0x080017d5   Thumb Code    92  protocol.o(i.Protocol_CheckPb10StopSensor)
    Protocol_InitTxDiagnostics               0x080018e1   Thumb Code    24  protocol.o(i.Protocol_InitTxDiagnostics)
    Protocol_RecordUsart2TxTimeout           0x08001999   Thumb Code    76  protocol.o(i.Protocol_RecordUsart2TxTimeout)
    Protocol_ResetUsart2TxTimeoutEvidence    0x08001a09   Thumb Code    42  protocol.o(i.Protocol_ResetUsart2TxTimeoutEvidence)
    Protocol_TakeCommand                     0x08001b71   Thumb Code    92  protocol.o(i.Protocol_TakeCommand)
    RCC_AHBPeriphClockCmd                    0x08001bdd   Thumb Code    26  stm32f10x_rcc.o(i.RCC_AHBPeriphClockCmd)
    RCC_APB1PeriphClockCmd                   0x08001bfd   Thumb Code    26  stm32f10x_rcc.o(i.RCC_APB1PeriphClockCmd)
    RCC_APB2PeriphClockCmd                   0x08001c1d   Thumb Code    26  stm32f10x_rcc.o(i.RCC_APB2PeriphClockCmd)
    RCC_DeInit                               0x08001c3d   Thumb Code    64  stm32f10x_rcc.o(i.RCC_DeInit)
    RCC_GetClocksFreq                        0x08001c89   Thumb Code   192  stm32f10x_rcc.o(i.RCC_GetClocksFreq)
    RCC_GetFlagStatus                        0x08001d5d   Thumb Code    56  stm32f10x_rcc.o(i.RCC_GetFlagStatus)
    RCC_GetSYSCLKSource                      0x08001d99   Thumb Code    10  stm32f10x_rcc.o(i.RCC_GetSYSCLKSource)
    RCC_HCLKConfig                           0x08001da9   Thumb Code    18  stm32f10x_rcc.o(i.RCC_HCLKConfig)
    RCC_HSEConfig                            0x08001dc1   Thumb Code    70  stm32f10x_rcc.o(i.RCC_HSEConfig)
    RCC_LSEConfig                            0x08001e0d   Thumb Code    46  stm32f10x_rcc.o(i.RCC_LSEConfig)
    RCC_PCLK1Config                          0x08001e41   Thumb Code    18  stm32f10x_rcc.o(i.RCC_PCLK1Config)
    RCC_PCLK2Config                          0x08001e59   Thumb Code    20  stm32f10x_rcc.o(i.RCC_PCLK2Config)
    RCC_PLLCmd                               0x08001e71   Thumb Code     6  stm32f10x_rcc.o(i.RCC_PLLCmd)
    RCC_PLLConfig                            0x08001e7d   Thumb Code    24  stm32f10x_rcc.o(i.RCC_PLLConfig)
    RCC_SYSCLKConfig                         0x08001e99   Thumb Code    18  stm32f10x_rcc.o(i.RCC_SYSCLKConfig)
    RCC_WaitForHSEStartUp                    0x08001eb1   Thumb Code    56  stm32f10x_rcc.o(i.RCC_WaitForHSEStartUp)
    ReversibleMotor_Immediate                0x08002117   Thumb Code    66  reversible_motor.o(i.ReversibleMotor_Immediate)
    ReversibleMotor_Init                     0x08002159   Thumb Code    50  reversible_motor.o(i.ReversibleMotor_Init)
    ReversibleMotor_RecordError              0x0800227d   Thumb Code    16  reversible_motor.o(i.ReversibleMotor_RecordError)
    ReversibleMotor_StartSensorTimed         0x08002295   Thumb Code    50  reversible_motor.o(i.ReversibleMotor_StartSensorTimed)
    ReversibleMotor_StartTimed               0x080022c7   Thumb Code    34  reversible_motor.o(i.ReversibleMotor_StartTimed)
    ReversibleMotor_Task                     0x08002311   Thumb Code   188  reversible_motor.o(i.ReversibleMotor_Task)
    RingBuffer_Init                          0x080023d1   Thumb Code    12  ringbuffer.o(i.RingBuffer_Init)
    RingBuffer_ReadByte                      0x080023dd   Thumb Code    50  ringbuffer.o(i.RingBuffer_ReadByte)
    RingBuffer_WriteByte                     0x0800240f   Thumb Code    54  ringbuffer.o(i.RingBuffer_WriteByte)
    RobotArmDriver_GetCompletedSteps         0x08002445   Thumb Code    38  robot_arm_driver.o(i.RobotArmDriver_GetCompletedSteps)
    RobotArmDriver_GetRemainingSteps         0x0800246b   Thumb Code    38  robot_arm_driver.o(i.RobotArmDriver_GetRemainingSteps)
    RobotArmDriver_IsBusy                    0x08002491   Thumb Code    38  robot_arm_driver.o(i.RobotArmDriver_IsBusy)
    RobotArmDriver_Start                     0x080024e9   Thumb Code   168  robot_arm_driver.o(i.RobotArmDriver_Start)
    RobotArmDriver_Stop                      0x08002595   Thumb Code    40  robot_arm_driver.o(i.RobotArmDriver_Stop)
    RobotArmProtocol_CanAcceptRequest        0x080025d9   Thumb Code    38  robot_arm_protocol.o(i.RobotArmProtocol_CanAcceptRequest)
    RobotArmProtocol_HandleFrame             0x080026d5   Thumb Code   484  robot_arm_protocol.o(i.RobotArmProtocol_HandleFrame)
    RobotArmProtocol_Init                    0x080028c5   Thumb Code    98  robot_arm_protocol.o(i.RobotArmProtocol_Init)
    RobotArmProtocol_Task                    0x08002d71   Thumb Code   132  robot_arm_protocol.o(i.RobotArmProtocol_Task)
    RobotArmSensor_IsReady                   0x08002df9   Thumb Code     6  robot_arm_sensor.o(i.RobotArmSensor_IsReady)
    RobotArmSensor_IsTriggered               0x08002e05   Thumb Code    56  robot_arm_sensor.o(i.RobotArmSensor_IsTriggered)
    RobotArmSensor_UpdateSnapshot            0x08002e51   Thumb Code    34  robot_arm_sensor.o(i.RobotArmSensor_UpdateSnapshot)
    RobotArm_CheckPoseSafety                 0x08002f75   Thumb Code     6  robot_arm.o(i.RobotArm_CheckPoseSafety)
    RobotArm_CheckTransitionSafety           0x08002fb9   Thumb Code    24  robot_arm.o(i.RobotArm_CheckTransitionSafety)
    RobotArm_ClearError                      0x08002fd1   Thumb Code    82  robot_arm.o(i.RobotArm_ClearError)
    RobotArm_GetAxisState                    0x08003265   Thumb Code    22  robot_arm.o(i.RobotArm_GetAxisState)
    RobotArm_GetStatus                       0x080032c1   Thumb Code   248  robot_arm.o(i.RobotArm_GetStatus)
    RobotArm_GetX                            0x080033bd   Thumb Code     6  robot_arm.o(i.RobotArm_GetX)
    RobotArm_GetY                            0x080033c9   Thumb Code     6  robot_arm.o(i.RobotArm_GetY)
    RobotArm_GetZ                            0x080033d5   Thumb Code     6  robot_arm.o(i.RobotArm_GetZ)
    RobotArm_Home                            0x080033e1   Thumb Code   120  robot_arm.o(i.RobotArm_Home)
    RobotArm_HomeAxis                        0x0800345d   Thumb Code    68  robot_arm.o(i.RobotArm_HomeAxis)
    RobotArm_Init                            0x080034a5   Thumb Code   212  robot_arm.o(i.RobotArm_Init)
    RobotArm_InvalidatePosition              0x08003589   Thumb Code    38  robot_arm.o(i.RobotArm_InvalidatePosition)
    RobotArm_IsBusy                          0x080035bd   Thumb Code    42  robot_arm.o(i.RobotArm_IsBusy)
    RobotArm_IsHomed                         0x0800362d   Thumb Code    22  robot_arm.o(i.RobotArm_IsHomed)
    RobotArm_IsPositionValid                 0x08003643   Thumb Code    22  robot_arm.o(i.RobotArm_IsPositionValid)
    RobotArm_MoveTo                          0x08003659   Thumb Code   408  robot_arm.o(i.RobotArm_MoveTo)
    RobotArm_MoveToSafe                      0x080037f9   Thumb Code   228  robot_arm.o(i.RobotArm_MoveToSafe)
    RobotArm_MoveX                           0x080038e1   Thumb Code    18  robot_arm.o(i.RobotArm_MoveX)
    RobotArm_MoveXRelative                   0x080038f3   Thumb Code    18  robot_arm.o(i.RobotArm_MoveXRelative)
    RobotArm_MoveY                           0x08003905   Thumb Code    18  robot_arm.o(i.RobotArm_MoveY)
    RobotArm_MoveYRelative                   0x08003917   Thumb Code    18  robot_arm.o(i.RobotArm_MoveYRelative)
    RobotArm_MoveZ                           0x08003929   Thumb Code    18  robot_arm.o(i.RobotArm_MoveZ)
    RobotArm_MoveZRelative                   0x0800393b   Thumb Code    18  robot_arm.o(i.RobotArm_MoveZRelative)
    RobotArm_Stop                            0x08003d0d   Thumb Code   156  robot_arm.o(i.RobotArm_Stop)
    RobotArm_Task                            0x08003db1   Thumb Code   138  robot_arm.o(i.RobotArm_Task)
    SPI1_InitOnce                            0x080045e1   Thumb Code   202  spi_helper.o(i.SPI1_InitOnce)
    SPI_Cmd                                  0x080046bd   Thumb Code    24  stm32f10x_spi.o(i.SPI_Cmd)
    SPI_GPIO_Init                            0x080046d5   Thumb Code   116  spi_helper.o(i.SPI_GPIO_Init)
    SPI_I2S_GetFlagStatus                    0x0800474d   Thumb Code    18  stm32f10x_spi.o(i.SPI_I2S_GetFlagStatus)
    SPI_I2S_ReceiveData                      0x0800475f   Thumb Code     6  stm32f10x_spi.o(i.SPI_I2S_ReceiveData)
    SPI_I2S_SendData                         0x08004765   Thumb Code     4  stm32f10x_spi.o(i.SPI_I2S_SendData)
    SPI_Init                                 0x08004769   Thumb Code    60  stm32f10x_spi.o(i.SPI_Init)
    SPI_NSSInternalSoftwareConfig            0x080047a5   Thumb Code    30  stm32f10x_spi.o(i.SPI_NSSInternalSoftwareConfig)
    SVC_Handler                              0x080047c3   Thumb Code     2  stm32f10x_it.o(i.SVC_Handler)
    ShiftRegisterInput_Init                  0x080048ad   Thumb Code    40  shift_register_input.o(i.ShiftRegisterInput_Init)
    ShiftRegisterInput_ReadAll               0x080048d9   Thumb Code   112  shift_register_input.o(i.ShiftRegisterInput_ReadAll)
    ShiftRegister_Init                       0x08004951   Thumb Code    40  shift_register.o(i.ShiftRegister_Init)
    ShiftRegister_WriteAll                   0x0800497d   Thumb Code    86  shift_register.o(i.ShiftRegister_WriteAll)
    SingleMotor_GetRunningBitmap             0x080049ed   Thumb Code    60  single_motor.o(i.SingleMotor_GetRunningBitmap)
    SingleMotor_Immediate                    0x08004a2d   Thumb Code    62  single_motor.o(i.SingleMotor_Immediate)
    SingleMotor_Init                         0x08004a71   Thumb Code    32  single_motor.o(i.SingleMotor_Init)
    SingleMotor_RecordError                  0x08004ae1   Thumb Code    16  single_motor.o(i.SingleMotor_RecordError)
    SingleMotor_Set                          0x08004af9   Thumb Code    80  single_motor.o(i.SingleMotor_Set)
    SingleMotor_StartSensorTimed             0x08004b55   Thumb Code    96  single_motor.o(i.SingleMotor_StartSensorTimed)
    SingleMotor_StartTimed                   0x08004bb9   Thumb Code    56  single_motor.o(i.SingleMotor_StartTimed)
    SingleMotor_Task                         0x08004c1d   Thumb Code   140  single_motor.o(i.SingleMotor_Task)
    Stepper2_GetCompletedSteps               0x08004cad   Thumb Code     6  step_dma.o(i.Stepper2_GetCompletedSteps)
    Stepper2_GetRemainingSteps               0x08004cb9   Thumb Code     6  step_dma.o(i.Stepper2_GetRemainingSteps)
    Stepper2_Init                            0x08004cc5   Thumb Code    10  step_dma.o(i.Stepper2_Init)
    Stepper2_IsBusy                          0x08004cd5   Thumb Code     8  step_dma.o(i.Stepper2_IsBusy)
    Stepper2_SetDirection                    0x08004cdd   Thumb Code    50  step_dma.o(i.Stepper2_SetDirection)
    Stepper2_Start                           0x08004d15   Thumb Code    68  step_dma.o(i.Stepper2_Start)
    Stepper2_Stop                            0x08004d5d   Thumb Code     8  step_dma.o(i.Stepper2_Stop)
    SysTick_CLKSourceConfig                  0x08004d65   Thumb Code    40  misc.o(i.SysTick_CLKSourceConfig)
    SysTick_Handler                          0x08004d8d   Thumb Code     2  stm32f10x_it.o(i.SysTick_Handler)
    SystemClock_Config                       0x08004d8f   Thumb Code    98  clock.o(i.SystemClock_Config)
    SystemInit                               0x08004df1   Thumb Code    78  system_stm32f10x.o(i.SystemInit)
    TIM1_PWM_CH2N_Config                     0x08004e51   Thumb Code   200  pwm.o(i.TIM1_PWM_CH2N_Config)
    TIM2_IRQHandler                          0x08004f1d   Thumb Code    60  time.o(i.TIM2_IRQHandler)
    TIM3_10us_Init                           0x08004f65   Thumb Code    76  time.o(i.TIM3_10us_Init)
    TIM3_IRQHandler                          0x08004fbd   Thumb Code    42  time.o(i.TIM3_IRQHandler)
    TIM4_10us_Init                           0x08004ff1   Thumb Code    74  time.o(i.TIM4_10us_Init)
    TIM4_IRQHandler                          0x08005049   Thumb Code    22  time.o(i.TIM4_IRQHandler)
    TIM_ARRPreloadConfig                     0x08005065   Thumb Code    24  stm32f10x_tim.o(i.TIM_ARRPreloadConfig)
    TIM_BDTRConfig                           0x0800507d   Thumb Code    32  stm32f10x_tim.o(i.TIM_BDTRConfig)
    TIM_BDTRStructInit                       0x0800509d   Thumb Code    18  stm32f10x_tim.o(i.TIM_BDTRStructInit)
    TIM_ClearFlag                            0x080050af   Thumb Code     6  stm32f10x_tim.o(i.TIM_ClearFlag)
    TIM_ClearITPendingBit                    0x080050b5   Thumb Code     6  stm32f10x_tim.o(i.TIM_ClearITPendingBit)
    TIM_Cmd                                  0x080050bb   Thumb Code    24  stm32f10x_tim.o(i.TIM_Cmd)
    TIM_CtrlPWMOutputs                       0x080050d3   Thumb Code    30  stm32f10x_tim.o(i.TIM_CtrlPWMOutputs)
    TIM_DMACmd                               0x080050f1   Thumb Code    18  stm32f10x_tim.o(i.TIM_DMACmd)
    TIM_GenerateEvent                        0x08005103   Thumb Code     4  stm32f10x_tim.o(i.TIM_GenerateEvent)
    TIM_GetITStatus                          0x08005107   Thumb Code    34  stm32f10x_tim.o(i.TIM_GetITStatus)
    TIM_ITConfig                             0x08005129   Thumb Code    18  stm32f10x_tim.o(i.TIM_ITConfig)
    TIM_OC2Init                              0x0800513d   Thumb Code   154  stm32f10x_tim.o(i.TIM_OC2Init)
    TIM_OC2PreloadConfig                     0x080051e1   Thumb Code    26  stm32f10x_tim.o(i.TIM_OC2PreloadConfig)
    TIM_OCStructInit                         0x080051fb   Thumb Code    20  stm32f10x_tim.o(i.TIM_OCStructInit)
    TIM_PrescalerConfig                      0x0800520f   Thumb Code     6  stm32f10x_tim.o(i.TIM_PrescalerConfig)
    TIM_SetAutoreload                        0x08005215   Thumb Code     4  stm32f10x_tim.o(i.TIM_SetAutoreload)
    TIM_SetCounter                           0x08005219   Thumb Code     4  stm32f10x_tim.o(i.TIM_SetCounter)
    TIM_TimeBaseInit                         0x0800521d   Thumb Code   122  stm32f10x_tim.o(i.TIM_TimeBaseInit)
    TIM_TimeBaseStructInit                   0x080052c1   Thumb Code    18  stm32f10x_tim.o(i.TIM_TimeBaseStructInit)
    Timer2_Init                              0x080052d5   Thumb Code    88  time.o(i.Timer2_Init)
    UART1GetByte                             0x08005335   Thumb Code    14  usart.o(i.UART1GetByte)
    USART1_IRQHandler                        0x08005349   Thumb Code   152  usart.o(i.USART1_IRQHandler)
    USART1_Init                              0x08005405   Thumb Code   440  usart.o(i.USART1_Init)
    USART1_SetTxDiagnosticCommand            0x08005689   Thumb Code    22  usart.o(i.USART1_SetTxDiagnosticCommand)
    USART2_IRQHandler                        0x080056cd   Thumb Code   118  usart.o(i.USART2_IRQHandler)
    USART3_IRQHandler                        0x0800575d   Thumb Code    14  usart.o(i.USART3_IRQHandler)
    USART3_Process                           0x08005779   Thumb Code    30  usart.o(i.USART3_Process)
    USART_Cmd                                0x080057a5   Thumb Code    24  stm32f10x_usart.o(i.USART_Cmd)
    USART_GetFlagStatus                      0x080057bd   Thumb Code    26  stm32f10x_usart.o(i.USART_GetFlagStatus)
    USART_ITConfig                           0x080057d7   Thumb Code    74  stm32f10x_usart.o(i.USART_ITConfig)
    USART_Init                               0x08005821   Thumb Code   210  stm32f10x_usart.o(i.USART_Init)
    USART_SendBuffer                         0x08005a05   Thumb Code   568  usart.o(i.USART_SendBuffer)
    USART_SendData                           0x08005c65   Thumb Code     8  stm32f10x_usart.o(i.USART_SendData)
    UsageFault_Handler                       0x08005c6d   Thumb Code     4  stm32f10x_it.o(i.UsageFault_Handler)
    delay_us                                 0x08005c77   Thumb Code    30  delay.o(i.delay_us)
    handle_command                           0x08005d9d   Thumb Code  1326  protocol.o(i.handle_command)
    main                                     0x0800635d   Thumb Code   294  main.o(i.main)
    millis                                   0x080064a5   Thumb Code     6  time.o(i.millis)
    parse_frame                              0x080064b1   Thumb Code   148  protocol.o(i.parse_frame)
    send_165Data                             0x0800655d   Thumb Code    10  protocol.o(i.send_165Data)
    send_frame                               0x08006595   Thumb Code    18  protocol.o(i.send_frame)
    stepdma_pb10_init                        0x08006701   Thumb Code   274  step_dma.o(i.stepdma_pb10_init)
    stepdma_pb10_is_running                  0x08006845   Thumb Code     6  step_dma.o(i.stepdma_pb10_is_running)
    stepdma_pb10_move_trap                   0x08006851   Thumb Code   326  step_dma.o(i.stepdma_pb10_move_trap)
    stepdma_pb10_request_trap                0x080069b1   Thumb Code    88  step_dma.o(i.stepdma_pb10_request_trap)
    stepdma_pb10_stop                        0x08006a11   Thumb Code    52  step_dma.o(i.stepdma_pb10_stop)
    stepdma_pb11_get_completed_steps         0x08006a65   Thumb Code     6  step_dma.o(i.stepdma_pb11_get_completed_steps)
    stepdma_pb11_get_remaining_steps         0x08006a71   Thumb Code    28  step_dma.o(i.stepdma_pb11_get_remaining_steps)
    stepdma_pb11_init                        0x08006a91   Thumb Code   254  step_dma.o(i.stepdma_pb11_init)
    stepdma_pb11_is_running                  0x08006bb1   Thumb Code     6  step_dma.o(i.stepdma_pb11_is_running)
    stepdma_pb11_move_trap                   0x08006bbd   Thumb Code   302  step_dma.o(i.stepdma_pb11_move_trap)
    stepdma_pb11_request_trap                0x08006cf9   Thumb Code    54  step_dma.o(i.stepdma_pb11_request_trap)
    stepdma_pb11_stop                        0x08006d39   Thumb Code    44  step_dma.o(i.stepdma_pb11_stop)
    Region$$Table$$Base                      0x080072ac   Number         0  anon$$obj.o(Region$$Table)
    Region$$Table$$Limit                     0x080072cc   Number         0  anon$$obj.o(Region$$Table)
    dbg_main_stage                           0x20000004   Data           1  main.o(.data)
    dbg_main_loop_last_duration_ms           0x20000008   Data           4  main.o(.data)
    dbg_main_loop_max_duration_ms            0x2000000c   Data           4  main.o(.data)
    dbg_main_loop_slow_count                 0x20000010   Data           4  main.o(.data)
    dbg_main_loop_last_slow_stage            0x20000014   Data           1  main.o(.data)
    dbg_main_loop_last_slow_duration_ms      0x20000018   Data           4  main.o(.data)
    stepMotorA                               0x20000020   Data          44  main.o(.data)
    rx_index                                 0x20000058   Data           1  usart.o(.data)
    receiving                                0x20000059   Data           1  usart.o(.data)
    frame_ready                              0x2000005a   Data           1  usart.o(.data)
    rs485_tx_call_count                      0x20000074   Data           4  usart.o(.data)
    rs485_tx_success_count                   0x20000078   Data           4  usart.o(.data)
    rs485_tx_txe_timeout_count               0x2000007c   Data           4  usart.o(.data)
    rs485_tx_tc_timeout_count                0x20000080   Data           4  usart.o(.data)
    rs485_tx_bytes_count                     0x20000084   Data           4  usart.o(.data)
    rs485_tx_max_txe_wait_ms                 0x20000088   Data           4  usart.o(.data)
    rs485_tx_max_tc_wait_ms                  0x2000008c   Data           4  usart.o(.data)
    rs485_tx_last_expected_len               0x20000090   Data           2  usart.o(.data)
    rs485_tx_last_sent_len                   0x20000092   Data           2  usart.o(.data)
    rs485_tx_last_failure_reason             0x20000094   Data           1  usart.o(.data)
    rs485_tx_failure_count                   0x20000098   Data           4  usart.o(.data)
    rs485_tx_last_error_expected_len         0x2000009c   Data           2  usart.o(.data)
    rs485_tx_last_error_sent_len             0x2000009e   Data           2  usart.o(.data)
    rs485_tx_last_error_reason               0x200000a0   Data           1  usart.o(.data)
    rs485_tx_last_error_cmd                  0x200000a1   Data           1  usart.o(.data)
    inputData                                0x200000a3   Data           2  shift_register_input.o(.data)
    HC595Data                                0x200000a5   Data           4  shift_register.o(.data)
    pwm_duty                                 0x200000ac   Data           1  protocol.o(.data)
    pwm_duty0                                0x200000ae   Data           2  protocol.o(.data)
    temperature                              0x200000b0   Data           4  protocol.o(.data)
    test_time                                0x200000b4   Data           1  protocol.o(.data)
    motor16_timeout_report                   0x200000b5   Data           2  protocol.o(.data)
    dbg_usart_rx_bytes                       0x200000c0   Data           4  protocol.o(.data)
    dbg_usart_rx_frames                      0x200000c4   Data           4  protocol.o(.data)
    dbg_usart_ore                            0x200000c8   Data           4  protocol.o(.data)
    dbg_usart_fe                             0x200000cc   Data           4  protocol.o(.data)
    dbg_usart_ne                             0x200000d0   Data           4  protocol.o(.data)
    dbg_usart_pe                             0x200000d4   Data           4  protocol.o(.data)
    dbg_parser_bad_head                      0x200000d8   Data           4  protocol.o(.data)
    dbg_parser_bad_tail                      0x200000dc   Data           4  protocol.o(.data)
    dbg_parser_bad_checksum                  0x200000e0   Data           4  protocol.o(.data)
    dbg_frame_queue_overflow                 0x200000e4   Data           4  protocol.o(.data)
    dbg_cmd_queue_overflow                   0x200000e8   Data           4  protocol.o(.data)
    dbg_usart2_tx_frames_begin               0x200000ec   Data           4  protocol.o(.data)
    dbg_usart2_tx_frames_complete            0x200000f0   Data           4  protocol.o(.data)
    dbg_usart2_tx_bytes                      0x200000f4   Data           4  protocol.o(.data)
    dbg_usart2_tx_timeout                    0x200000f8   Data           4  protocol.o(.data)
    dbg_usart2_tx_last_begin_ms              0x200000fc   Data           4  protocol.o(.data)
    dbg_usart2_tx_last_complete_ms           0x20000100   Data           4  protocol.o(.data)
    dbg_usart2_tx_last_timeout_ms            0x20000104   Data           4  protocol.o(.data)
    dbg_usart2_tx_last_cmd                   0x20000108   Data           1  protocol.o(.data)
    dbg_usart2_tx_last_timeout_stage         0x20000109   Data           1  protocol.o(.data)
    dbg_usart2_tx_last_byte_index            0x2000010a   Data           1  protocol.o(.data)
    dbg_usart2_tx_last_timeout_cmd           0x2000010b   Data           1  protocol.o(.data)
    dbg_usart2_tx_last_timeout_source        0x2000010c   Data           1  protocol.o(.data)
    dbg_usart2_tx_current_byte_index         0x2000010d   Data           1  protocol.o(.data)
    dbg_usart2_tx_current_cmd                0x2000010e   Data           1  protocol.o(.data)
    dbg_usart2_tx_current_source             0x2000010f   Data           1  protocol.o(.data)
    dbg_cmd08_request_count                  0x20000110   Data           4  protocol.o(.data)
    dbg_cmd08_reply_attempt_count            0x20000114   Data           4  protocol.o(.data)
    dbg_cmd08_reply_success_count            0x20000118   Data           4  protocol.o(.data)
    dbg_cmd08_reply_failure_count            0x2000011c   Data           4  protocol.o(.data)
    dbg_cmd08_last_reply_failure_reason      0x20000120   Data           1  protocol.o(.data)
    dbg_temperature_report_skipped_count     0x20000124   Data           4  protocol.o(.data)
    dbg_temperature_report_last_skip_reason  0x20000128   Data           1  protocol.o(.data)
    dbg_cmd08_rx_time_ms                     0x2000012c   Data           4  protocol.o(.data)
    dbg_cmd08_handle_time_ms                 0x20000130   Data           4  protocol.o(.data)
    dbg_cmd08_tx_done_time_ms                0x20000134   Data           4  protocol.o(.data)
    dbg_cmd08_max_queue_delay_ms             0x20000138   Data           4  protocol.o(.data)
    dbg_cmd08_max_process_tx_delay_ms        0x2000013c   Data           4  protocol.o(.data)
    dbg_cmd08_max_total_delay_ms             0x20000140   Data           4  protocol.o(.data)
    motors                                   0x2000016c   Data          96  motor_ctrl.o(.data)
    g_single_motor_error_count               0x200001d0   Data           4  single_motor.o(.data)
    g_single_motor_last_error                0x200001d4   Data           1  single_motor.o(.data)
    g_reversible_motor_error_count           0x200001d8   Data           4  reversible_motor.o(.data)
    g_reversible_motor_last_error            0x200001dc   Data           1  reversible_motor.o(.data)
    time                                     0x200001e0   Data           2  time.o(.data)
    z                                        0x200001e2   Data           1  time.o(.data)
    sys_millis                               0x200001e4   Data           4  time.o(.data)
    motor_tick_pending                       0x200001e8   Data           1  time.o(.data)
    handle_step_motor1                       0x200001e9   Data           1  time.o(.data)
    handle_step_motor2                       0x200001ea   Data           1  time.o(.data)
    NVIC_InitStructure                       0x200001eb   Data           4  time.o(.data)
    pwm_counter                              0x200001f0   Data           2  time.o(.data)
    pwm_counter1                             0x200001f2   Data           1  time.o(.data)
    service_flag                             0x200001f3   Data           1  time.o(.data)
    service_flag1                            0x200001f4   Data           1  time.o(.data)
    base_interval                            0x200001f8   Data           4  time.o(.data)
    target_interval                          0x200001fc   Data           4  time.o(.data)
    base_interval3                           0x20000200   Data           2  time.o(.data)
    target_interval3                         0x20000202   Data           2  time.o(.data)
    SystemCoreClock                          0x20000234   Data           4  system_stm32f10x.o(.data)
    AHBPrescTable                            0x20000238   Data          16  system_stm32f10x.o(.data)
    usart1_rx_stats                          0x2000068c   Data          16  usart.o(.bss)
    usart3_rx_stats                          0x2000069c   Data          16  usart.o(.bss)
    rx_buffer                                0x200006ac   Data          10  usart.o(.bss)
    dbg_rx_cmd_count                         0x200006f8   Data        1024  protocol.o(.bss)
    dbg_handle_cmd_count                     0x20000af8   Data        1024  protocol.o(.bss)
    dbg_tx_cmd_count                         0x20000ef8   Data        1024  protocol.o(.bss)
    dbg_tx_ack_enter_count                   0x200012f8   Data        1024  protocol.o(.bss)
    dbg_tx_ack_complete_count                0x200016f8   Data        1024  protocol.o(.bss)
    dbg_tx_event_enter_count                 0x20001af8   Data        1024  protocol.o(.bss)
    dbg_tx_event_complete_count              0x20001ef8   Data        1024  protocol.o(.bss)
    motors1                                  0x2000244c   Data          12  motor_ctrl.o(.bss)
    motors2                                  0x20002458   Data          12  motor_ctrl.o(.bss)
    g_single_motors                          0x20002464   Data         228  single_motor.o(.bss)
    g_reversible_motors                      0x20002548   Data         160  reversible_motor.o(.bss)
    TIM_TimeBaseStructure                    0x200025e8   Data          10  time.o(.bss)
    __libspace_start                         0x20003390   Data          96  libspace.o(.bss)
    __temporary_stack_top$libspace           0x200033f0   Data           0  libspace.o(.bss)



==============================================================================

Memory Map of the image

  Image Entry point : 0x08000131

  Load Region LR_IROM1 (Base: 0x08000000, Size: 0x00007528, Max: 0x00080000, ABSOLUTE, COMPRESSED[0x00007328])

    Execution Region ER_IROM1 (Base: 0x08000000, Size: 0x000072cc, Max: 0x00080000, ABSOLUTE)

    Base Addr    Size         Type   Attr      Idx    E Section Name        Object

    0x08000000   0x00000130   Data   RO         3656    RESET               startup_stm32f10x_hd.o
    0x08000130   0x00000008   Code   RO         3671  * !!!main             c_w.l(__main.o)
    0x08000138   0x00000034   Code   RO         3873    !!!scatter          c_w.l(__scatter.o)
    0x0800016c   0x0000005a   Code   RO         3871    !!dczerorl2         c_w.l(__dczerorl2.o)
    0x080001c6   0x00000002   PAD
    0x080001c8   0x0000001c   Code   RO         3875    !!handler_zi        c_w.l(__scatter_zi.o)
    0x080001e4   0x00000002   Code   RO         3741    .ARM.Collect$$libinit$$00000000  c_w.l(libinit.o)
    0x080001e6   0x00000000   Code   RO         3754    .ARM.Collect$$libinit$$00000002  c_w.l(libinit2.o)
    0x080001e6   0x00000000   Code   RO         3756    .ARM.Collect$$libinit$$00000004  c_w.l(libinit2.o)
    0x080001e6   0x00000000   Code   RO         3759    .ARM.Collect$$libinit$$0000000A  c_w.l(libinit2.o)
    0x080001e6   0x00000000   Code   RO         3761    .ARM.Collect$$libinit$$0000000C  c_w.l(libinit2.o)
    0x080001e6   0x00000000   Code   RO         3763    .ARM.Collect$$libinit$$0000000E  c_w.l(libinit2.o)
    0x080001e6   0x00000000   Code   RO         3766    .ARM.Collect$$libinit$$00000011  c_w.l(libinit2.o)
    0x080001e6   0x00000000   Code   RO         3768    .ARM.Collect$$libinit$$00000013  c_w.l(libinit2.o)
    0x080001e6   0x00000000   Code   RO         3770    .ARM.Collect$$libinit$$00000015  c_w.l(libinit2.o)
    0x080001e6   0x00000000   Code   RO         3772    .ARM.Collect$$libinit$$00000017  c_w.l(libinit2.o)
    0x080001e6   0x00000000   Code   RO         3774    .ARM.Collect$$libinit$$00000019  c_w.l(libinit2.o)
    0x080001e6   0x00000000   Code   RO         3776    .ARM.Collect$$libinit$$0000001B  c_w.l(libinit2.o)
    0x080001e6   0x00000000   Code   RO         3778    .ARM.Collect$$libinit$$0000001D  c_w.l(libinit2.o)
    0x080001e6   0x00000000   Code   RO         3780    .ARM.Collect$$libinit$$0000001F  c_w.l(libinit2.o)
    0x080001e6   0x00000000   Code   RO         3782    .ARM.Collect$$libinit$$00000021  c_w.l(libinit2.o)
    0x080001e6   0x00000000   Code   RO         3784    .ARM.Collect$$libinit$$00000023  c_w.l(libinit2.o)
    0x080001e6   0x00000000   Code   RO         3786    .ARM.Collect$$libinit$$00000025  c_w.l(libinit2.o)
    0x080001e6   0x00000000   Code   RO         3790    .ARM.Collect$$libinit$$0000002C  c_w.l(libinit2.o)
    0x080001e6   0x00000000   Code   RO         3792    .ARM.Collect$$libinit$$0000002E  c_w.l(libinit2.o)
    0x080001e6   0x00000000   Code   RO         3794    .ARM.Collect$$libinit$$00000030  c_w.l(libinit2.o)
    0x080001e6   0x00000000   Code   RO         3796    .ARM.Collect$$libinit$$00000032  c_w.l(libinit2.o)
    0x080001e6   0x00000002   Code   RO         3797    .ARM.Collect$$libinit$$00000033  c_w.l(libinit2.o)
    0x080001e8   0x00000002   Code   RO         3828    .ARM.Collect$$libshutdown$$00000000  c_w.l(libshutdown.o)
    0x080001ea   0x00000000   Code   RO         3854    .ARM.Collect$$libshutdown$$00000002  c_w.l(libshutdown2.o)
    0x080001ea   0x00000000   Code   RO         3856    .ARM.Collect$$libshutdown$$00000004  c_w.l(libshutdown2.o)
    0x080001ea   0x00000000   Code   RO         3859    .ARM.Collect$$libshutdown$$00000007  c_w.l(libshutdown2.o)
    0x080001ea   0x00000000   Code   RO         3862    .ARM.Collect$$libshutdown$$0000000A  c_w.l(libshutdown2.o)
    0x080001ea   0x00000000   Code   RO         3864    .ARM.Collect$$libshutdown$$0000000C  c_w.l(libshutdown2.o)
    0x080001ea   0x00000000   Code   RO         3867    .ARM.Collect$$libshutdown$$0000000F  c_w.l(libshutdown2.o)
    0x080001ea   0x00000002   Code   RO         3868    .ARM.Collect$$libshutdown$$00000010  c_w.l(libshutdown2.o)
    0x080001ec   0x00000000   Code   RO         3699    .ARM.Collect$$rtentry$$00000000  c_w.l(__rtentry.o)
    0x080001ec   0x00000000   Code   RO         3712    .ARM.Collect$$rtentry$$00000002  c_w.l(__rtentry2.o)
    0x080001ec   0x00000006   Code   RO         3724    .ARM.Collect$$rtentry$$00000004  c_w.l(__rtentry4.o)
    0x080001f2   0x00000000   Code   RO         3714    .ARM.Collect$$rtentry$$00000009  c_w.l(__rtentry2.o)
    0x080001f2   0x00000004   Code   RO         3715    .ARM.Collect$$rtentry$$0000000A  c_w.l(__rtentry2.o)
    0x080001f6   0x00000000   Code   RO         3717    .ARM.Collect$$rtentry$$0000000C  c_w.l(__rtentry2.o)
    0x080001f6   0x00000008   Code   RO         3718    .ARM.Collect$$rtentry$$0000000D  c_w.l(__rtentry2.o)
    0x080001fe   0x00000002   Code   RO         3745    .ARM.Collect$$rtexit$$00000000  c_w.l(rtexit.o)
    0x08000200   0x00000000   Code   RO         3801    .ARM.Collect$$rtexit$$00000002  c_w.l(rtexit2.o)
    0x08000200   0x00000004   Code   RO         3802    .ARM.Collect$$rtexit$$00000003  c_w.l(rtexit2.o)
    0x08000204   0x00000006   Code   RO         3803    .ARM.Collect$$rtexit$$00000004  c_w.l(rtexit2.o)
    0x0800020a   0x00000002   PAD
    0x0800020c   0x00000040   Code   RO         3657    .text               startup_stm32f10x_hd.o
    0x0800024c   0x000000ee   Code   RO         3663    .text               c_w.l(lludivv7m.o)
    0x0800033a   0x0000008a   Code   RO         3665    .text               c_w.l(rt_memcpy_v6.o)
    0x080003c4   0x00000064   Code   RO         3667    .text               c_w.l(rt_memcpy_w.o)
    0x08000428   0x00000006   Code   RO         3669    .text               c_w.l(heapauxi.o)
    0x0800042e   0x0000004a   Code   RO         3728    .text               c_w.l(sys_stackheap_outer.o)
    0x08000478   0x00000012   Code   RO         3730    .text               c_w.l(exit.o)
    0x0800048a   0x00000002   PAD
    0x0800048c   0x00000008   Code   RO         3742    .text               c_w.l(libspace.o)
    0x08000494   0x0000000c   Code   RO         3798    .text               c_w.l(sys_exit.o)
    0x080004a0   0x00000002   Code   RO         3817    .text               c_w.l(use_no_semi.o)
    0x080004a2   0x00000000   Code   RO         3819    .text               c_w.l(indicate_semi.o)
    0x080004a2   0x00000004   Code   RO          278    i.BusFault_Handler  stm32f10x_it.o
    0x080004a6   0x00000002   PAD
    0x080004a8   0x0000028c   Code   RO         1669    i.DMA2_Channel2_IRQHandler  step_dma.o
    0x08000734   0x00000198   Code   RO         1670    i.DMA2_Channel3_IRQHandler  step_dma.o
    0x080008cc   0x00000094   Code   RO         1671    i.DMA2_Channel4_5_IRQHandler  step_dma.o
    0x08000960   0x0000001c   Code   RO         3035    i.DMA_ClearITPendingBit  stm32f10x_dma.o
    0x0800097c   0x00000018   Code   RO         3036    i.DMA_Cmd           stm32f10x_dma.o
    0x08000994   0x0000014c   Code   RO         3037    i.DMA_DeInit        stm32f10x_dma.o
    0x08000ae0   0x0000002c   Code   RO         3040    i.DMA_GetITStatus   stm32f10x_dma.o
    0x08000b0c   0x00000012   Code   RO         3041    i.DMA_ITConfig      stm32f10x_dma.o
    0x08000b1e   0x0000003c   Code   RO         3042    i.DMA_Init          stm32f10x_dma.o
    0x08000b5a   0x00000002   Code   RO          279    i.DebugMon_Handler  stm32f10x_it.o
    0x08000b5c   0x00000044   Code   RO          105    i.Delay_Init        delay.o
    0x08000ba0   0x0000003c   Code   RO          107    i.Delay_us          delay.o
    0x08000bdc   0x00000038   Code   RO         1107    i.GPIO_Config       pwm.o
    0x08000c14   0x00000116   Code   RO         2402    i.GPIO_Init         stm32f10x_gpio.o
    0x08000d2a   0x00000002   PAD
    0x08000d2c   0x00000090   Code   RO         2404    i.GPIO_PinRemapConfig  stm32f10x_gpio.o
    0x08000dbc   0x00000004   Code   RO         2409    i.GPIO_ResetBits    stm32f10x_gpio.o
    0x08000dc0   0x00000004   Code   RO         2410    i.GPIO_SetBits      stm32f10x_gpio.o
    0x08000dc4   0x00000004   Code   RO          280    i.HardFault_Handler  stm32f10x_it.o
    0x08000dc8   0x00000090   Code   RO         1567    i.MAX31855_Init     max31855.o
    0x08000e58   0x0000001c   Code   RO          151    i.Main_DebugBeginStage  main.o
    0x08000e74   0x00000040   Code   RO          152    i.Main_DebugEndStage  main.o
    0x08000eb4   0x00000004   Code   RO          281    i.MemManage_Handler  stm32f10x_it.o
    0x08000eb8   0x000000bc   Code   RO         1275    i.Motor_InitAll     motor_ctrl.o
    0x08000f74   0x00000002   Code   RO          282    i.NMI_Handler       stm32f10x_it.o
    0x08000f76   0x00000002   PAD
    0x08000f78   0x00000070   Code   RO         2360    i.NVIC_Init         misc.o
    0x08000fe8   0x00000014   Code   RO         2361    i.NVIC_PriorityGroupConfig  misc.o
    0x08000ffc   0x00000068   Code   RO         1672    i.PU3_LoadChunk     step_dma.o
    0x08001064   0x0000002c   Code   RO         1673    i.PU3_SetDirection  step_dma.o
    0x08001090   0x00000060   Code   RO         1674    i.PU3_SetEdgeFrequency  step_dma.o
    0x080010f0   0x0000000c   Code   RO         1675    i.PU3_Stepper_GetCompletedSteps  step_dma.o
    0x080010fc   0x0000000c   Code   RO         1676    i.PU3_Stepper_GetRemainingSteps  step_dma.o
    0x08001108   0x00000110   Code   RO         1677    i.PU3_Stepper_Init  step_dma.o
    0x08001218   0x0000000c   Code   RO         1678    i.PU3_Stepper_IsRunning  step_dma.o
    0x08001224   0x00000098   Code   RO         1679    i.PU3_Stepper_Start  step_dma.o
    0x080012bc   0x00000048   Code   RO         1680    i.PU3_Stepper_Stop  step_dma.o
    0x08001304   0x00000002   Code   RO          283    i.PendSV_Handler    stm32f10x_it.o
    0x08001306   0x00000046   Code   RO          869    i.ProtocolV2_CalculateCrc  protocol_v2.o
    0x0800134c   0x00000014   Code   RO          870    i.ProtocolV2_ClearBytes  protocol_v2.o
    0x08001360   0x00000016   Code   RO          871    i.ProtocolV2_CopyBytes  protocol_v2.o
    0x08001376   0x00000064   Code   RO          872    i.ProtocolV2_Decode  protocol_v2.o
    0x080013da   0x00000048   Code   RO          873    i.ProtocolV2_Encode  protocol_v2.o
    0x08001422   0x00000002   PAD
    0x08001424   0x00000050   Code   RO          875    i.ProtocolV2_Init   protocol_v2.o
    0x08001474   0x0000007c   Code   RO          876    i.ProtocolV2_InputByte  protocol_v2.o
    0x080014f0   0x00000034   Code   RO          877    i.ProtocolV2_IsV1Valid  protocol_v2.o
    0x08001524   0x00000084   Code   RO          879    i.ProtocolV2_ProcessCandidate  protocol_v2.o
    0x080015a8   0x00000064   Code   RO          880    i.ProtocolV2_QueueV1  protocol_v2.o
    0x0800160c   0x00000064   Code   RO          881    i.ProtocolV2_QueueV2  protocol_v2.o
    0x08001670   0x0000000c   Code   RO          882    i.ProtocolV2_ReadI32LE  protocol_v2.o
    0x0800167c   0x0000000c   Code   RO          883    i.ProtocolV2_ReadU16LE  protocol_v2.o
    0x08001688   0x00000018   Code   RO          884    i.ProtocolV2_ReadU32LE  protocol_v2.o
    0x080016a0   0x0000006c   Code   RO          885    i.ProtocolV2_ResyncCandidate  protocol_v2.o
    0x0800170c   0x00000050   Code   RO          886    i.ProtocolV2_TakeFrame  protocol_v2.o
    0x0800175c   0x00000050   Code   RO          887    i.ProtocolV2_TakeV1Frame  protocol_v2.o
    0x080017ac   0x00000010   Code   RO          888    i.ProtocolV2_WriteI32LE  protocol_v2.o
    0x080017bc   0x00000008   Code   RO          889    i.ProtocolV2_WriteU16LE  protocol_v2.o
    0x080017c4   0x00000010   Code   RO          890    i.ProtocolV2_WriteU32LE  protocol_v2.o
    0x080017d4   0x00000070   Code   RO          655    i.Protocol_CheckPb10StopSensor  protocol.o
    0x08001844   0x00000060   Code   RO          656    i.Protocol_ConfigurePb10StopSensor  protocol.o
    0x080018a4   0x0000002c   Code   RO          657    i.Protocol_DisablePb10StopSensor  protocol.o
    0x080018d0   0x0000000e   Code   RO          658    i.Protocol_GetReversibleMotorStateForResponse  protocol.o
    0x080018de   0x00000002   PAD
    0x080018e0   0x00000024   Code   RO          659    i.Protocol_InitTxDiagnostics  protocol.o
    0x08001904   0x0000001c   Code   RO          660    i.Protocol_IsAllZero  protocol.o
    0x08001920   0x00000078   Code   RO          661    i.Protocol_QueueCommand  protocol.o
    0x08001998   0x00000070   Code   RO          662    i.Protocol_RecordUsart2TxTimeout  protocol.o
    0x08001a08   0x00000040   Code   RO          663    i.Protocol_ResetUsart2TxTimeoutEvidence  protocol.o
    0x08001a48   0x000000a4   Code   RO          664    i.Protocol_SendCmd08Reply  protocol.o
    0x08001aec   0x00000028   Code   RO          665    i.Protocol_SendReversibleMotorResult  protocol.o
    0x08001b14   0x00000028   Code   RO          666    i.Protocol_SendSingleMotorResult  protocol.o
    0x08001b3c   0x00000032   Code   RO          667    i.Protocol_SendSingleMotorTimedResult  protocol.o
    0x08001b6e   0x00000002   PAD
    0x08001b70   0x0000006c   Code   RO          668    i.Protocol_TakeCommand  protocol.o
    0x08001bdc   0x00000020   Code   RO         2511    i.RCC_AHBPeriphClockCmd  stm32f10x_rcc.o
    0x08001bfc   0x00000020   Code   RO         2512    i.RCC_APB1PeriphClockCmd  stm32f10x_rcc.o
    0x08001c1c   0x00000020   Code   RO         2514    i.RCC_APB2PeriphClockCmd  stm32f10x_rcc.o
    0x08001c3c   0x0000004c   Code   RO         2521    i.RCC_DeInit        stm32f10x_rcc.o
    0x08001c88   0x000000d4   Code   RO         2522    i.RCC_GetClocksFreq  stm32f10x_rcc.o
    0x08001d5c   0x0000003c   Code   RO         2523    i.RCC_GetFlagStatus  stm32f10x_rcc.o
    0x08001d98   0x00000010   Code   RO         2525    i.RCC_GetSYSCLKSource  stm32f10x_rcc.o
    0x08001da8   0x00000018   Code   RO         2526    i.RCC_HCLKConfig    stm32f10x_rcc.o
    0x08001dc0   0x0000004c   Code   RO         2527    i.RCC_HSEConfig     stm32f10x_rcc.o
    0x08001e0c   0x00000034   Code   RO         2530    i.RCC_LSEConfig     stm32f10x_rcc.o
    0x08001e40   0x00000018   Code   RO         2533    i.RCC_PCLK1Config   stm32f10x_rcc.o
    0x08001e58   0x00000018   Code   RO         2534    i.RCC_PCLK2Config   stm32f10x_rcc.o
    0x08001e70   0x0000000c   Code   RO         2535    i.RCC_PLLCmd        stm32f10x_rcc.o
    0x08001e7c   0x0000001c   Code   RO         2536    i.RCC_PLLConfig     stm32f10x_rcc.o
    0x08001e98   0x00000018   Code   RO         2539    i.RCC_SYSCLKConfig  stm32f10x_rcc.o
    0x08001eb0   0x00000038   Code   RO         2541    i.RCC_WaitForHSEStartUp  stm32f10x_rcc.o
    0x08001ee8   0x00000034   Code   RO          342    i.RS485_SetReceive  usart.o
    0x08001f1c   0x00000034   Code   RO          343    i.RS485_SetTransmit  usart.o
    0x08001f50   0x0000001e   Code   RO         1391    i.ReversibleMotor_ClearTask  reversible_motor.o
    0x08001f6e   0x00000002   PAD
    0x08001f70   0x000000a8   Code   RO         1392    i.ReversibleMotor_ConfigureStart  reversible_motor.o
    0x08002018   0x00000014   Code   RO         1393    i.ReversibleMotor_GetHardware  reversible_motor.o
    0x0800202c   0x00000012   Code   RO         1394    i.ReversibleMotor_GetRunMode  reversible_motor.o
    0x0800203e   0x0000002a   Code   RO         1395    i.ReversibleMotor_HardwareEnable  reversible_motor.o
    0x08002068   0x00000098   Code   RO         1396    i.ReversibleMotor_HardwareSetDirection  reversible_motor.o
    0x08002100   0x00000016   Code   RO         1397    i.ReversibleMotor_HardwareStop  reversible_motor.o
    0x08002116   0x00000042   Code   RO         1398    i.ReversibleMotor_Immediate  reversible_motor.o
    0x08002158   0x00000038   Code   RO         1399    i.ReversibleMotor_Init  reversible_motor.o
    0x08002190   0x00000084   Code   RO         1400    i.ReversibleMotor_InitGpioHardware  reversible_motor.o
    0x08002214   0x00000012   Code   RO         1401    i.ReversibleMotor_IsDirection  reversible_motor.o
    0x08002226   0x00000002   PAD
    0x08002228   0x00000044   Code   RO         1402    i.ReversibleMotor_IsSensorTriggered  reversible_motor.o
    0x0800226c   0x00000010   Code   RO         1403    i.ReversibleMotor_IsValidId  reversible_motor.o
    0x0800227c   0x00000018   Code   RO         1404    i.ReversibleMotor_RecordError  reversible_motor.o
    0x08002294   0x00000032   Code   RO         1406    i.ReversibleMotor_StartSensorTimed  reversible_motor.o
    0x080022c6   0x00000022   Code   RO         1407    i.ReversibleMotor_StartTimed  reversible_motor.o
    0x080022e8   0x00000028   Code   RO         1408    i.ReversibleMotor_Stop  reversible_motor.o
    0x08002310   0x000000c0   Code   RO         1409    i.ReversibleMotor_Task  reversible_motor.o
    0x080023d0   0x0000000c   Code   RO          523    i.RingBuffer_Init   ringbuffer.o
    0x080023dc   0x00000032   Code   RO          524    i.RingBuffer_ReadByte  ringbuffer.o
    0x0800240e   0x00000036   Code   RO          525    i.RingBuffer_WriteByte  ringbuffer.o
    0x08002444   0x00000026   Code   RO         2247    i.RobotArmDriver_GetCompletedSteps  robot_arm_driver.o
    0x0800246a   0x00000026   Code   RO         2248    i.RobotArmDriver_GetRemainingSteps  robot_arm_driver.o
    0x08002490   0x00000026   Code   RO         2249    i.RobotArmDriver_IsBusy  robot_arm_driver.o
    0x080024b6   0x00000002   PAD
    0x080024b8   0x00000030   Code   RO         2250    i.RobotArmDriver_SetPb11Direction  robot_arm_driver.o
    0x080024e8   0x000000ac   Code   RO         2251    i.RobotArmDriver_Start  robot_arm_driver.o
    0x08002594   0x00000028   Code   RO         2252    i.RobotArmDriver_Stop  robot_arm_driver.o
    0x080025bc   0x0000001c   Code   RO         1003    i.RobotArmProtocol_BindActive  robot_arm_protocol.o
    0x080025d8   0x00000034   Code   RO         1004    i.RobotArmProtocol_CanAcceptRequest  robot_arm_protocol.o
    0x0800260c   0x00000014   Code   RO         1005    i.RobotArmProtocol_ClearData  robot_arm_protocol.o
    0x08002620   0x0000002e   Code   RO         1006    i.RobotArmProtocol_EventFromReason  robot_arm_protocol.o
    0x0800264e   0x00000002   PAD
    0x08002650   0x00000084   Code   RO         1007    i.RobotArmProtocol_FlushTx  robot_arm_protocol.o
    0x080026d4   0x000001f0   Code   RO         1009    i.RobotArmProtocol_HandleFrame  robot_arm_protocol.o
    0x080028c4   0x00000088   Code   RO         1010    i.RobotArmProtocol_Init  robot_arm_protocol.o
    0x0800294c   0x00000012   Code   RO         1011    i.RobotArmProtocol_IsHomeCommand  robot_arm_protocol.o
    0x0800295e   0x00000036   Code   RO         1012    i.RobotArmProtocol_MoveAxisAbsolute  robot_arm_protocol.o
    0x08002994   0x00000036   Code   RO         1013    i.RobotArmProtocol_MoveAxisRelative  robot_arm_protocol.o
    0x080029ca   0x00000002   PAD
    0x080029cc   0x00000050   Code   RO         1014    i.RobotArmProtocol_ProduceTerminal  robot_arm_protocol.o
    0x08002a1c   0x000000dc   Code   RO         1015    i.RobotArmProtocol_Queue  robot_arm_protocol.o
    0x08002af8   0x00000028   Code   RO         1016    i.RobotArmProtocol_RetryActiveAck  robot_arm_protocol.o
    0x08002b20   0x00000028   Code   RO         1017    i.RobotArmProtocol_RetryStopAck  robot_arm_protocol.o
    0x08002b48   0x0000003c   Code   RO         1018    i.RobotArmProtocol_SendAck  robot_arm_protocol.o
    0x08002b84   0x000001ec   Code   RO         1019    i.RobotArmProtocol_SendStatus  robot_arm_protocol.o
    0x08002d70   0x00000088   Code   RO         1020    i.RobotArmProtocol_Task  robot_arm_protocol.o
    0x08002df8   0x0000000c   Code   RO         2288    i.RobotArmSensor_IsReady  robot_arm_sensor.o
    0x08002e04   0x0000004c   Code   RO         2289    i.RobotArmSensor_IsTriggered  robot_arm_sensor.o
    0x08002e50   0x0000002c   Code   RO         2290    i.RobotArmSensor_UpdateSnapshot  robot_arm_sensor.o
    0x08002e7c   0x0000005c   Code   RO         1918    i.RobotArm_BeginHomeAxis  robot_arm.o
    0x08002ed8   0x0000006c   Code   RO         1919    i.RobotArm_CalculateMoveTimeout  robot_arm.o
    0x08002f44   0x00000030   Code   RO         1920    i.RobotArm_CheckAxisTarget  robot_arm.o
    0x08002f74   0x00000006   Code   RO         1921    i.RobotArm_CheckPoseSafety  robot_arm.o
    0x08002f7a   0x0000003e   Code   RO         1922    i.RobotArm_CheckTargetDirection  robot_arm.o
    0x08002fb8   0x00000018   Code   RO         1923    i.RobotArm_CheckTransitionSafety  robot_arm.o
    0x08002fd0   0x00000058   Code   RO         1924    i.RobotArm_ClearError  robot_arm.o
    0x08003028   0x0000009c   Code   RO         1925    i.RobotArm_CompleteHomeAxis  robot_arm.o
    0x080030c4   0x000000a8   Code   RO         1926    i.RobotArm_FailAxisMove  robot_arm.o
    0x0800316c   0x00000070   Code   RO         1927    i.RobotArm_FailCombinedMoveStart  robot_arm.o
    0x080031dc   0x00000068   Code   RO         1928    i.RobotArm_FailHome  robot_arm.o
    0x08003244   0x00000020   Code   RO         1929    i.RobotArm_GetAxis  robot_arm.o
    0x08003264   0x00000016   Code   RO         1930    i.RobotArm_GetAxisState  robot_arm.o
    0x0800327a   0x00000002   PAD
    0x0800327c   0x0000000c   Code   RO         1931    i.RobotArm_GetHomeDirection  robot_arm.o
    0x08003288   0x00000010   Code   RO         1932    i.RobotArm_GetHomeMaxSteps  robot_arm.o
    0x08003298   0x00000010   Code   RO         1933    i.RobotArm_GetHomeOffset  robot_arm.o
    0x080032a8   0x00000006   Code   RO         1934    i.RobotArm_GetHomeSensor  robot_arm.o
    0x080032ae   0x00000002   PAD
    0x080032b0   0x00000010   Code   RO         1935    i.RobotArm_GetHomeTimeout  robot_arm.o
    0x080032c0   0x000000fc   Code   RO         1938    i.RobotArm_GetStatus  robot_arm.o
    0x080033bc   0x0000000c   Code   RO         1939    i.RobotArm_GetX     robot_arm.o
    0x080033c8   0x0000000c   Code   RO         1940    i.RobotArm_GetY     robot_arm.o
    0x080033d4   0x0000000c   Code   RO         1941    i.RobotArm_GetZ     robot_arm.o
    0x080033e0   0x0000007c   Code   RO         1942    i.RobotArm_Home     robot_arm.o
    0x0800345c   0x00000048   Code   RO         1943    i.RobotArm_HomeAxis  robot_arm.o
    0x080034a4   0x000000e4   Code   RO         1944    i.RobotArm_Init     robot_arm.o
    0x08003588   0x00000026   Code   RO         1945    i.RobotArm_InvalidatePosition  robot_arm.o
    0x080035ae   0x00000002   PAD
    0x080035b0   0x0000000c   Code   RO         1946    i.RobotArm_IsAxisLimitEnabled  robot_arm.o
    0x080035bc   0x00000030   Code   RO         1947    i.RobotArm_IsBusy   robot_arm.o
    0x080035ec   0x00000034   Code   RO         1948    i.RobotArm_IsDirectionBlocked  robot_arm.o
    0x08003620   0x0000000c   Code   RO         1949    i.RobotArm_IsHomeEnabled  robot_arm.o
    0x0800362c   0x00000016   Code   RO         1950    i.RobotArm_IsHomed  robot_arm.o
    0x08003642   0x00000016   Code   RO         1951    i.RobotArm_IsPositionValid  robot_arm.o
    0x08003658   0x000001a0   Code   RO         1952    i.RobotArm_MoveTo   robot_arm.o
    0x080037f8   0x000000e8   Code   RO         1953    i.RobotArm_MoveToSafe  robot_arm.o
    0x080038e0   0x00000012   Code   RO         1954    i.RobotArm_MoveX    robot_arm.o
    0x080038f2   0x00000012   Code   RO         1955    i.RobotArm_MoveXRelative  robot_arm.o
    0x08003904   0x00000012   Code   RO         1956    i.RobotArm_MoveY    robot_arm.o
    0x08003916   0x00000012   Code   RO         1957    i.RobotArm_MoveYRelative  robot_arm.o
    0x08003928   0x00000012   Code   RO         1958    i.RobotArm_MoveZ    robot_arm.o
    0x0800393a   0x00000012   Code   RO         1959    i.RobotArm_MoveZRelative  robot_arm.o
    0x0800394c   0x0000009c   Code   RO         1960    i.RobotArm_ProcessAxisMove  robot_arm.o
    0x080039e8   0x00000030   Code   RO         1961    i.RobotArm_ResetCombinedStates  robot_arm.o
    0x08003a18   0x00000054   Code   RO         1962    i.RobotArm_ResetMoveDebug  robot_arm.o
    0x08003a6c   0x0000002e   Code   RO         1963    i.RobotArm_ResultFromEndReason  robot_arm.o
    0x08003a9a   0x00000002   PAD
    0x08003a9c   0x00000130   Code   RO         1964    i.RobotArm_StartAxisMoveInternal  robot_arm.o
    0x08003bcc   0x0000003c   Code   RO         1965    i.RobotArm_StartHomeDriver  robot_arm.o
    0x08003c08   0x0000006c   Code   RO         1966    i.RobotArm_StartSingleAbsolute  robot_arm.o
    0x08003c74   0x00000098   Code   RO         1967    i.RobotArm_StartSingleRelative  robot_arm.o
    0x08003d0c   0x000000a4   Code   RO         1968    i.RobotArm_Stop     robot_arm.o
    0x08003db0   0x00000090   Code   RO         1969    i.RobotArm_Task     robot_arm.o
    0x08003e40   0x0000024c   Code   RO         1970    i.RobotArm_TaskHome  robot_arm.o
    0x0800408c   0x000001b8   Code   RO         1971    i.RobotArm_TaskMoveTo  robot_arm.o
    0x08004244   0x00000278   Code   RO         1972    i.RobotArm_TaskSafeMove  robot_arm.o
    0x080044bc   0x000000f4   Code   RO         1973    i.RobotArm_TryCompleteMoveTo  robot_arm.o
    0x080045b0   0x00000022   Code   RO         1974    i.RobotArm_ValidateHomeConfig  robot_arm.o
    0x080045d2   0x0000000e   Code   RO         1975    i.RobotArm_ValidateSafeMoveConfig  robot_arm.o
    0x080045e0   0x000000dc   Code   RO          618    i.SPI1_InitOnce     spi_helper.o
    0x080046bc   0x00000018   Code   RO         2895    i.SPI_Cmd           stm32f10x_spi.o
    0x080046d4   0x00000078   Code   RO          619    i.SPI_GPIO_Init     spi_helper.o
    0x0800474c   0x00000012   Code   RO         2903    i.SPI_I2S_GetFlagStatus  stm32f10x_spi.o
    0x0800475e   0x00000006   Code   RO         2906    i.SPI_I2S_ReceiveData  stm32f10x_spi.o
    0x08004764   0x00000004   Code   RO         2907    i.SPI_I2S_SendData  stm32f10x_spi.o
    0x08004768   0x0000003c   Code   RO         2908    i.SPI_Init          stm32f10x_spi.o
    0x080047a4   0x0000001e   Code   RO         2909    i.SPI_NSSInternalSoftwareConfig  stm32f10x_spi.o
    0x080047c2   0x00000002   Code   RO          284    i.SVC_Handler       stm32f10x_it.o
    0x080047c4   0x00000008   Code   RO         2326    i.SetSysClock       system_stm32f10x.o
    0x080047cc   0x000000e0   Code   RO         2327    i.SetSysClockTo72   system_stm32f10x.o
    0x080048ac   0x0000002c   Code   RO          557    i.ShiftRegisterInput_Init  shift_register_input.o
    0x080048d8   0x00000078   Code   RO          558    i.ShiftRegisterInput_ReadAll  shift_register_input.o
    0x08004950   0x0000002c   Code   RO          587    i.ShiftRegister_Init  shift_register.o
    0x0800497c   0x00000060   Code   RO          589    i.ShiftRegister_WriteAll  shift_register.o
    0x080049dc   0x00000010   Code   RO         1309    i.SingleMotor_ClearTask  single_motor.o
    0x080049ec   0x00000040   Code   RO         1310    i.SingleMotor_GetRunningBitmap  single_motor.o
    0x08004a2c   0x00000044   Code   RO         1311    i.SingleMotor_Immediate  single_motor.o
    0x08004a70   0x00000024   Code   RO         1312    i.SingleMotor_Init  single_motor.o
    0x08004a94   0x0000003c   Code   RO         1313    i.SingleMotor_IsSensorTriggered  single_motor.o
    0x08004ad0   0x00000010   Code   RO         1314    i.SingleMotor_IsValidId  single_motor.o
    0x08004ae0   0x00000018   Code   RO         1315    i.SingleMotor_RecordError  single_motor.o
    0x08004af8   0x0000005c   Code   RO         1316    i.SingleMotor_Set   single_motor.o
    0x08004b54   0x00000064   Code   RO         1317    i.SingleMotor_StartSensorTimed  single_motor.o
    0x08004bb8   0x0000003c   Code   RO         1318    i.SingleMotor_StartTimed  single_motor.o
    0x08004bf4   0x00000028   Code   RO         1319    i.SingleMotor_Stop  single_motor.o
    0x08004c1c   0x00000090   Code   RO         1320    i.SingleMotor_Task  single_motor.o
    0x08004cac   0x0000000c   Code   RO         1681    i.Stepper2_GetCompletedSteps  step_dma.o
    0x08004cb8   0x0000000c   Code   RO         1682    i.Stepper2_GetRemainingSteps  step_dma.o
    0x08004cc4   0x00000010   Code   RO         1683    i.Stepper2_Init     step_dma.o
    0x08004cd4   0x00000008   Code   RO         1684    i.Stepper2_IsBusy   step_dma.o
    0x08004cdc   0x00000038   Code   RO         1685    i.Stepper2_SetDirection  step_dma.o
    0x08004d14   0x00000048   Code   RO         1686    i.Stepper2_Start    step_dma.o
    0x08004d5c   0x00000008   Code   RO         1687    i.Stepper2_Stop     step_dma.o
    0x08004d64   0x00000028   Code   RO         2364    i.SysTick_CLKSourceConfig  misc.o
    0x08004d8c   0x00000002   Code   RO          285    i.SysTick_Handler   stm32f10x_it.o
    0x08004d8e   0x00000062   Code   RO            1    i.SystemClock_Config  clock.o
    0x08004df0   0x00000060   Code   RO         2329    i.SystemInit        system_stm32f10x.o
    0x08004e50   0x000000cc   Code   RO         1130    i.TIM1_PWM_CH2N_Config  pwm.o
    0x08004f1c   0x00000048   Code   RO         1508    i.TIM2_IRQHandler   time.o
    0x08004f64   0x00000058   Code   RO         1509    i.TIM3_10us_Init    time.o
    0x08004fbc   0x00000034   Code   RO         1510    i.TIM3_IRQHandler   time.o
    0x08004ff0   0x00000058   Code   RO         1511    i.TIM4_10us_Init    time.o
    0x08005048   0x0000001c   Code   RO         1512    i.TIM4_IRQHandler   time.o
    0x08005064   0x00000018   Code   RO         3110    i.TIM_ARRPreloadConfig  stm32f10x_tim.o
    0x0800507c   0x00000020   Code   RO         3111    i.TIM_BDTRConfig    stm32f10x_tim.o
    0x0800509c   0x00000012   Code   RO         3112    i.TIM_BDTRStructInit  stm32f10x_tim.o
    0x080050ae   0x00000006   Code   RO         3116    i.TIM_ClearFlag     stm32f10x_tim.o
    0x080050b4   0x00000006   Code   RO         3117    i.TIM_ClearITPendingBit  stm32f10x_tim.o
    0x080050ba   0x00000018   Code   RO         3122    i.TIM_Cmd           stm32f10x_tim.o
    0x080050d2   0x0000001e   Code   RO         3124    i.TIM_CtrlPWMOutputs  stm32f10x_tim.o
    0x080050f0   0x00000012   Code   RO         3125    i.TIM_DMACmd        stm32f10x_tim.o
    0x08005102   0x00000004   Code   RO         3136    i.TIM_GenerateEvent  stm32f10x_tim.o
    0x08005106   0x00000022   Code   RO         3143    i.TIM_GetITStatus   stm32f10x_tim.o
    0x08005128   0x00000012   Code   RO         3147    i.TIM_ITConfig      stm32f10x_tim.o
    0x0800513a   0x00000002   PAD
    0x0800513c   0x000000a4   Code   RO         3156    i.TIM_OC2Init       stm32f10x_tim.o
    0x080051e0   0x0000001a   Code   RO         3159    i.TIM_OC2PreloadConfig  stm32f10x_tim.o
    0x080051fa   0x00000014   Code   RO         3169    i.TIM_OCStructInit  stm32f10x_tim.o
    0x0800520e   0x00000006   Code   RO         3171    i.TIM_PrescalerConfig  stm32f10x_tim.o
    0x08005214   0x00000004   Code   RO         3181    i.TIM_SetAutoreload  stm32f10x_tim.o
    0x08005218   0x00000004   Code   RO         3187    i.TIM_SetCounter    stm32f10x_tim.o
    0x0800521c   0x000000a4   Code   RO         3193    i.TIM_TimeBaseInit  stm32f10x_tim.o
    0x080052c0   0x00000012   Code   RO         3194    i.TIM_TimeBaseStructInit  stm32f10x_tim.o
    0x080052d2   0x00000002   PAD
    0x080052d4   0x00000060   Code   RO         1513    i.Timer2_Init       time.o
    0x08005334   0x00000014   Code   RO          344    i.UART1GetByte      usart.o
    0x08005348   0x000000bc   Code   RO          347    i.USART1_IRQHandler  usart.o
    0x08005404   0x000001f0   Code   RO          348    i.USART1_Init       usart.o
    0x080055f4   0x00000028   Code   RO          353    i.USART1_RecordMaxWait  usart.o
    0x0800561c   0x00000050   Code   RO          354    i.USART1_RecordTxFailure  usart.o
    0x0800566c   0x0000001c   Code   RO          355    i.USART1_ReleaseTx  usart.o
    0x08005688   0x0000001c   Code   RO          356    i.USART1_SetTxDiagnosticCommand  usart.o
    0x080056a4   0x00000028   Code   RO          358    i.USART1_TryAcquireTx  usart.o
    0x080056cc   0x00000090   Code   RO          359    i.USART2_IRQHandler  usart.o
    0x0800575c   0x0000001c   Code   RO          360    i.USART3_IRQHandler  usart.o
    0x08005778   0x0000002c   Code   RO          361    i.USART3_Process    usart.o
    0x080057a4   0x00000018   Code   RO         2714    i.USART_Cmd         stm32f10x_usart.o
    0x080057bc   0x0000001a   Code   RO         2717    i.USART_GetFlagStatus  stm32f10x_usart.o
    0x080057d6   0x0000004a   Code   RO         2720    i.USART_ITConfig    stm32f10x_usart.o
    0x08005820   0x000000d8   Code   RO         2721    i.USART_Init        stm32f10x_usart.o
    0x080058f8   0x00000034   Code   RO          362    i.USART_IsProtocolFrameValid  usart.o
    0x0800592c   0x0000008c   Code   RO          363    i.USART_ProcessProtocolByte  usart.o
    0x080059b8   0x0000000c   Code   RO          364    i.USART_ResetRxStats  usart.o
    0x080059c4   0x00000040   Code   RO          365    i.USART_RxIrqHandler  usart.o
    0x08005a04   0x00000260   Code   RO          366    i.USART_SendBuffer  usart.o
    0x08005c64   0x00000008   Code   RO         2731    i.USART_SendData    stm32f10x_usart.o
    0x08005c6c   0x00000004   Code   RO          286    i.UsageFault_Handler  stm32f10x_it.o
    0x08005c70   0x00000006   Code   RO          369    i.__get_PRIMASK     usart.o
    0x08005c76   0x0000001e   Code   RO          109    i.delay_us          delay.o
    0x08005c94   0x00000058   Code   RO         1688    i.dma10_start_edges  step_dma.o
    0x08005cec   0x00000058   Code   RO         1689    i.dma_start_edges   step_dma.o
    0x08005d44   0x0000002c   Code   RO         1690    i.fill_dma_buf      step_dma.o
    0x08005d70   0x0000002c   Code   RO         1691    i.fill_dma_buf10    step_dma.o
    0x08005d9c   0x00000534   Code   RO          676    i.handle_command    protocol.o
    0x080062d0   0x0000008a   Code   RO         1692    i.isqrt_u64         step_dma.o
    0x0800635a   0x00000002   PAD
    0x0800635c   0x00000148   Code   RO          153    i.main              main.o
    0x080064a4   0x0000000c   Code   RO         1514    i.millis            time.o
    0x080064b0   0x000000ac   Code   RO          678    i.parse_frame       protocol.o
    0x0800655c   0x0000000a   Code   RO          680    i.send_165Data      protocol.o
    0x08006566   0x00000002   PAD
    0x08006568   0x0000002c   Code   RO          681    i.send_165DataSource  protocol.o
    0x08006594   0x00000012   Code   RO          682    i.send_frame        protocol.o
    0x080065a6   0x00000002   PAD
    0x080065a8   0x00000158   Code   RO          685    i.send_frame_internal  protocol.o
    0x08006700   0x00000144   Code   RO         1693    i.stepdma_pb10_init  step_dma.o
    0x08006844   0x0000000c   Code   RO         1694    i.stepdma_pb10_is_running  step_dma.o
    0x08006850   0x00000160   Code   RO         1696    i.stepdma_pb10_move_trap  step_dma.o
    0x080069b0   0x00000060   Code   RO         1697    i.stepdma_pb10_request_trap  step_dma.o
    0x08006a10   0x00000054   Code   RO         1698    i.stepdma_pb10_stop  step_dma.o
    0x08006a64   0x0000000c   Code   RO         1699    i.stepdma_pb11_get_completed_steps  step_dma.o
    0x08006a70   0x00000020   Code   RO         1700    i.stepdma_pb11_get_remaining_steps  step_dma.o
    0x08006a90   0x00000120   Code   RO         1701    i.stepdma_pb11_init  step_dma.o
    0x08006bb0   0x0000000c   Code   RO         1702    i.stepdma_pb11_is_running  step_dma.o
    0x08006bbc   0x0000013c   Code   RO         1704    i.stepdma_pb11_move_trap  step_dma.o
    0x08006cf8   0x00000040   Code   RO         1705    i.stepdma_pb11_request_trap  step_dma.o
    0x08006d38   0x00000044   Code   RO         1706    i.stepdma_pb11_stop  step_dma.o
    0x08006d7c   0x00000010   Code   RO          154    i.task_165_input_scan  main.o
    0x08006d8c   0x00000068   Code   RO          155    i.task_input_change_report  main.o
    0x08006df4   0x00000026   Code   RO          156    i.task_protocol_commands  main.o
    0x08006e1a   0x00000002   PAD
    0x08006e1c   0x00000030   Code   RO          157    i.task_protocol_v2_send  main.o
    0x08006e4c   0x0000002c   Code   RO          158    i.task_single_motor  main.o
    0x08006e78   0x00000064   Code   RO          160    i.task_uart_frames  main.o
    0x08006edc   0x00000098   Code   RO         1707    i.tim5_set_edge_freq  step_dma.o
    0x08006f74   0x00000094   Code   RO         1708    i.tim6_set_edge_freq  step_dma.o
    0x08007008   0x000000c8   Code   RO         1709    i.trap10_get_f      step_dma.o
    0x080070d0   0x000000c8   Code   RO         1710    i.trap_get_f        step_dma.o
    0x08007198   0x00000026   Data   RO         1322    .constdata          single_motor.o
    0x080071be   0x00000002   PAD
    0x080071c0   0x0000008c   Data   RO         1411    .constdata          reversible_motor.o
    0x0800724c   0x00000054   Data   RO         1977    .constdata          robot_arm.o
    0x080072a0   0x0000000c   Data   RO         2291    .constdata          robot_arm_sensor.o
    0x080072ac   0x00000020   Data   RO         3869    Region$$Table       anon$$obj.o


    Execution Region RW_IRAM1 (Base: 0x20000000, Size: 0x000039f0, Max: 0x00010000, ABSOLUTE, COMPRESSED[0x0000005c])

    Base Addr    Size         Type   Attr      Idx    E Section Name        Object

    0x20000000   0x00000004   Data   RW          110    .data               delay.o
    0x20000004   0x00000054   Data   RW          161    .data               main.o
    0x20000058   0x0000004b   Data   RW          371    .data               usart.o
    0x200000a3   0x00000002   Data   RW          559    .data               shift_register_input.o
    0x200000a5   0x00000004   Data   RW          591    .data               shift_register.o
    0x200000a9   0x00000001   Data   RW          623    .data               spi_helper.o
    0x200000aa   0x00000002   PAD
    0x200000ac   0x0000009d   Data   RW          690    .data               protocol.o
    0x20000149   0x00000006   Data   RW          892    .data               protocol_v2.o
    0x2000014f   0x00000001   PAD
    0x20000150   0x0000001b   Data   RW         1022    .data               robot_arm_protocol.o
    0x2000016b   0x00000001   PAD
    0x2000016c   0x00000061   Data   RW         1277    .data               motor_ctrl.o
    0x200001cd   0x00000003   PAD
    0x200001d0   0x00000005   Data   RW         1323    .data               single_motor.o
    0x200001d5   0x00000003   PAD
    0x200001d8   0x00000005   Data   RW         1412    .data               reversible_motor.o
    0x200001dd   0x00000003   PAD
    0x200001e0   0x00000024   Data   RW         1516    .data               time.o
    0x20000204   0x0000002c   Data   RW         1712    .data               step_dma.o
    0x20000230   0x00000003   Data   RW         2292    .data               robot_arm_sensor.o
    0x20000233   0x00000001   PAD
    0x20000234   0x00000014   Data   RW         2330    .data               system_stm32f10x.o
    0x20000248   0x00000014   Data   RW         2542    .data               stm32f10x_rcc.o
    0x2000025c   0x00000482   Zero   RW          370    .bss                usart.o
    0x200006de   0x00000002   PAD
    0x200006e0   0x00001c18   Zero   RW          689    .bss                protocol.o
    0x200022f8   0x000000ac   Zero   RW          891    .bss                protocol_v2.o
    0x200023a4   0x000000a8   Zero   RW         1021    .bss                robot_arm_protocol.o
    0x2000244c   0x00000018   Zero   RW         1276    .bss                motor_ctrl.o
    0x20002464   0x000000e4   Zero   RW         1321    .bss                single_motor.o
    0x20002548   0x000000a0   Zero   RW         1410    .bss                reversible_motor.o
    0x200025e8   0x0000000a   Zero   RW         1515    .bss                time.o
    0x200025f2   0x00000002   PAD
    0x200025f4   0x00000c90   Zero   RW         1711    .bss                step_dma.o
    0x20003284   0x00000004   PAD
    0x20003288   0x00000108   Zero   RW         1976    .bss                robot_arm.o
    0x20003390   0x00000060   Zero   RW         3743    .bss                c_w.l(libspace.o)
    0x200033f0   0x00000200   Zero   RW         3655    HEAP                startup_stm32f10x_hd.o
    0x200035f0   0x00000400   Zero   RW         3654    STACK               startup_stm32f10x_hd.o


==============================================================================

Image component sizes


      Code (inc. data)   RO Data    RW Data    ZI Data      Debug   Object Name

        98          0          0          0          0     271545   clock.o
         0          0          0          0          0         32   core_cm3.o
       158         22          0          4          0       1651   delay.o
       770         96          0         84          0      17646   main.o
       144          8          0          0          0        552   max31855.o
       172         22          0          0          0       1997   misc.o
       188         14          0         97         24       2990   motor_ctrl.o
      2948        352          0        157       7192      19239   protocol.o
      1228        122          0          6        172      12596   protocol_v2.o
       260         14          0          0          0       1257   pwm.o
      1148         50        140          5        160      13807   reversible_motor.o
       116          0          0          0          0       2227   ringbuffer.o
      5980        236         84          0        264      37167   robot_arm.o
       374         10          0          0          0       3839   robot_arm_driver.o
      2104        154          0         27        168      12831   robot_arm_protocol.o
       132         36         12          3          0       2506   robot_arm_sensor.o
       140         14          0          4          0       2328   shift_register.o
       164         12          0          2          0       2515   shift_register_input.o
       720         56         38          5        228       9152   single_motor.o
       340         22          0          1          0       1240   spi_helper.o
        64         26        304          0       1536        804   startup_stm32f10x_hd.o
      4930        502          0         44       3216      28918   step_dma.o
       506         26          0          0          0       5039   stm32f10x_dma.o
       430          6          0          0          0       3790   stm32f10x_gpio.o
        26          0          0          0          0       3926   stm32f10x_it.o
       780        104          0         20          0      11410   stm32f10x_rcc.o
       142          0          0          0          0       4326   stm32f10x_spi.o
       620         52          0          0          0      11185   stm32f10x_tim.o
       348          6          0          0          0       4769   stm32f10x_usart.o
       328         28          0         20          0       2193   system_stm32f10x.o
       436         68          0         36         10       4759   time.o
      2122        274          0         75       1154      30700   usart.o

    ----------------------------------------------------------------------
     27958       2332        612        604      14132     528936   Object Totals
         0          0         32          0          0          0   (incl. Generated)
        42          0          2         14          8          0   (incl. Padding)

    ----------------------------------------------------------------------

      Code (inc. data)   RO Data    RW Data    ZI Data      Debug   Library Member Name

        90          0          0          0          0          0   __dczerorl2.o
         8          0          0          0          0         68   __main.o
         0          0          0          0          0          0   __rtentry.o
        12          0          0          0          0          0   __rtentry2.o
         6          0          0          0          0          0   __rtentry4.o
        52          8          0          0          0          0   __scatter.o
        28          0          0          0          0          0   __scatter_zi.o
        18          0          0          0          0         80   exit.o
         6          0          0          0          0        152   heapauxi.o
         0          0          0          0          0          0   indicate_semi.o
         2          0          0          0          0          0   libinit.o
         2          0          0          0          0          0   libinit2.o
         2          0          0          0          0          0   libshutdown.o
         2          0          0          0          0          0   libshutdown2.o
         8          4          0          0         96         68   libspace.o
       238          0          0          0          0        100   lludivv7m.o
       138          0          0          0          0         68   rt_memcpy_v6.o
       100          0          0          0          0         80   rt_memcpy_w.o
         2          0          0          0          0          0   rtexit.o
        10          0          0          0          0          0   rtexit2.o
        12          4          0          0          0         68   sys_exit.o
        74          0          0          0          0         80   sys_stackheap_outer.o
         2          0          0          0          0         68   use_no_semi.o

    ----------------------------------------------------------------------
       818         16          0          0         96        832   Library Totals
         6          0          0          0          0          0   (incl. Padding)

    ----------------------------------------------------------------------

      Code (inc. data)   RO Data    RW Data    ZI Data      Debug   Library Name

       812         16          0          0         96        832   c_w.l

    ----------------------------------------------------------------------
       818         16          0          0         96        832   Library Totals

    ----------------------------------------------------------------------

==============================================================================


      Code (inc. data)   RO Data    RW Data    ZI Data      Debug   

     28776       2348        612        604      14228     513332   Grand Totals
     28776       2348        612         92      14228     513332   ELF Image Totals (compressed)
     28776       2348        612         92          0          0   ROM Totals

==============================================================================

    Total RO  Size (Code + RO Data)                29388 (  28.70kB)
    Total RW  Size (RW Data + ZI Data)             14832 (  14.48kB)
    Total ROM Size (Code + RO Data + RW Data)      29480 (  28.79kB)

==============================================================================

